Archive member included to satisfy reference by file (symbol)

app/libapp.a(main.c.obj)      (--whole-archive)
app/libapp.a(ds18b20.c.obj)   (--whole-archive)
app/libapp.a(general.c.obj)   (--whole-archive)
/Users/olaoren/01_code/zephyrproject/projects/gorochu/build/zephyr/libzephyr.a(crc32c_sw.c.obj)
                              (--whole-archive)
/Users/olaoren/01_code/zephyrproject/projects/gorochu/build/zephyr/libzephyr.a(crc32_sw.c.obj)
                              (--whole-archive)
/Users/olaoren/01_code/zephyrproject/projects/gorochu/build/zephyr/libzephyr.a(crc16_sw.c.obj)
                              (--whole-archive)
/Users/olaoren/01_code/zephyrproject/projects/gorochu/build/zephyr/libzephyr.a(crc8_sw.c.obj)
                              (--whole-archive)
/Users/olaoren/01_code/zephyrproject/projects/gorochu/build/zephyr/libzephyr.a(crc7_sw.c.obj)
                              (--whole-archive)
/Users/olaoren/01_code/zephyrproject/projects/gorochu/build/zephyr/libzephyr.a(crc4_sw.c.obj)
                              (--whole-archive)
/Users/olaoren/01_code/zephyrproject/projects/gorochu/build/zephyr/libzephyr.a(cbprintf_packaged.c.obj)
                              (--whole-archive)
/Users/olaoren/01_code/zephyrproject/projects/gorochu/build/zephyr/libzephyr.a(dec.c.obj)
                              (--whole-archive)
/Users/olaoren/01_code/zephyrproject/projects/gorochu/build/zephyr/libzephyr.a(hex.c.obj)
                              (--whole-archive)
/Users/olaoren/01_code/zephyrproject/projects/gorochu/build/zephyr/libzephyr.a(printk.c.obj)
                              (--whole-archive)
/Users/olaoren/01_code/zephyrproject/projects/gorochu/build/zephyr/libzephyr.a(rb.c.obj)
                              (--whole-archive)
/Users/olaoren/01_code/zephyrproject/projects/gorochu/build/zephyr/libzephyr.a(sem.c.obj)
                              (--whole-archive)
/Users/olaoren/01_code/zephyrproject/projects/gorochu/build/zephyr/libzephyr.a(thread_entry.c.obj)
                              (--whole-archive)
/Users/olaoren/01_code/zephyrproject/projects/gorochu/build/zephyr/libzephyr.a(timeutil.c.obj)
                              (--whole-archive)
/Users/olaoren/01_code/zephyrproject/projects/gorochu/build/zephyr/libzephyr.a(heap.c.obj)
                              (--whole-archive)
/Users/olaoren/01_code/zephyrproject/projects/gorochu/build/zephyr/libzephyr.a(heap-validate.c.obj)
                              (--whole-archive)
/Users/olaoren/01_code/zephyrproject/projects/gorochu/build/zephyr/libzephyr.a(bitarray.c.obj)
                              (--whole-archive)
/Users/olaoren/01_code/zephyrproject/projects/gorochu/build/zephyr/libzephyr.a(multi_heap.c.obj)
                              (--whole-archive)
/Users/olaoren/01_code/zephyrproject/projects/gorochu/build/zephyr/libzephyr.a(cbprintf_complete.c.obj)
                              (--whole-archive)
/Users/olaoren/01_code/zephyrproject/projects/gorochu/build/zephyr/libzephyr.a(assert.c.obj)
                              (--whole-archive)
/Users/olaoren/01_code/zephyrproject/projects/gorochu/build/zephyr/libzephyr.a(configs.c.obj)
                              (--whole-archive)
/Users/olaoren/01_code/zephyrproject/projects/gorochu/build/zephyr/libzephyr.a(soc_m7.c.obj)
                              (--whole-archive)
/Users/olaoren/01_code/zephyrproject/projects/gorochu/build/zephyr/libzephyr.a(mpu_regions.c.obj)
                              (--whole-archive)
/Users/olaoren/01_code/zephyrproject/projects/gorochu/build/zephyr/libzephyr.a(stm32cube_hal.c.obj)
                              (--whole-archive)
/Users/olaoren/01_code/zephyrproject/projects/gorochu/build/zephyr/libzephyr.a(soc_config.c.obj)
                              (--whole-archive)
/Users/olaoren/01_code/zephyrproject/projects/gorochu/build/zephyr/libzephyr.a(log_core.c.obj)
                              (--whole-archive)
/Users/olaoren/01_code/zephyrproject/projects/gorochu/build/zephyr/libzephyr.a(log_mgmt.c.obj)
                              (--whole-archive)
/Users/olaoren/01_code/zephyrproject/projects/gorochu/build/zephyr/libzephyr.a(log_cache.c.obj)
                              (--whole-archive)
/Users/olaoren/01_code/zephyrproject/projects/gorochu/build/zephyr/libzephyr.a(log_msg.c.obj)
                              (--whole-archive)
/Users/olaoren/01_code/zephyrproject/projects/gorochu/build/zephyr/libzephyr.a(log_output.c.obj)
                              (--whole-archive)
/Users/olaoren/01_code/zephyrproject/projects/gorochu/build/zephyr/libzephyr.a(log_backend_uart.c.obj)
                              (--whole-archive)
/Users/olaoren/01_code/zephyrproject/projects/gorochu/build/zephyr/libzephyr.a(mem_attr.c.obj)
                              (--whole-archive)
/Users/olaoren/01_code/zephyrproject/projects/gorochu/build/zephyr/libzephyr.a(tracing_none.c.obj)
                              (--whole-archive)
[...]
Memory Configuration

Name             Origin             Length             Attributes
FLASH            0x0000000008000000 0x0000000000100000 xr
RAM              0x0000000024000000 0x0000000000050000 xw
BACKUP_SRAM      0x0000000038800000 0x0000000000001000
QSPI             0x0000000090000000 0x0000000010000000
SRAM1            0x0000000030000000 0x0000000000004000
SRAM2            0x0000000030004000 0x0000000000004000
SRAM4            0x0000000038000000 0x0000000000004000
DTCM             0x0000000020000000 0x0000000000020000
ITCM             0x0000000000000000 0x0000000000010000
IDT_LIST         0x00000000fffff7ff 0x0000000000000800 xw
*default*        0x0000000000000000 0xffffffffffffffff

Linker script and memory map

                0x0000000008008cdc                vfprintf = __i_vfprintf
                0x0000000000000000                vfscanf = __i_vfscanf
LOAD /Users/olaoren/01_code/zephyrproject/projects/gorochu/build/zephyr/CMakeFiles/zephyr_pre0.dir/misc/empty_file.c.obj
LOAD /Users/olaoren/01_code/zephyrproject/projects/gorochu/build/zephyr/CMakeFiles/offsets.dir/./arch/arm/core/offsets/offsets.c.obj
LOAD app/libapp.a
LOAD /Users/olaoren/01_code/zephyrproject/projects/gorochu/build/zephyr/libzephyr.a
LOAD /Users/olaoren/01_code/zephyrproject/projects/gorochu/build/zephyr/arch/common/libarch__common.a
LOAD /Users/olaoren/01_code/zephyrproject/projects/gorochu/build/zephyr/arch/arch/arm/core/libarch__arm__core.a
LOAD /Users/olaoren/01_code/zephyrproject/projects/gorochu/build/zephyr/arch/arch/arm/core/cortex_m/libarch__arm__core__cortex_m.a
LOAD /Users/olaoren/01_code/zephyrproject/projects/gorochu/build/zephyr/arch/arch/arm/core/mpu/libarch__arm__core__mpu.a
LOAD /Users/olaoren/01_code/zephyrproject/projects/gorochu/build/zephyr/lib/libc/picolibc/liblib__libc__picolibc.a
LOAD /Users/olaoren/01_code/zephyrproject/projects/gorochu/build/zephyr/lib/libc/common/liblib__libc__common.a
LOAD /Users/olaoren/01_code/zephyrproject/projects/gorochu/build/zephyr/subsys/random/libsubsys__random.a
LOAD /Users/olaoren/01_code/zephyrproject/projects/gorochu/build/zephyr/subsys/net/libsubsys__net.a
LOAD /Users/olaoren/01_code/zephyrproject/projects/gorochu/build/zephyr/subsys/net/l2/ethernet/libsubsys__net__l2__ethernet.a
LOAD /Users/olaoren/01_code/zephyrproject/projects/gorochu/build/zephyr/subsys/net/ip/libsubsys__net__ip.a
LOAD /Users/olaoren/01_code/zephyrproject/projects/gorochu/build/zephyr/drivers/interrupt_controller/libdrivers__interrupt_controller.a
LOAD /Users/olaoren/01_code/zephyrproject/projects/gorochu/build/zephyr/drivers/clock_control/libdrivers__clock_control.a
LOAD /Users/olaoren/01_code/zephyrproject/projects/gorochu/build/zephyr/drivers/console/libdrivers__console.a
LOAD /Users/olaoren/01_code/zephyrproject/projects/gorochu/build/zephyr/drivers/entropy/libdrivers__entropy.a
LOAD /Users/olaoren/01_code/zephyrproject/projects/gorochu/build/zephyr/drivers/gpio/libdrivers__gpio.a
LOAD /Users/olaoren/01_code/zephyrproject/projects/gorochu/build/zephyr/drivers/hwinfo/libdrivers__hwinfo.a
LOAD /Users/olaoren/01_code/zephyrproject/projects/gorochu/build/zephyr/drivers/ethernet/libdrivers__ethernet.a
LOAD /Users/olaoren/01_code/zephyrproject/projects/gorochu/build/zephyr/drivers/pinctrl/libdrivers__pinctrl.a
LOAD /Users/olaoren/01_code/zephyrproject/projects/gorochu/build/zephyr/drivers/reset/libdrivers__reset.a
LOAD /Users/olaoren/01_code/zephyrproject/projects/gorochu/build/zephyr/drivers/sensor/ds18b20/libdrivers__sensor__ds18b20.a
LOAD /Users/olaoren/01_code/zephyrproject/projects/gorochu/build/zephyr/drivers/serial/libdrivers__serial.a
LOAD /Users/olaoren/01_code/zephyrproject/projects/gorochu/build/zephyr/drivers/timer/libdrivers__timer.a
LOAD /Users/olaoren/01_code/zephyrproject/projects/gorochu/build/zephyr/drivers/w1/libdrivers__w1.a
LOAD modules/stm32/stm32cube/lib..__modules__hal__stm32__stm32cube.a
LOAD /Users/olaoren/01_code/zephyrproject/projects/gorochu/build/zephyr/kernel/libkernel.a
LOAD /Users/olaoren/zephyr-sdk-0.16.3/arm-zephyr-eabi/bin/../lib/gcc/arm-zephyr-eabi/12.2.0/thumb/v7e-m/nofp/libgcc.a
LOAD /Users/olaoren/01_code/zephyrproject/projects/gorochu/build/zephyr/arch/common/libisr_tables.a
LOAD /Users/olaoren/zephyr-sdk-0.16.3/arm-zephyr-eabi/bin/../lib/gcc/../../picolibc/arm-zephyr-eabi/lib/thumb/v7e-m/nofp/libc.a
LOAD /Users/olaoren/zephyr-sdk-0.16.3/arm-zephyr-eabi/bin/../lib/gcc/arm-zephyr-eabi/12.2.0/thumb/v7e-m/nofp/libgcc.a
                0x0000000000000020                _region_min_align = 0x20

.rel.plt        0x0000000008000000        0x0
 *(SORT_BY_ALIGNMENT(.rel.plt))
                [!provide]                        PROVIDE (__rel_iplt_start = .)
 *(SORT_BY_ALIGNMENT(.rel.iplt))
 .rel.iplt      0x0000000008000000        0x0 app/libapp.a(main.c.obj)
                [!provide]                        PROVIDE (__rel_iplt_end = .)

.rela.plt       0x0000000000000000        0x0
 *(SORT_BY_ALIGNMENT(.rela.plt))
                [!provide]                        PROVIDE (__rela_iplt_start = .)
 *(SORT_BY_ALIGNMENT(.rela.iplt))
                [!provide]                        PROVIDE (__rela_iplt_end = .)

.rel.dyn
 *(SORT_BY_ALIGNMENT(.rel.*))

.rela.dyn
 *(SORT_BY_ALIGNMENT(.rela.*))

/DISCARD/
 *(SORT_BY_ALIGNMENT(.plt))

/DISCARD/
 *(SORT_BY_ALIGNMENT(.iplt))
                0x0000000008000000                __rom_region_start = 0x8000000

rom_start       0x0000000008000000      0x2cc
                0x0000000008000000                __rom_start_address = .
 FILL mask 0x00
                0x0000000008000000                . = (. + (0x0 - (. - __rom_start_address)))
                0x0000000008000000                . = ALIGN (0x4)
                0x0000000008000000                . = ALIGN (0x80)
                0x0000000008000000                . = ALIGN (0x400)
                0x0000000008000000                _vector_start = .
 *(SORT_BY_ALIGNMENT(.exc_vector_table))
 *(SORT_BY_ALIGNMENT(.exc_vector_table.*))
 .exc_vector_table._vector_table_section
                0x0000000008000000       0x40 /Users/olaoren/01_code/zephyrproject/projects/gorochu/build/zephyr/arch/arch/arm/core/cortex_m/libarch__arm__core__cortex_m.a(vector_table.S.obj)
                0x0000000008000000                _vector_table
 *(SORT_BY_ALIGNMENT(.vectors))
                0x00000000080002cc                _vector_end = .
                0x0000000008000040                . = ALIGN (0x4)
 *(SORT_BY_ALIGNMENT(.gnu.linkonce.irq_vector_table*))
 .gnu.linkonce.irq_vector_table
                0x0000000008000040      0x28c /Users/olaoren/01_code/zephyrproject/projects/gorochu/build/zephyr/arch/common/libisr_tables.a(isr_tables.c.obj)
                0x0000000008000040                _irq_vector_table
                0x00000000080002cc                _vector_end = .

text            0x00000000080002cc     0xd374
                0x00000000080002cc                __text_region_start = .
 *(SORT_BY_ALIGNMENT(.text))
 .text          0x00000000080002cc      0x21c /Users/olaoren/zephyr-sdk-0.16.3/arm-zephyr-eabi/bin/../lib/gcc/arm-zephyr-eabi/12.2.0/thumb/v7e-m/nofp/libgcc.a(_arm_addsubsf3.o)
                0x00000000080002cc                __aeabi_frsub
                0x00000000080002d4                __aeabi_fsub
                0x00000000080002d4                __subsf3
                0x00000000080002d8                __aeabi_fadd
                0x00000000080002d8                __addsf3
                0x0000000008000438                __aeabi_ui2f
                0x0000000008000438                __floatunsisf
                0x0000000008000440                __floatsisf
                0x0000000008000440                __aeabi_i2f
                0x000000000800045c                __aeabi_ul2f
                0x000000000800045c                __floatundisf
                0x000000000800046c                __aeabi_l2f
                0x000000000800046c                __floatdisf
 .text          0x00000000080004e8      0x2a0 /Users/olaoren/zephyr-sdk-0.16.3/arm-zephyr-eabi/bin/../lib/gcc/arm-zephyr-eabi/12.2.0/thumb/v7e-m/nofp/libgcc.a(_arm_muldivsf3.o)
                0x00000000080004e8                __mulsf3
                0x00000000080004e8                __aeabi_fmul
                0x0000000008000650                __divsf3
                0x0000000008000650                __aeabi_fdiv
 .text          0x0000000008000788       0x40 /Users/olaoren/zephyr-sdk-0.16.3/arm-zephyr-eabi/bin/../lib/gcc/arm-zephyr-eabi/12.2.0/thumb/v7e-m/nofp/libgcc.a(_arm_fixunssfsi.o)
                0x0000000008000788                __aeabi_f2uiz
                0x0000000008000788                __fixunssfsi
 .text          0x00000000080007c8       0xa0 /Users/olaoren/zephyr-sdk-0.16.3/arm-zephyr-eabi/bin/../lib/gcc/arm-zephyr-eabi/12.2.0/thumb/v7e-m/nofp/libgcc.a(_aeabi_ldivmod.o)
                0x00000000080007c8                __aeabi_ldivmod
 .text          0x0000000008000868       0x30 /Users/olaoren/zephyr-sdk-0.16.3/arm-zephyr-eabi/bin/../lib/gcc/arm-zephyr-eabi/12.2.0/thumb/v7e-m/nofp/libgcc.a(_aeabi_uldivmod.o)
                0x0000000008000868                __aeabi_uldivmod
 .text          0x0000000008000898        0x4 /Users/olaoren/zephyr-sdk-0.16.3/arm-zephyr-eabi/bin/../lib/gcc/arm-zephyr-eabi/12.2.0/thumb/v7e-m/nofp/libgcc.a(_dvmd_tls.o)
                0x0000000008000898                __aeabi_ldiv0
                0x0000000008000898                __aeabi_idiv0
 .text          0x000000000800089c      0x2a0 /Users/olaoren/zephyr-sdk-0.16.3/arm-zephyr-eabi/bin/../lib/gcc/arm-zephyr-eabi/12.2.0/thumb/v7e-m/nofp/libgcc.a(_udivmoddi4.o)
                0x000000000800089c                __udivmoddi4
 .text          0x0000000008000b3c       0x10 /Users/olaoren/zephyr-sdk-0.16.3/arm-zephyr-eabi/bin/../lib/gcc/../../picolibc/arm-zephyr-eabi/lib/thumb/v7e-m/nofp/libc.a(strlen.S.o)
                0x0000000008000b3c                strlen
 *(SORT_BY_ALIGNMENT(.text.*))
 .text.dhcp_handler
                0x0000000008000b4c       0x68 app/libapp.a(main.c.obj)
 .text.main     0x0000000008000bb4      0x13c app/libapp.a(main.c.obj)
                0x0000000008000bb4                main
 .text.get_ds18b20_device
                0x0000000008000cf0       0x30 app/libapp.a(ds18b20.c.obj)
                0x0000000008000cf0                get_ds18b20_device
 .text.z_log_msg_runtime_create.constprop.0
                0x0000000008000d20       0x24 app/libapp.a(general.c.obj)
 .text.store_mac_address
                0x0000000008000d44       0x58 app/libapp.a(general.c.obj)
                0x0000000008000d44                store_mac_address
 .text.cbvprintf_package
                0x0000000008000d9c      0x3a4 /Users/olaoren/01_code/zephyrproject/projects/gorochu/build/zephyr/libzephyr.a(cbprintf_packaged.c.obj)
                0x0000000008000d9c                cbvprintf_package
 .text.__printk_hook_install
                0x0000000008001140        0xc /Users/olaoren/01_code/zephyrproject/projects/gorochu/build/zephyr/libzephyr.a(printk.c.obj)
                0x0000000008001140                __printk_hook_install
 .text.z_thread_entry
                0x000000000800114c       0x34 /Users/olaoren/01_code/zephyrproject/projects/gorochu/build/zephyr/libzephyr.a(thread_entry.c.obj)
                0x000000000800114c                z_thread_entry
 .text.stm32h7_init
                0x0000000008001180       0xe4 /Users/olaoren/01_code/zephyrproject/projects/gorochu/build/zephyr/libzephyr.a(soc_m7.c.obj)
 .text.z_log_init.isra.0
                0x0000000008001264       0xcc /Users/olaoren/01_code/zephyrproject/projects/gorochu/build/zephyr/libzephyr.a(log_core.c.obj)
 .text.log_format_func_t_get
                0x0000000008001330        0xc /Users/olaoren/01_code/zephyrproject/projects/gorochu/build/zephyr/libzephyr.a(log_core.c.obj)
                0x0000000008001330                log_format_func_t_get
 .text.log_set_timestamp_func
                0x000000000800133c       0x20 /Users/olaoren/01_code/zephyrproject/projects/gorochu/build/zephyr/libzephyr.a(log_core.c.obj)
                0x000000000800133c                log_set_timestamp_func
 .text.log_core_init
                0x000000000800135c       0x28 /Users/olaoren/01_code/zephyrproject/projects/gorochu/build/zephyr/libzephyr.a(log_core.c.obj)
                0x000000000800135c                log_core_init
 .text.z_impl_log_panic
                0x0000000008001384       0x3c /Users/olaoren/01_code/zephyrproject/projects/gorochu/build/zephyr/libzephyr.a(log_core.c.obj)
                0x0000000008001384                z_impl_log_panic
 .text.z_log_dropped
                0x00000000080013c0       0x30 /Users/olaoren/01_code/zephyrproject/projects/gorochu/build/zephyr/libzephyr.a(log_core.c.obj)
                0x00000000080013c0                z_log_dropped
 .text.z_log_msg_commit
                0x00000000080013f0       0x38 /Users/olaoren/01_code/zephyrproject/projects/gorochu/build/zephyr/libzephyr.a(log_core.c.obj)
                0x00000000080013f0                z_log_msg_commit
 .text.log_source_name_get
                0x0000000008001428       0x1c /Users/olaoren/01_code/zephyrproject/projects/gorochu/build/zephyr/libzephyr.a(log_mgmt.c.obj)
                0x0000000008001428                log_source_name_get
 .text.log_backend_enable
                0x0000000008001444       0x28 /Users/olaoren/01_code/zephyrproject/projects/gorochu/build/zephyr/libzephyr.a(log_mgmt.c.obj)
                0x0000000008001444                log_backend_enable
 .text.z_impl_z_log_msg_runtime_vcreate
                0x000000000800146c       0x8c /Users/olaoren/01_code/zephyrproject/projects/gorochu/build/zephyr/libzephyr.a(log_msg.c.obj)
                0x000000000800146c                z_impl_z_log_msg_runtime_vcreate
 .text.print_formatted
                0x00000000080014f8       0x24 /Users/olaoren/01_code/zephyrproject/projects/gorochu/build/zephyr/libzephyr.a(log_output.c.obj)
 .text.newline_print
                0x000000000800151c       0x1c /Users/olaoren/01_code/zephyrproject/projects/gorochu/build/zephyr/libzephyr.a(log_output.c.obj)
 .text.log_output_process
                0x0000000008001538      0x2a8 /Users/olaoren/01_code/zephyrproject/projects/gorochu/build/zephyr/libzephyr.a(log_output.c.obj)
                0x0000000008001538                log_output_process
 .text.log_output_msg_process
                0x00000000080017e0       0x70 /Users/olaoren/01_code/zephyrproject/projects/gorochu/build/zephyr/libzephyr.a(log_output.c.obj)
                0x00000000080017e0                log_output_msg_process
 .text.log_output_timestamp_freq_set
                0x0000000008001850       0x2c /Users/olaoren/01_code/zephyrproject/projects/gorochu/build/zephyr/libzephyr.a(log_output.c.obj)
                0x0000000008001850                log_output_timestamp_freq_set
 .text.char_out
                0x000000000800187c       0x24 /Users/olaoren/01_code/zephyrproject/projects/gorochu/build/zephyr/libzephyr.a(log_backend_uart.c.obj)
 .text.mem_attr_get_regions
                0x00000000080018a0        0xc /Users/olaoren/01_code/zephyrproject/projects/gorochu/build/zephyr/libzephyr.a(mem_attr.c.obj)
                0x00000000080018a0                mem_attr_get_regions
 .text.z_arm_fatal_error
                0x00000000080018ac       0xa0 /Users/olaoren/01_code/zephyrproject/projects/gorochu/build/zephyr/arch/arch/arm/core/libarch__arm__core.a(fatal.c.obj)
                0x00000000080018ac                z_arm_fatal_error
 .text.z_SysNmiOnReset
                0x000000000800194c        0x8 /Users/olaoren/01_code/zephyrproject/projects/gorochu/build/zephyr/arch/arch/arm/core/libarch__arm__core.a(nmi_on_reset.S.obj)
                0x000000000800194c                z_SysNmiOnReset
 .text.arch_tls_stack_setup
                0x0000000008001954       0x5c /Users/olaoren/01_code/zephyrproject/projects/gorochu/build/zephyr/arch/arch/arm/core/libarch__arm__core.a(tls.c.obj)
                0x0000000008001954                arch_tls_stack_setup
 .text._HandlerModeExit
                0x00000000080019b0       0x1c /Users/olaoren/01_code/zephyrproject/projects/gorochu/build/zephyr/arch/arch/arm/core/cortex_m/libarch__arm__core__cortex_m.a(exc_exit.S.obj)
                0x00000000080019b0                z_arm_exc_exit
                0x00000000080019b0                z_arm_int_exit
 .text.bus_fault.constprop.0
                0x00000000080019cc      0x13c /Users/olaoren/01_code/zephyrproject/projects/gorochu/build/zephyr/arch/arch/arm/core/cortex_m/libarch__arm__core__cortex_m.a(fault.c.obj)
 .text.usage_fault.constprop.0
                0x0000000008001b08      0x108 /Users/olaoren/01_code/zephyrproject/projects/gorochu/build/zephyr/arch/arch/arm/core/cortex_m/libarch__arm__core__cortex_m.a(fault.c.obj)
 .text.mem_manage_fault
                0x0000000008001c10      0x164 /Users/olaoren/01_code/zephyrproject/projects/gorochu/build/zephyr/arch/arch/arm/core/cortex_m/libarch__arm__core__cortex_m.a(fault.c.obj)
 .text.z_arm_fault
                0x0000000008001d74      0x210 /Users/olaoren/01_code/zephyrproject/projects/gorochu/build/zephyr/arch/arch/arm/core/cortex_m/libarch__arm__core__cortex_m.a(fault.c.obj)
                0x0000000008001d74                z_arm_fault
 .text.z_arm_fault_init
                0x0000000008001f84       0x10 /Users/olaoren/01_code/zephyrproject/projects/gorochu/build/zephyr/arch/arch/arm/core/cortex_m/libarch__arm__core__cortex_m.a(fault.c.obj)
                0x0000000008001f84                z_arm_fault_init
 .text.__fault  0x0000000008001f94       0x14 /Users/olaoren/01_code/zephyrproject/projects/gorochu/build/zephyr/arch/arch/arm/core/cortex_m/libarch__arm__core__cortex_m.a(fault_s.S.obj)
                0x0000000008001f94                z_arm_bus_fault
                0x0000000008001f94                z_arm_usage_fault
                0x0000000008001f94                z_arm_mpu_fault
                0x0000000008001f94                z_arm_exc_spurious
                0x0000000008001f94                z_arm_debug_monitor
                0x0000000008001f94                z_arm_hard_fault
 .text._reset_section
                0x0000000008001fa8       0x2c /Users/olaoren/01_code/zephyrproject/projects/gorochu/build/zephyr/arch/arch/arm/core/cortex_m/libarch__arm__core__cortex_m.a(reset.S.obj)
                0x0000000008001fa8                z_arm_reset
                0x0000000008001fa8                __start
 .text.z_impl_k_thread_abort
                0x0000000008001fd4       0x2c /Users/olaoren/01_code/zephyrproject/projects/gorochu/build/zephyr/arch/arch/arm/core/cortex_m/libarch__arm__core__cortex_m.a(thread_abort.c.obj)
                0x0000000008001fd4                z_impl_k_thread_abort
 .text.arch_swap
                0x0000000008002000       0x30 /Users/olaoren/01_code/zephyrproject/projects/gorochu/build/zephyr/arch/arch/arm/core/cortex_m/libarch__arm__core__cortex_m.a(swap.c.obj)
                0x0000000008002000                arch_swap
 .text.z_arm_pendsv
                0x0000000008002030       0x64 /Users/olaoren/01_code/zephyrproject/projects/gorochu/build/zephyr/arch/arch/arm/core/cortex_m/libarch__arm__core__cortex_m.a(swap_helper.S.obj)
                0x0000000008002030                z_arm_pendsv
 .text.z_arm_svc
                0x0000000008002094       0x20 /Users/olaoren/01_code/zephyrproject/projects/gorochu/build/zephyr/arch/arch/arm/core/cortex_m/libarch__arm__core__cortex_m.a(swap_helper.S.obj)
                0x0000000008002094                z_arm_svc
 .text.arch_irq_enable
                0x00000000080020b4       0x1c /Users/olaoren/01_code/zephyrproject/projects/gorochu/build/zephyr/arch/arch/arm/core/cortex_m/libarch__arm__core__cortex_m.a(irq_manage.c.obj)
                0x00000000080020b4                arch_irq_enable
 .text.arch_irq_disable
                0x00000000080020d0       0x28 /Users/olaoren/01_code/zephyrproject/projects/gorochu/build/zephyr/arch/arch/arm/core/cortex_m/libarch__arm__core__cortex_m.a(irq_manage.c.obj)
                0x00000000080020d0                arch_irq_disable
 .text.arch_irq_is_enabled
                0x00000000080020f8       0x1c /Users/olaoren/01_code/zephyrproject/projects/gorochu/build/zephyr/arch/arch/arm/core/cortex_m/libarch__arm__core__cortex_m.a(irq_manage.c.obj)
                0x00000000080020f8                arch_irq_is_enabled
 .text.z_arm_irq_priority_set
                0x0000000008002114       0x2c /Users/olaoren/01_code/zephyrproject/projects/gorochu/build/zephyr/arch/arch/arm/core/cortex_m/libarch__arm__core__cortex_m.a(irq_manage.c.obj)
                0x0000000008002114                z_arm_irq_priority_set
 .text.z_arm_prep_c
                0x0000000008002140       0x48 /Users/olaoren/01_code/zephyrproject/projects/gorochu/build/zephyr/arch/arch/arm/core/cortex_m/libarch__arm__core__cortex_m.a(prep_c.c.obj)
                0x0000000008002140                z_arm_prep_c
 .text.arch_new_thread
                0x0000000008002188       0x2c /Users/olaoren/01_code/zephyrproject/projects/gorochu/build/zephyr/arch/arch/arm/core/cortex_m/libarch__arm__core__cortex_m.a(thread.c.obj)
                0x0000000008002188                arch_new_thread
 .text.z_check_thread_stack_fail
                0x00000000080021b4       0x2c /Users/olaoren/01_code/zephyrproject/projects/gorochu/build/zephyr/arch/arch/arm/core/cortex_m/libarch__arm__core__cortex_m.a(thread.c.obj)
                0x00000000080021b4                z_check_thread_stack_fail
 .text.arch_switch_to_main_thread
                0x00000000080021e0       0x38 /Users/olaoren/01_code/zephyrproject/projects/gorochu/build/zephyr/arch/arch/arm/core/cortex_m/libarch__arm__core__cortex_m.a(thread.c.obj)
                0x00000000080021e0                arch_switch_to_main_thread
 .text.z_arm_cpu_idle_init
                0x0000000008002218        0xc /Users/olaoren/01_code/zephyrproject/projects/gorochu/build/zephyr/arch/arch/arm/core/cortex_m/libarch__arm__core__cortex_m.a(cpu_idle.S.obj)
                0x0000000008002218                z_arm_cpu_idle_init
 .text.arch_cpu_idle
                0x0000000008002224       0x1c /Users/olaoren/01_code/zephyrproject/projects/gorochu/build/zephyr/arch/arch/arm/core/cortex_m/libarch__arm__core__cortex_m.a(cpu_idle.S.obj)
                0x0000000008002224                arch_cpu_idle
 .text.z_arm_interrupt_init
                0x0000000008002240       0x18 /Users/olaoren/01_code/zephyrproject/projects/gorochu/build/zephyr/arch/arch/arm/core/cortex_m/libarch__arm__core__cortex_m.a(irq_init.c.obj)
                0x0000000008002240                z_arm_interrupt_init
 .text._isr_wrapper
                0x0000000008002258       0x28 /Users/olaoren/01_code/zephyrproject/projects/gorochu/build/zephyr/arch/arch/arm/core/cortex_m/libarch__arm__core__cortex_m.a(isr_wrapper.S.obj)
                0x0000000008002258                _isr_wrapper
 .text.z_arm_configure_static_mpu_regions
                0x0000000008002280       0x18 /Users/olaoren/01_code/zephyrproject/projects/gorochu/build/zephyr/arch/arch/arm/core/mpu/libarch__arm__core__mpu.a(arm_core_mpu.c.obj)
                0x0000000008002280                z_arm_configure_static_mpu_regions
 .text.z_arm_configure_dynamic_mpu_regions
                0x0000000008002298       0x20 /Users/olaoren/01_code/zephyrproject/projects/gorochu/build/zephyr/arch/arch/arm/core/mpu/libarch__arm__core__mpu.a(arm_core_mpu.c.obj)
                0x0000000008002298                z_arm_configure_dynamic_mpu_regions
 .text.region_allocate_and_init
                0x00000000080022b8       0x54 /Users/olaoren/01_code/zephyrproject/projects/gorochu/build/zephyr/arch/arch/arm/core/mpu/libarch__arm__core__mpu.a(arm_mpu.c.obj)
 .text.mpu_configure_regions
                0x000000000800230c       0x74 /Users/olaoren/01_code/zephyrproject/projects/gorochu/build/zephyr/arch/arch/arm/core/mpu/libarch__arm__core__mpu.a(arm_mpu.c.obj)
 .text.arm_core_mpu_enable
                0x0000000008002380       0x18 /Users/olaoren/01_code/zephyrproject/projects/gorochu/build/zephyr/arch/arch/arm/core/mpu/libarch__arm__core__mpu.a(arm_mpu.c.obj)
                0x0000000008002380                arm_core_mpu_enable
 .text.arm_core_mpu_disable
                0x0000000008002398       0x14 /Users/olaoren/01_code/zephyrproject/projects/gorochu/build/zephyr/arch/arch/arm/core/mpu/libarch__arm__core__mpu.a(arm_mpu.c.obj)
                0x0000000008002398                arm_core_mpu_disable
 .text.arm_core_mpu_configure_static_mpu_regions
                0x00000000080023ac       0x14 /Users/olaoren/01_code/zephyrproject/projects/gorochu/build/zephyr/arch/arch/arm/core/mpu/libarch__arm__core__mpu.a(arm_mpu.c.obj)
                0x00000000080023ac                arm_core_mpu_configure_static_mpu_regions
 .text.arm_core_mpu_configure_dynamic_mpu_regions
                0x00000000080023c0       0x30 /Users/olaoren/01_code/zephyrproject/projects/gorochu/build/zephyr/arch/arch/arm/core/mpu/libarch__arm__core__mpu.a(arm_mpu.c.obj)
                0x00000000080023c0                arm_core_mpu_configure_dynamic_mpu_regions
 .text.z_arm_mpu_init
                0x00000000080023f0      0x1ac /Users/olaoren/01_code/zephyrproject/projects/gorochu/build/zephyr/arch/arch/arm/core/mpu/libarch__arm__core__mpu.a(arm_mpu.c.obj)
                0x00000000080023f0                z_arm_mpu_init
 .text.z_impl_zephyr_fputc
                0x000000000800259c       0x10 /Users/olaoren/01_code/zephyrproject/projects/gorochu/build/zephyr/lib/libc/picolibc/liblib__libc__picolibc.a(libc-hooks.c.obj)
                0x000000000800259c                z_impl_zephyr_fputc
 .text.__stdout_hook_install
                0x00000000080025ac       0x18 /Users/olaoren/01_code/zephyrproject/projects/gorochu/build/zephyr/lib/libc/picolibc/liblib__libc__picolibc.a(libc-hooks.c.obj)
                0x00000000080025ac                __stdout_hook_install
 .text.cbvprintf
                0x00000000080025c4       0x38 /Users/olaoren/01_code/zephyrproject/projects/gorochu/build/zephyr/lib/libc/picolibc/liblib__libc__picolibc.a(libc-hooks.c.obj)
                0x00000000080025c4                cbvprintf
 .text.malloc_prepare
                0x00000000080025fc       0x24 /Users/olaoren/01_code/zephyrproject/projects/gorochu/build/zephyr/lib/libc/common/liblib__libc__common.a(malloc.c.obj)
 .text.z_impl_sys_rand32_get
                0x0000000008002620       0x28 /Users/olaoren/01_code/zephyrproject/projects/gorochu/build/zephyr/subsys/random/libsubsys__random.a(rand32_entropy_device.c.obj)
                0x0000000008002620                z_impl_sys_rand32_get
 .text.net_buf_destroy
                0x0000000008002648       0x38 /Users/olaoren/01_code/zephyrproject/projects/gorochu/build/zephyr/subsys/net/libsubsys__net.a(buf.c.obj)
 .text.net_buf_id
                0x0000000008002680       0x20 /Users/olaoren/01_code/zephyrproject/projects/gorochu/build/zephyr/subsys/net/libsubsys__net.a(buf.c.obj)
                0x0000000008002680                net_buf_id
 .text.fixed_data_alloc
                0x00000000080026a0       0x30 /Users/olaoren/01_code/zephyrproject/projects/gorochu/build/zephyr/subsys/net/libsubsys__net.a(buf.c.obj)
 .text.net_buf_alloc_len
                0x00000000080026d0       0xf4 /Users/olaoren/01_code/zephyrproject/projects/gorochu/build/zephyr/subsys/net/libsubsys__net.a(buf.c.obj)
                0x00000000080026d0                net_buf_alloc_len
 .text.net_buf_unref
                0x00000000080027c4       0x38 /Users/olaoren/01_code/zephyrproject/projects/gorochu/build/zephyr/subsys/net/libsubsys__net.a(buf.c.obj)
                0x00000000080027c4                net_buf_unref
 .text.net_eth_broadcast_addr
                0x00000000080027fc        0x8 /Users/olaoren/01_code/zephyrproject/projects/gorochu/build/zephyr/subsys/net/l2/ethernet/libsubsys__net__l2__ethernet.a(ethernet.c.obj)
                0x00000000080027fc                net_eth_broadcast_addr
 .text.ethernet_send
                0x0000000008002804      0x180 /Users/olaoren/01_code/zephyrproject/projects/gorochu/build/zephyr/subsys/net/l2/ethernet/libsubsys__net__l2__ethernet.a(ethernet.c.obj)
 .text.ethernet_init
                0x0000000008002984       0x40 /Users/olaoren/01_code/zephyrproject/projects/gorochu/build/zephyr/subsys/net/l2/ethernet/libsubsys__net__l2__ethernet.a(ethernet.c.obj)
                0x0000000008002984                ethernet_init
 .text.z_log_msg_runtime_create.constprop.0
                0x00000000080029c4       0x24 /Users/olaoren/01_code/zephyrproject/projects/gorochu/build/zephyr/subsys/net/l2/ethernet/libsubsys__net__l2__ethernet.a(arp.c.obj)
 .text.arp_entry_get_last_from_table
                0x00000000080029e8       0x28 /Users/olaoren/01_code/zephyrproject/projects/gorochu/build/zephyr/subsys/net/l2/ethernet/libsubsys__net__l2__ethernet.a(arp.c.obj)
 .text.arp_request_timeout
                0x0000000008002a10       0xa8 /Users/olaoren/01_code/zephyrproject/projects/gorochu/build/zephyr/subsys/net/l2/ethernet/libsubsys__net__l2__ethernet.a(arp.c.obj)
 .text.arp_update
                0x0000000008002ab8      0x19c /Users/olaoren/01_code/zephyrproject/projects/gorochu/build/zephyr/subsys/net/l2/ethernet/libsubsys__net__l2__ethernet.a(arp.c.obj)
 .text.net_arp_prepare
                0x0000000008002c54      0x20c /Users/olaoren/01_code/zephyrproject/projects/gorochu/build/zephyr/subsys/net/l2/ethernet/libsubsys__net__l2__ethernet.a(arp.c.obj)
                0x0000000008002c54                net_arp_prepare
 .text.net_arp_clear_cache
                0x0000000008002e60       0xd0 /Users/olaoren/01_code/zephyrproject/projects/gorochu/build/zephyr/subsys/net/l2/ethernet/libsubsys__net__l2__ethernet.a(arp.c.obj)
                0x0000000008002e60                net_arp_clear_cache
 .text.net_arp_clear_pending
                0x0000000008002f30       0x28 /Users/olaoren/01_code/zephyrproject/projects/gorochu/build/zephyr/subsys/net/l2/ethernet/libsubsys__net__l2__ethernet.a(arp.c.obj)
                0x0000000008002f30                net_arp_clear_pending
 .text.net_arp_init
                0x0000000008002f58       0x74 /Users/olaoren/01_code/zephyrproject/projects/gorochu/build/zephyr/subsys/net/l2/ethernet/libsubsys__net__l2__ethernet.a(arp.c.obj)
                0x0000000008002f58                net_arp_init
 .text.net_ipv4_is_ll_addr
                0x0000000008002fcc       0x18 /Users/olaoren/01_code/zephyrproject/projects/gorochu/build/zephyr/subsys/net/ip/libsubsys__net__ip.a(net_if.c.obj)
 .text.need_calc_checksum
                0x0000000008002fe4       0x30 /Users/olaoren/01_code/zephyrproject/projects/gorochu/build/zephyr/subsys/net/ip/libsubsys__net__ip.a(net_if.c.obj)
 .text.iface_router_update_timer
                0x0000000008003014       0x7c /Users/olaoren/01_code/zephyrproject/projects/gorochu/build/zephyr/subsys/net/ip/libsubsys__net__ip.a(net_if.c.obj)
 .text.net_if_ipv4_get_best_match
                0x0000000008003090       0x94 /Users/olaoren/01_code/zephyrproject/projects/gorochu/build/zephyr/subsys/net/ip/libsubsys__net__ip.a(net_if.c.obj)
 .text.iface_router_expired
                0x0000000008003124       0xa8 /Users/olaoren/01_code/zephyrproject/projects/gorochu/build/zephyr/subsys/net/ip/libsubsys__net__ip.a(net_if.c.obj)
 .text.update_operational_state
                0x00000000080031cc       0xac /Users/olaoren/01_code/zephyrproject/projects/gorochu/build/zephyr/subsys/net/ip/libsubsys__net__ip.a(net_if.c.obj)
 .text.z_impl_net_if_get_by_index
                0x0000000008003278       0x24 /Users/olaoren/01_code/zephyrproject/projects/gorochu/build/zephyr/subsys/net/ip/libsubsys__net__ip.a(net_if.c.obj)
                0x0000000008003278                z_impl_net_if_get_by_index
 .text.net_if_get_default
                0x000000000800329c       0x24 /Users/olaoren/01_code/zephyrproject/projects/gorochu/build/zephyr/subsys/net/ip/libsubsys__net__ip.a(net_if.c.obj)
                0x000000000800329c                net_if_get_default
 .text.net_if_config_ipv4_get
                0x00000000080032c0       0x68 /Users/olaoren/01_code/zephyrproject/projects/gorochu/build/zephyr/subsys/net/ip/libsubsys__net__ip.a(net_if.c.obj)
                0x00000000080032c0                net_if_config_ipv4_get
 .text.net_if_ipv4_is_addr_bcast
                0x0000000008003328       0x30 /Users/olaoren/01_code/zephyrproject/projects/gorochu/build/zephyr/subsys/net/ip/libsubsys__net__ip.a(net_if.c.obj)
                0x0000000008003328                net_if_ipv4_is_addr_bcast
 .text.net_if_ipv4_select_src_addr
                0x0000000008003358       0xa8 /Users/olaoren/01_code/zephyrproject/projects/gorochu/build/zephyr/subsys/net/ip/libsubsys__net__ip.a(net_if.c.obj)
                0x0000000008003358                net_if_ipv4_select_src_addr
 .text.net_if_ipv4_addr_lookup
                0x0000000008003400       0x54 /Users/olaoren/01_code/zephyrproject/projects/gorochu/build/zephyr/subsys/net/ip/libsubsys__net__ip.a(net_if.c.obj)
                0x0000000008003400                net_if_ipv4_addr_lookup
 .text.net_if_ipv4_addr_add
                0x0000000008003454       0x8c /Users/olaoren/01_code/zephyrproject/projects/gorochu/build/zephyr/subsys/net/ip/libsubsys__net__ip.a(net_if.c.obj)
                0x0000000008003454                net_if_ipv4_addr_add
 .text.net_if_ipv4_addr_rm
                0x00000000080034e0       0x48 /Users/olaoren/01_code/zephyrproject/projects/gorochu/build/zephyr/subsys/net/ip/libsubsys__net__ip.a(net_if.c.obj)
                0x00000000080034e0                net_if_ipv4_addr_rm
 .text.net_if_call_link_cb
                0x0000000008003528       0x4c /Users/olaoren/01_code/zephyrproject/projects/gorochu/build/zephyr/subsys/net/ip/libsubsys__net__ip.a(net_if.c.obj)
                0x0000000008003528                net_if_call_link_cb
 .text.net_if_tx.isra.0
                0x0000000008003574       0xbc /Users/olaoren/01_code/zephyrproject/projects/gorochu/build/zephyr/subsys/net/ip/libsubsys__net__ip.a(net_if.c.obj)
 .text.net_if_up
                0x0000000008003630       0x5c /Users/olaoren/01_code/zephyrproject/projects/gorochu/build/zephyr/subsys/net/ip/libsubsys__net__ip.a(net_if.c.obj)
                0x0000000008003630                net_if_up
 .text.net_if_is_wifi
                0x000000000800368c       0x24 /Users/olaoren/01_code/zephyrproject/projects/gorochu/build/zephyr/subsys/net/ip/libsubsys__net__ip.a(net_if.c.obj)
                0x000000000800368c                net_if_is_wifi
 .text.net_if_init
                0x00000000080036b0      0x170 /Users/olaoren/01_code/zephyrproject/projects/gorochu/build/zephyr/subsys/net/ip/libsubsys__net__ip.a(net_if.c.obj)
                0x00000000080036b0                net_if_init
 .text.net_if_post_init
                0x0000000008003820       0x28 /Users/olaoren/01_code/zephyrproject/projects/gorochu/build/zephyr/subsys/net/ip/libsubsys__net__ip.a(net_if.c.obj)
                0x0000000008003820                net_if_post_init
 .text.z_impl_net_addr_ntop
                0x0000000008003848      0x214 /Users/olaoren/01_code/zephyrproject/projects/gorochu/build/zephyr/subsys/net/ip/libsubsys__net__ip.a(utils.c.obj)
                0x0000000008003848                z_impl_net_addr_ntop
 .text.net_ipv4_unspecified_address
                0x0000000008003a5c        0x8 /Users/olaoren/01_code/zephyrproject/projects/gorochu/build/zephyr/subsys/net/ip/libsubsys__net__ip.a(utils.c.obj)
                0x0000000008003a5c                net_ipv4_unspecified_address
 .text.net_ipv4_broadcast_address
                0x0000000008003a64        0x8 /Users/olaoren/01_code/zephyrproject/projects/gorochu/build/zephyr/subsys/net/ip/libsubsys__net__ip.a(utils.c.obj)
                0x0000000008003a64                net_ipv4_broadcast_address
 .text.mgmt_thread
                0x0000000008003a6c       0xcc /Users/olaoren/01_code/zephyrproject/projects/gorochu/build/zephyr/subsys/net/ip/libsubsys__net__ip.a(net_mgmt.c.obj)
 .text.net_mgmt_add_event_callback
                0x0000000008003b38       0x40 /Users/olaoren/01_code/zephyrproject/projects/gorochu/build/zephyr/subsys/net/ip/libsubsys__net__ip.a(net_mgmt.c.obj)
                0x0000000008003b38                net_mgmt_add_event_callback
 .text.net_mgmt_event_notify_with_info
                0x0000000008003b78       0x64 /Users/olaoren/01_code/zephyrproject/projects/gorochu/build/zephyr/subsys/net/ip/libsubsys__net__ip.a(net_mgmt.c.obj)
                0x0000000008003b78                net_mgmt_event_notify_with_info
 .text.net_mgmt_event_init
                0x0000000008003bdc       0x4c /Users/olaoren/01_code/zephyrproject/projects/gorochu/build/zephyr/subsys/net/ip/libsubsys__net__ip.a(net_mgmt.c.obj)
                0x0000000008003bdc                net_mgmt_event_init
 .text.net_context_init
                0x0000000008003c28       0x10 /Users/olaoren/01_code/zephyrproject/projects/gorochu/build/zephyr/subsys/net/ip/libsubsys__net__ip.a(net_context.c.obj)
                0x0000000008003c28                net_context_init
 .text.net_pkt_get_reserve_data
                0x0000000008003c38       0x50 /Users/olaoren/01_code/zephyrproject/projects/gorochu/build/zephyr/subsys/net/ip/libsubsys__net__ip.a(net_pkt.c.obj)
                0x0000000008003c38                net_pkt_get_reserve_data
 .text.net_pkt_get_reserve_rx_data
                0x0000000008003c88        0xc /Users/olaoren/01_code/zephyrproject/projects/gorochu/build/zephyr/subsys/net/ip/libsubsys__net__ip.a(net_pkt.c.obj)
                0x0000000008003c88                net_pkt_get_reserve_rx_data
 .text.net_pkt_get_reserve_tx_data
                0x0000000008003c94        0xc /Users/olaoren/01_code/zephyrproject/projects/gorochu/build/zephyr/subsys/net/ip/libsubsys__net__ip.a(net_pkt.c.obj)
                0x0000000008003c94                net_pkt_get_reserve_tx_data
 .text.net_pkt_get_frag
                0x0000000008003ca0       0x20 /Users/olaoren/01_code/zephyrproject/projects/gorochu/build/zephyr/subsys/net/ip/libsubsys__net__ip.a(net_pkt.c.obj)
                0x0000000008003ca0                net_pkt_get_frag
 .text.pkt_alloc
                0x0000000008003cc0       0x50 /Users/olaoren/01_code/zephyrproject/projects/gorochu/build/zephyr/subsys/net/ip/libsubsys__net__ip.a(net_pkt.c.obj)
 .text.net_pkt_alloc_buffer
                0x0000000008003d10      0x15c /Users/olaoren/01_code/zephyrproject/projects/gorochu/build/zephyr/subsys/net/ip/libsubsys__net__ip.a(net_pkt.c.obj)
                0x0000000008003d10                net_pkt_alloc_buffer
 .text.net_pkt_alloc_with_buffer
                0x0000000008003e6c       0x24 /Users/olaoren/01_code/zephyrproject/projects/gorochu/build/zephyr/subsys/net/ip/libsubsys__net__ip.a(net_pkt.c.obj)
                0x0000000008003e6c                net_pkt_alloc_with_buffer
 .text.net_pkt_rx_alloc_with_buffer
                0x0000000008003e90       0x24 /Users/olaoren/01_code/zephyrproject/projects/gorochu/build/zephyr/subsys/net/ip/libsubsys__net__ip.a(net_pkt.c.obj)
                0x0000000008003e90                net_pkt_rx_alloc_with_buffer
 .text.net_pkt_get_data
                0x0000000008003eb4       0x60 /Users/olaoren/01_code/zephyrproject/projects/gorochu/build/zephyr/subsys/net/ip/libsubsys__net__ip.a(net_pkt.c.obj)
                0x0000000008003eb4                net_pkt_get_data
 .text.z_log_msg_runtime_create.constprop.0
                0x0000000008003f14       0x24 /Users/olaoren/01_code/zephyrproject/projects/gorochu/build/zephyr/subsys/net/ip/libsubsys__net__ip.a(net_tc.c.obj)
 .text.net_tc_submit_to_rx_queue
                0x0000000008003f38       0x14 /Users/olaoren/01_code/zephyrproject/projects/gorochu/build/zephyr/subsys/net/ip/libsubsys__net__ip.a(net_tc.c.obj)
                0x0000000008003f38                net_tc_submit_to_rx_queue
 .text.net_rx_priority2tc
                0x0000000008003f4c       0x10 /Users/olaoren/01_code/zephyrproject/projects/gorochu/build/zephyr/subsys/net/ip/libsubsys__net__ip.a(net_tc.c.obj)
                0x0000000008003f4c                net_rx_priority2tc
 .text.net_tc_rx_init
                0x0000000008003f5c       0x6c /Users/olaoren/01_code/zephyrproject/projects/gorochu/build/zephyr/subsys/net/ip/libsubsys__net__ip.a(net_tc.c.obj)
                0x0000000008003f5c                net_tc_rx_init
 .text.icmp_call_handlers
                0x0000000008003fc8       0x6c /Users/olaoren/01_code/zephyrproject/projects/gorochu/build/zephyr/subsys/net/ip/libsubsys__net__ip.a(icmp.c.obj)
 .text.net_icmp_init_ctx
                0x0000000008004034       0x50 /Users/olaoren/01_code/zephyrproject/projects/gorochu/build/zephyr/subsys/net/ip/libsubsys__net__ip.a(icmp.c.obj)
                0x0000000008004034                net_icmp_init_ctx
 .text.k_mutex_lock.constprop.0.isra.0
                0x0000000008004084       0x10 /Users/olaoren/01_code/zephyrproject/projects/gorochu/build/zephyr/subsys/net/ip/libsubsys__net__ip.a(connection.c.obj)
 .text.k_mutex_unlock.constprop.0.isra.0
                0x0000000008004094        0xc /Users/olaoren/01_code/zephyrproject/projects/gorochu/build/zephyr/subsys/net/ip/libsubsys__net__ip.a(connection.c.obj)
 .text.conn_set_unused
                0x00000000080040a0       0x34 /Users/olaoren/01_code/zephyrproject/projects/gorochu/build/zephyr/subsys/net/ip/libsubsys__net__ip.a(connection.c.obj)
 .text.net_conn_register
                0x00000000080040d4      0x264 /Users/olaoren/01_code/zephyrproject/projects/gorochu/build/zephyr/subsys/net/ip/libsubsys__net__ip.a(connection.c.obj)
                0x00000000080040d4                net_conn_register
 .text.net_conn_input
                0x0000000008004338      0x204 /Users/olaoren/01_code/zephyrproject/projects/gorochu/build/zephyr/subsys/net/ip/libsubsys__net__ip.a(connection.c.obj)
                0x0000000008004338                net_conn_input
 .text.net_conn_init
                0x000000000800453c       0x3c /Users/olaoren/01_code/zephyrproject/projects/gorochu/build/zephyr/subsys/net/ip/libsubsys__net__ip.a(connection.c.obj)
                0x000000000800453c                net_conn_init
 .text.dhcpv4_set_timeout
                0x0000000008004578       0x2c /Users/olaoren/01_code/zephyrproject/projects/gorochu/build/zephyr/subsys/net/ip/libsubsys__net__ip.a(dhcpv4.c.obj)
 .text.dhcpv4_enter_bound
                0x00000000080045a4       0x50 /Users/olaoren/01_code/zephyrproject/projects/gorochu/build/zephyr/subsys/net/ip/libsubsys__net__ip.a(dhcpv4.c.obj)
 .text.k_mutex_lock.constprop.0.isra.0
                0x00000000080045f4       0x10 /Users/olaoren/01_code/zephyrproject/projects/gorochu/build/zephyr/subsys/net/ip/libsubsys__net__ip.a(dhcpv4.c.obj)
 .text.k_mutex_unlock.constprop.0.isra.0
                0x0000000008004604        0xc /Users/olaoren/01_code/zephyrproject/projects/gorochu/build/zephyr/subsys/net/ip/libsubsys__net__ip.a(dhcpv4.c.obj)
 .text.dhcpv4_start_internal
                0x0000000008004610       0x7c /Users/olaoren/01_code/zephyrproject/projects/gorochu/build/zephyr/subsys/net/ip/libsubsys__net__ip.a(dhcpv4.c.obj)
 .text.dhcpv4_create_message
                0x000000000800468c      0x18c /Users/olaoren/01_code/zephyrproject/projects/gorochu/build/zephyr/subsys/net/ip/libsubsys__net__ip.a(dhcpv4.c.obj)
 .text.net_dhcpv4_input
                0x0000000008004818      0x354 /Users/olaoren/01_code/zephyrproject/projects/gorochu/build/zephyr/subsys/net/ip/libsubsys__net__ip.a(dhcpv4.c.obj)
 .text.dhcpv4_iface_event_handler
                0x0000000008004b6c       0x80 /Users/olaoren/01_code/zephyrproject/projects/gorochu/build/zephyr/subsys/net/ip/libsubsys__net__ip.a(dhcpv4.c.obj)
 .text.dhcpv4_timeout
                0x0000000008004bec      0x1c8 /Users/olaoren/01_code/zephyrproject/projects/gorochu/build/zephyr/subsys/net/ip/libsubsys__net__ip.a(dhcpv4.c.obj)
 .text.net_dhcpv4_init
                0x0000000008004db4       0x60 /Users/olaoren/01_code/zephyrproject/projects/gorochu/build/zephyr/subsys/net/ip/libsubsys__net__ip.a(dhcpv4.c.obj)
                0x0000000008004db4                net_dhcpv4_init
 .text.net_icmpv4_input
                0x0000000008004e14       0x84 /Users/olaoren/01_code/zephyrproject/projects/gorochu/build/zephyr/subsys/net/ip/libsubsys__net__ip.a(icmpv4.c.obj)
                0x0000000008004e14                net_icmpv4_input
 .text.net_icmpv4_init
                0x0000000008004e98       0x48 /Users/olaoren/01_code/zephyrproject/projects/gorochu/build/zephyr/subsys/net/ip/libsubsys__net__ip.a(icmpv4.c.obj)
                0x0000000008004e98                net_icmpv4_init
 .text.stm32_exti_isr
                0x0000000008004ee0       0x50 /Users/olaoren/01_code/zephyrproject/projects/gorochu/build/zephyr/drivers/interrupt_controller/libdrivers__interrupt_controller.a(intc_exti_stm32.c.obj)
 .text.stm32_fill_irq_table
                0x0000000008004f30       0x18 /Users/olaoren/01_code/zephyrproject/projects/gorochu/build/zephyr/drivers/interrupt_controller/libdrivers__interrupt_controller.a(intc_exti_stm32.c.obj)
 .text.stm32_exti_enable
                0x0000000008004f48       0x28 /Users/olaoren/01_code/zephyrproject/projects/gorochu/build/zephyr/drivers/interrupt_controller/libdrivers__interrupt_controller.a(intc_exti_stm32.c.obj)
                0x0000000008004f48                stm32_exti_enable
 .text.stm32_exti_set_callback
                0x0000000008004f70       0x30 /Users/olaoren/01_code/zephyrproject/projects/gorochu/build/zephyr/drivers/interrupt_controller/libdrivers__interrupt_controller.a(intc_exti_stm32.c.obj)
                0x0000000008004f70                stm32_exti_set_callback
 .text.stm32_exti_unset_callback
                0x0000000008004fa0       0x14 /Users/olaoren/01_code/zephyrproject/projects/gorochu/build/zephyr/drivers/interrupt_controller/libdrivers__interrupt_controller.a(intc_exti_stm32.c.obj)
                0x0000000008004fa0                stm32_exti_unset_callback
 .text.get_pllsrc_frequency
                0x0000000008004fb4       0x1c /Users/olaoren/01_code/zephyrproject/projects/gorochu/build/zephyr/drivers/clock_control/libdrivers__clock_control.a(clock_stm32_ll_h7.c.obj)
 .text.get_hclk_frequency
                0x0000000008004fd0       0x34 /Users/olaoren/01_code/zephyrproject/projects/gorochu/build/zephyr/drivers/clock_control/libdrivers__clock_control.a(clock_stm32_ll_h7.c.obj)
 .text.stm32_clock_control_configure
                0x0000000008005004       0x5c /Users/olaoren/01_code/zephyrproject/projects/gorochu/build/zephyr/drivers/clock_control/libdrivers__clock_control.a(clock_stm32_ll_h7.c.obj)
 .text.stm32_clock_control_get_subsys_rate
                0x0000000008005060       0xdc /Users/olaoren/01_code/zephyrproject/projects/gorochu/build/zephyr/drivers/clock_control/libdrivers__clock_control.a(clock_stm32_ll_h7.c.obj)
 .text.stm32_clock_control_init
                0x000000000800513c      0x210 /Users/olaoren/01_code/zephyrproject/projects/gorochu/build/zephyr/drivers/clock_control/libdrivers__clock_control.a(clock_stm32_ll_h7.c.obj)
                0x000000000800513c                stm32_clock_control_init
 .text.uart_console_init
                0x000000000800534c       0x28 /Users/olaoren/01_code/zephyrproject/projects/gorochu/build/zephyr/drivers/console/libdrivers__console.a(uart_console.c.obj)
 .text.console_out
                0x0000000008005374       0x28 /Users/olaoren/01_code/zephyrproject/projects/gorochu/build/zephyr/drivers/console/libdrivers__console.a(uart_console.c.obj)
 .text.start_pool_filling.constprop.0
                0x000000000800539c       0x38 /Users/olaoren/01_code/zephyrproject/projects/gorochu/build/zephyr/drivers/entropy/libdrivers__entropy.a(entropy_stm32.c.obj)
 .text.rng_pool_get
                0x00000000080053d4       0x98 /Users/olaoren/01_code/zephyrproject/projects/gorochu/build/zephyr/drivers/entropy/libdrivers__entropy.a(entropy_stm32.c.obj)
 .text.entropy_stm32_rng_get_entropy
                0x000000000800546c       0x58 /Users/olaoren/01_code/zephyrproject/projects/gorochu/build/zephyr/drivers/entropy/libdrivers__entropy.a(entropy_stm32.c.obj)
 .text.entropy_stm32_rng_init
                0x00000000080054c4       0xd8 /Users/olaoren/01_code/zephyrproject/projects/gorochu/build/zephyr/drivers/entropy/libdrivers__entropy.a(entropy_stm32.c.obj)
 .text.random_byte_get
                0x000000000800559c       0x78 /Users/olaoren/01_code/zephyrproject/projects/gorochu/build/zephyr/drivers/entropy/libdrivers__entropy.a(entropy_stm32.c.obj)
 .text.entropy_stm32_rng_get_entropy_isr
                0x0000000008005614       0xb0 /Users/olaoren/01_code/zephyrproject/projects/gorochu/build/zephyr/drivers/entropy/libdrivers__entropy.a(entropy_stm32.c.obj)
 .text.stm32_rng_isr
                0x00000000080056c4       0x74 /Users/olaoren/01_code/zephyrproject/projects/gorochu/build/zephyr/drivers/entropy/libdrivers__entropy.a(entropy_stm32.c.obj)
 .text.gpio_stm32_init
                0x0000000008005738       0x30 /Users/olaoren/01_code/zephyrproject/projects/gorochu/build/zephyr/drivers/gpio/libdrivers__gpio.a(gpio_stm32.c.obj)
 .text.gpio_stm32_pin_interrupt_configure
                0x0000000008005768      0x110 /Users/olaoren/01_code/zephyrproject/projects/gorochu/build/zephyr/drivers/gpio/libdrivers__gpio.a(gpio_stm32.c.obj)
 .text.allocate_tx_buffer
                0x0000000008005878       0x2c /Users/olaoren/01_code/zephyrproject/projects/gorochu/build/zephyr/drivers/ethernet/libdrivers__ethernet.a(eth_stm32_hal.c.obj)
 .text.eth_iface_init
                0x00000000080058a4       0x80 /Users/olaoren/01_code/zephyrproject/projects/gorochu/build/zephyr/drivers/ethernet/libdrivers__ethernet.a(eth_stm32_hal.c.obj)
 .text.rx_thread
                0x0000000008005924      0x164 /Users/olaoren/01_code/zephyrproject/projects/gorochu/build/zephyr/drivers/ethernet/libdrivers__ethernet.a(eth_stm32_hal.c.obj)
 .text.eth_initialize
                0x0000000008005a88      0x220 /Users/olaoren/01_code/zephyrproject/projects/gorochu/build/zephyr/drivers/ethernet/libdrivers__ethernet.a(eth_stm32_hal.c.obj)
 .text.HAL_ETH_RxAllocateCallback
                0x0000000008005ca8       0x40 /Users/olaoren/01_code/zephyrproject/projects/gorochu/build/zephyr/drivers/ethernet/libdrivers__ethernet.a(eth_stm32_hal.c.obj)
                0x0000000008005ca8                HAL_ETH_RxAllocateCallback
 .text.HAL_ETH_RxLinkCallback
                0x0000000008005ce8       0x30 /Users/olaoren/01_code/zephyrproject/projects/gorochu/build/zephyr/drivers/ethernet/libdrivers__ethernet.a(eth_stm32_hal.c.obj)
                0x0000000008005ce8                HAL_ETH_RxLinkCallback
 .text.HAL_ETH_TxFreeCallback
                0x0000000008005d18       0x18 /Users/olaoren/01_code/zephyrproject/projects/gorochu/build/zephyr/drivers/ethernet/libdrivers__ethernet.a(eth_stm32_hal.c.obj)
                0x0000000008005d18                HAL_ETH_TxFreeCallback
 .text.eth_tx   0x0000000008005d30      0x1f4 /Users/olaoren/01_code/zephyrproject/projects/gorochu/build/zephyr/drivers/ethernet/libdrivers__ethernet.a(eth_stm32_hal.c.obj)
 .text.pinctrl_configure_pins
                0x0000000008005f24       0x84 /Users/olaoren/01_code/zephyrproject/projects/gorochu/build/zephyr/drivers/pinctrl/libdrivers__pinctrl.a(pinctrl_stm32.c.obj)
                0x0000000008005f24                pinctrl_configure_pins
 .text.ds18b20_sample_fetch
                0x0000000008005fa8      0x1fc /Users/olaoren/01_code/zephyrproject/projects/gorochu/build/zephyr/drivers/sensor/ds18b20/libdrivers__sensor__ds18b20.a(ds18b20.c.obj)
 .text.ds18b20_init
                0x00000000080061a4       0x50 /Users/olaoren/01_code/zephyrproject/projects/gorochu/build/zephyr/drivers/sensor/ds18b20/libdrivers__sensor__ds18b20.a(ds18b20.c.obj)
 .text.uart_stm32_irq_err_enable
                0x00000000080061f4       0x8c /Users/olaoren/01_code/zephyrproject/projects/gorochu/build/zephyr/drivers/serial/libdrivers__serial.a(uart_stm32.c.obj)
 .text.uart_stm32_irq_err_disable
                0x0000000008006280       0x8c /Users/olaoren/01_code/zephyrproject/projects/gorochu/build/zephyr/drivers/serial/libdrivers__serial.a(uart_stm32.c.obj)
 .text.uart_stm32_set_baudrate
                0x000000000800630c       0x5c /Users/olaoren/01_code/zephyrproject/projects/gorochu/build/zephyr/drivers/serial/libdrivers__serial.a(uart_stm32.c.obj)
 .text.uart_stm32_parameters_set
                0x0000000008006368      0x134 /Users/olaoren/01_code/zephyrproject/projects/gorochu/build/zephyr/drivers/serial/libdrivers__serial.a(uart_stm32.c.obj)
 .text.uart_stm32_init
                0x000000000800649c      0x1e8 /Users/olaoren/01_code/zephyrproject/projects/gorochu/build/zephyr/drivers/serial/libdrivers__serial.a(uart_stm32.c.obj)
 .text.uart_stm32_configure
                0x0000000008006684      0x18c /Users/olaoren/01_code/zephyrproject/projects/gorochu/build/zephyr/drivers/serial/libdrivers__serial.a(uart_stm32.c.obj)
 .text.elapsed  0x0000000008006810       0x4c /Users/olaoren/01_code/zephyrproject/projects/gorochu/build/zephyr/drivers/timer/libdrivers__timer.a(cortex_m_systick.c.obj)
 .text.sys_clock_driver_init
                0x000000000800685c       0x38 /Users/olaoren/01_code/zephyrproject/projects/gorochu/build/zephyr/drivers/timer/libdrivers__timer.a(cortex_m_systick.c.obj)
 .text.sys_clock_isr
                0x0000000008006894       0x54 /Users/olaoren/01_code/zephyrproject/projects/gorochu/build/zephyr/drivers/timer/libdrivers__timer.a(cortex_m_systick.c.obj)
                0x0000000008006894                sys_clock_isr
 .text.sys_clock_set_timeout
                0x00000000080068e8       0xfc /Users/olaoren/01_code/zephyrproject/projects/gorochu/build/zephyr/drivers/timer/libdrivers__timer.a(cortex_m_systick.c.obj)
                0x00000000080068e8                sys_clock_set_timeout
 .text.sys_clock_elapsed
                0x00000000080069e4       0x3c /Users/olaoren/01_code/zephyrproject/projects/gorochu/build/zephyr/drivers/timer/libdrivers__timer.a(cortex_m_systick.c.obj)
                0x00000000080069e4                sys_clock_elapsed
 .text.sys_clock_cycle_get_32
                0x0000000008006a20       0x2c /Users/olaoren/01_code/zephyrproject/projects/gorochu/build/zephyr/drivers/timer/libdrivers__timer.a(cortex_m_systick.c.obj)
                0x0000000008006a20                sys_clock_cycle_get_32
 .text.w1_serial_init
                0x0000000008006a4c       0x70 /Users/olaoren/01_code/zephyrproject/projects/gorochu/build/zephyr/drivers/w1/libdrivers__w1.a(w1_zephyr_serial.c.obj)
 .text.w1_serial_configure
                0x0000000008006abc       0x68 /Users/olaoren/01_code/zephyrproject/projects/gorochu/build/zephyr/drivers/w1/libdrivers__w1.a(w1_zephyr_serial.c.obj)
 .text.w1_serial_reset_bus
                0x0000000008006b24       0xbc /Users/olaoren/01_code/zephyrproject/projects/gorochu/build/zephyr/drivers/w1/libdrivers__w1.a(w1_zephyr_serial.c.obj)
 .text.HAL_SYSCFG_ETHInterfaceSelect
                0x0000000008006be0       0x14 modules/stm32/stm32cube/lib..__modules__hal__stm32__stm32cube.a(stm32h7xx_hal.c.obj)
                0x0000000008006be0                HAL_SYSCFG_ETHInterfaceSelect
 .text.HAL_DBGMCU_DisableDBGStopMode
                0x0000000008006bf4       0x10 modules/stm32/stm32cube/lib..__modules__hal__stm32__stm32cube.a(stm32h7xx_hal.c.obj)
                0x0000000008006bf4                HAL_DBGMCU_DisableDBGStopMode
 .text.HAL_RCC_GetSysClockFreq
                0x0000000008006c04      0x158 modules/stm32/stm32cube/lib..__modules__hal__stm32__stm32cube.a(stm32h7xx_hal_rcc.c.obj)
                0x0000000008006c04                HAL_RCC_GetSysClockFreq
 .text.HAL_RCC_GetHCLKFreq
                0x0000000008006d5c       0x44 modules/stm32/stm32cube/lib..__modules__hal__stm32__stm32cube.a(stm32h7xx_hal_rcc.c.obj)
                0x0000000008006d5c                HAL_RCC_GetHCLKFreq
 .text.ETH_SetDMAConfig
                0x0000000008006da0       0xa4 modules/stm32/stm32cube/lib..__modules__hal__stm32__stm32cube.a(stm32h7xx_hal_eth.c.obj)
 .text.ETH_Prepare_Tx_Descriptors
                0x0000000008006e44      0x314 modules/stm32/stm32cube/lib..__modules__hal__stm32__stm32cube.a(stm32h7xx_hal_eth.c.obj)
 .text.HAL_ETH_Start_IT
                0x0000000008007158       0xc0 modules/stm32/stm32cube/lib..__modules__hal__stm32__stm32cube.a(stm32h7xx_hal_eth.c.obj)
                0x0000000008007158                HAL_ETH_Start_IT
 .text.HAL_ETH_SetMDIOClockRange
                0x0000000008007218       0x78 modules/stm32/stm32cube/lib..__modules__hal__stm32__stm32cube.a(stm32h7xx_hal_eth.c.obj)
                0x0000000008007218                HAL_ETH_SetMDIOClockRange
 .text.HAL_ETH_Init
                0x0000000008007290      0x254 modules/stm32/stm32cube/lib..__modules__hal__stm32__stm32cube.a(stm32h7xx_hal_eth.c.obj)
                0x0000000008007290                HAL_ETH_Init
 .text.HAL_ETH_SetMACFilterConfig
                0x00000000080074e4       0x5c modules/stm32/stm32cube/lib..__modules__hal__stm32__stm32cube.a(stm32h7xx_hal_eth.c.obj)
                0x00000000080074e4                HAL_ETH_SetMACFilterConfig
 .text.LL_SetFlashLatency
                0x0000000008007540      0x198 modules/stm32/stm32cube/lib..__modules__hal__stm32__stm32cube.a(stm32h7xx_ll_utils.c.obj)
                0x0000000008007540                LL_SetFlashLatency
 .text.k_sys_fatal_error_handler
                0x00000000080076d8       0x2c /Users/olaoren/01_code/zephyrproject/projects/gorochu/build/zephyr/kernel/libkernel.a(fatal.c.obj)
                0x00000000080076d8                k_sys_fatal_error_handler
 .text.z_fatal_error
                0x0000000008007704       0xd0 /Users/olaoren/01_code/zephyrproject/projects/gorochu/build/zephyr/kernel/libkernel.a(fatal.c.obj)
                0x0000000008007704                z_fatal_error
 .text.z_sys_init_run_level
                0x00000000080077d4       0x48 /Users/olaoren/01_code/zephyrproject/projects/gorochu/build/zephyr/kernel/libkernel.a(init.c.obj)
 .text.bg_thread_main
                0x000000000800781c       0x34 /Users/olaoren/01_code/zephyrproject/projects/gorochu/build/zephyr/kernel/libkernel.a(init.c.obj)
 .text.z_bss_zero
                0x0000000008007850       0x2c /Users/olaoren/01_code/zephyrproject/projects/gorochu/build/zephyr/kernel/libkernel.a(init.c.obj)
                0x0000000008007850                z_bss_zero
 .text.z_init_cpu
                0x000000000800787c       0x8c /Users/olaoren/01_code/zephyrproject/projects/gorochu/build/zephyr/kernel/libkernel.a(init.c.obj)
                0x000000000800787c                z_init_cpu
 .text.z_cstart
                0x0000000008007908       0xd4 /Users/olaoren/01_code/zephyrproject/projects/gorochu/build/zephyr/kernel/libkernel.a(init.c.obj)
                0x0000000008007908                z_cstart
 .text.statics_init
                0x00000000080079dc       0x24 /Users/olaoren/01_code/zephyrproject/projects/gorochu/build/zephyr/kernel/libkernel.a(kheap.c.obj)
 .text.init_mem_slab_obj_core_list
                0x0000000008007a00       0x24 /Users/olaoren/01_code/zephyrproject/projects/gorochu/build/zephyr/kernel/libkernel.a(mem_slab.c.obj)
 .text.k_mem_slab_alloc
                0x0000000008007a24       0x5c /Users/olaoren/01_code/zephyrproject/projects/gorochu/build/zephyr/kernel/libkernel.a(mem_slab.c.obj)
                0x0000000008007a24                k_mem_slab_alloc
 .text.z_setup_new_thread
                0x0000000008007a80       0x80 /Users/olaoren/01_code/zephyrproject/projects/gorochu/build/zephyr/kernel/libkernel.a(thread.c.obj)
                0x0000000008007a80                z_setup_new_thread
 .text.z_impl_k_thread_create
                0x0000000008007b00       0x58 /Users/olaoren/01_code/zephyrproject/projects/gorochu/build/zephyr/kernel/libkernel.a(thread.c.obj)
                0x0000000008007b00                z_impl_k_thread_create
 .text.z_init_static_threads
                0x0000000008007b58       0x94 /Users/olaoren/01_code/zephyrproject/projects/gorochu/build/zephyr/kernel/libkernel.a(thread.c.obj)
                0x0000000008007b58                z_init_static_threads
 .text.z_impl_k_msgq_put
                0x0000000008007bec       0xac /Users/olaoren/01_code/zephyrproject/projects/gorochu/build/zephyr/kernel/libkernel.a(msg_q.c.obj)
                0x0000000008007bec                z_impl_k_msgq_put
 .text.z_impl_k_msgq_get
                0x0000000008007c98       0xb4 /Users/olaoren/01_code/zephyrproject/projects/gorochu/build/zephyr/kernel/libkernel.a(msg_q.c.obj)
                0x0000000008007c98                z_impl_k_msgq_get
 .text.z_impl_k_mutex_lock
                0x0000000008007d4c       0xf4 /Users/olaoren/01_code/zephyrproject/projects/gorochu/build/zephyr/kernel/libkernel.a(mutex.c.obj)
                0x0000000008007d4c                z_impl_k_mutex_lock
 .text.z_impl_k_mutex_unlock
                0x0000000008007e40       0x78 /Users/olaoren/01_code/zephyrproject/projects/gorochu/build/zephyr/kernel/libkernel.a(mutex.c.obj)
                0x0000000008007e40                z_impl_k_mutex_unlock
 .text.z_impl_k_queue_get
                0x0000000008007eb8       0x68 /Users/olaoren/01_code/zephyrproject/projects/gorochu/build/zephyr/kernel/libkernel.a(queue.c.obj)
                0x0000000008007eb8                z_impl_k_queue_get
 .text.z_impl_k_sem_give
                0x0000000008007f20       0x4c /Users/olaoren/01_code/zephyrproject/projects/gorochu/build/zephyr/kernel/libkernel.a(sem.c.obj)
                0x0000000008007f20                z_impl_k_sem_give
 .text.z_impl_k_sem_take
                0x0000000008007f6c       0x50 /Users/olaoren/01_code/zephyrproject/projects/gorochu/build/zephyr/kernel/libkernel.a(sem.c.obj)
                0x0000000008007f6c                z_impl_k_sem_take
 .text.z_impl_k_sem_reset
                0x0000000008007fbc       0x44 /Users/olaoren/01_code/zephyrproject/projects/gorochu/build/zephyr/kernel/libkernel.a(sem.c.obj)
                0x0000000008007fbc                z_impl_k_sem_reset
 .text.work_queue_main
                0x0000000008008000      0x138 /Users/olaoren/01_code/zephyrproject/projects/gorochu/build/zephyr/kernel/libkernel.a(work.c.obj)
 .text.submit_to_queue_locked
                0x0000000008008138       0xb0 /Users/olaoren/01_code/zephyrproject/projects/gorochu/build/zephyr/kernel/libkernel.a(work.c.obj)
 .text.k_work_submit
                0x00000000080081e8        0xc /Users/olaoren/01_code/zephyrproject/projects/gorochu/build/zephyr/kernel/libkernel.a(work.c.obj)
                0x00000000080081e8                k_work_submit
 .text.k_work_queue_start
                0x00000000080081f4       0x70 /Users/olaoren/01_code/zephyrproject/projects/gorochu/build/zephyr/kernel/libkernel.a(work.c.obj)
                0x00000000080081f4                k_work_queue_start
 .text.k_work_reschedule_for_queue
                0x0000000008008264       0x5c /Users/olaoren/01_code/zephyrproject/projects/gorochu/build/zephyr/kernel/libkernel.a(work.c.obj)
                0x0000000008008264                k_work_reschedule_for_queue
 .text.k_work_reschedule
                0x00000000080082c0        0xc /Users/olaoren/01_code/zephyrproject/projects/gorochu/build/zephyr/kernel/libkernel.a(work.c.obj)
                0x00000000080082c0                k_work_reschedule
 .text.sliceable
                0x00000000080082cc       0x3c /Users/olaoren/01_code/zephyrproject/projects/gorochu/build/zephyr/kernel/libkernel.a(sched.c.obj)
 .text.slice_timeout
                0x0000000008008308       0x20 /Users/olaoren/01_code/zephyrproject/projects/gorochu/build/zephyr/kernel/libkernel.a(sched.c.obj)
 .text.z_reset_time_slice
                0x0000000008008328       0x50 /Users/olaoren/01_code/zephyrproject/projects/gorochu/build/zephyr/kernel/libkernel.a(sched.c.obj)
                0x0000000008008328                z_reset_time_slice
 .text.update_cache
                0x0000000008008378       0x3c /Users/olaoren/01_code/zephyrproject/projects/gorochu/build/zephyr/kernel/libkernel.a(sched.c.obj)
 .text.move_thread_to_end_of_prio_q
                0x00000000080083b4       0x74 /Users/olaoren/01_code/zephyrproject/projects/gorochu/build/zephyr/kernel/libkernel.a(sched.c.obj)
 .text.ready_thread
                0x0000000008008428       0x68 /Users/olaoren/01_code/zephyrproject/projects/gorochu/build/zephyr/kernel/libkernel.a(sched.c.obj)
 .text.unready_thread
                0x0000000008008490       0x30 /Users/olaoren/01_code/zephyrproject/projects/gorochu/build/zephyr/kernel/libkernel.a(sched.c.obj)
 .text.pend_locked
                0x00000000080084c0       0x30 /Users/olaoren/01_code/zephyrproject/projects/gorochu/build/zephyr/kernel/libkernel.a(sched.c.obj)
 .text.z_thread_halt
                0x00000000080084f0       0xa0 /Users/olaoren/01_code/zephyrproject/projects/gorochu/build/zephyr/kernel/libkernel.a(sched.c.obj)
 .text.z_time_slice
                0x0000000008008590       0x60 /Users/olaoren/01_code/zephyrproject/projects/gorochu/build/zephyr/kernel/libkernel.a(sched.c.obj)
                0x0000000008008590                z_time_slice
 .text.z_pend_curr
                0x00000000080085f0       0x3c /Users/olaoren/01_code/zephyrproject/projects/gorochu/build/zephyr/kernel/libkernel.a(sched.c.obj)
                0x00000000080085f0                z_pend_curr
 .text.z_set_prio
                0x000000000800862c       0x8c /Users/olaoren/01_code/zephyrproject/projects/gorochu/build/zephyr/kernel/libkernel.a(sched.c.obj)
                0x000000000800862c                z_set_prio
 .text.z_reschedule
                0x00000000080086b8       0x24 /Users/olaoren/01_code/zephyrproject/projects/gorochu/build/zephyr/kernel/libkernel.a(sched.c.obj)
                0x00000000080086b8                z_reschedule
 .text.z_sched_start
                0x00000000080086dc       0x3c /Users/olaoren/01_code/zephyrproject/projects/gorochu/build/zephyr/kernel/libkernel.a(sched.c.obj)
                0x00000000080086dc                z_sched_start
 .text.k_sched_lock
                0x0000000008008718       0x28 /Users/olaoren/01_code/zephyrproject/projects/gorochu/build/zephyr/kernel/libkernel.a(sched.c.obj)
                0x0000000008008718                k_sched_lock
 .text.k_sched_unlock
                0x0000000008008740       0x38 /Users/olaoren/01_code/zephyrproject/projects/gorochu/build/zephyr/kernel/libkernel.a(sched.c.obj)
                0x0000000008008740                k_sched_unlock
 .text.z_sched_init
                0x0000000008008778       0x10 /Users/olaoren/01_code/zephyrproject/projects/gorochu/build/zephyr/kernel/libkernel.a(sched.c.obj)
                0x0000000008008778                z_sched_init
 .text.z_impl_k_yield
                0x0000000008008788       0x7c /Users/olaoren/01_code/zephyrproject/projects/gorochu/build/zephyr/kernel/libkernel.a(sched.c.obj)
                0x0000000008008788                z_impl_k_yield
 .text.z_tick_sleep
                0x0000000008008804       0x88 /Users/olaoren/01_code/zephyrproject/projects/gorochu/build/zephyr/kernel/libkernel.a(sched.c.obj)
 .text.z_impl_k_sleep
                0x000000000800888c       0x30 /Users/olaoren/01_code/zephyrproject/projects/gorochu/build/zephyr/kernel/libkernel.a(sched.c.obj)
                0x000000000800888c                z_impl_k_sleep
 .text.z_impl_k_sched_current_thread_query
                0x00000000080088bc        0xc /Users/olaoren/01_code/zephyrproject/projects/gorochu/build/zephyr/kernel/libkernel.a(sched.c.obj)
                0x00000000080088bc                z_impl_k_sched_current_thread_query
 .text.z_sched_wait
                0x00000000080088c8       0x24 /Users/olaoren/01_code/zephyrproject/projects/gorochu/build/zephyr/kernel/libkernel.a(sched.c.obj)
                0x00000000080088c8                z_sched_wait
 .text.z_data_copy
                0x00000000080088ec       0x4c /Users/olaoren/01_code/zephyrproject/projects/gorochu/build/zephyr/kernel/libkernel.a(xip.c.obj)
                0x00000000080088ec                z_data_copy
 .text.elapsed  0x0000000008008938       0x14 /Users/olaoren/01_code/zephyrproject/projects/gorochu/build/zephyr/kernel/libkernel.a(timeout.c.obj)
 .text.next_timeout
                0x000000000800894c       0x40 /Users/olaoren/01_code/zephyrproject/projects/gorochu/build/zephyr/kernel/libkernel.a(timeout.c.obj)
 .text.remove_timeout
                0x000000000800898c       0x38 /Users/olaoren/01_code/zephyrproject/projects/gorochu/build/zephyr/kernel/libkernel.a(timeout.c.obj)
 .text.timeout_rem
                0x00000000080089c4       0x48 /Users/olaoren/01_code/zephyrproject/projects/gorochu/build/zephyr/kernel/libkernel.a(timeout.c.obj)
 .text.z_add_timeout
                0x0000000008008a0c       0xec /Users/olaoren/01_code/zephyrproject/projects/gorochu/build/zephyr/kernel/libkernel.a(timeout.c.obj)
                0x0000000008008a0c                z_add_timeout
 .text.sys_clock_announce
                0x0000000008008af8       0xd8 /Users/olaoren/01_code/zephyrproject/projects/gorochu/build/zephyr/kernel/libkernel.a(timeout.c.obj)
                0x0000000008008af8                sys_clock_announce
 .text.sys_clock_tick_get
                0x0000000008008bd0       0x34 /Users/olaoren/01_code/zephyrproject/projects/gorochu/build/zephyr/kernel/libkernel.a(timeout.c.obj)
                0x0000000008008bd0                sys_clock_tick_get
 .text.z_thread_aligned_alloc
                0x0000000008008c04       0x40 /Users/olaoren/01_code/zephyrproject/projects/gorochu/build/zephyr/kernel/libkernel.a(mempool.c.obj)
                0x0000000008008c04                z_thread_aligned_alloc
 .text.boot_banner
                0x0000000008008c44        0xc /Users/olaoren/01_code/zephyrproject/projects/gorochu/build/zephyr/kernel/libkernel.a(banner.c.obj)
                0x0000000008008c44                boot_banner
 .text.k_sys_work_q_init
                0x0000000008008c50       0x34 /Users/olaoren/01_code/zephyrproject/projects/gorochu/build/zephyr/kernel/libkernel.a(system_work_q.c.obj)
 .text.snprintf
                0x0000000008008c84       0x58 /Users/olaoren/zephyr-sdk-0.16.3/arm-zephyr-eabi/bin/../lib/gcc/../../picolibc/arm-zephyr-eabi/lib/thumb/v7e-m/nofp/libc.a(libc_tinystdio_snprintf.c.o)
                0x0000000008008c84                snprintf
 .text.__i_vfprintf
                0x0000000008008cdc      0x490 /Users/olaoren/zephyr-sdk-0.16.3/arm-zephyr-eabi/bin/../lib/gcc/../../picolibc/arm-zephyr-eabi/lib/thumb/v7e-m/nofp/libc.a(libc_tinystdio_vfiprintf.c.o)
                0x0000000008008cdc                __i_vfprintf
 .text._OffsetAbsSyms
                0x000000000800916c        0x2 /Users/olaoren/01_code/zephyrproject/projects/gorochu/build/zephyr/CMakeFiles/offsets.dir/./arch/arm/core/offsets/offsets.c.obj
                0x000000000800916c                _OffsetAbsSyms
 .text.z_log_msg_runtime_create.constprop.0
                0x000000000800916e       0x1e app/libapp.a(main.c.obj)
 .text.gpio_pin_configure_dt.constprop.0.isra.0
                0x000000000800918c       0x2c app/libapp.a(main.c.obj)
 .text.crc8     0x00000000080091b8       0x54 /Users/olaoren/01_code/zephyrproject/projects/gorochu/build/zephyr/libzephyr.a(crc8_sw.c.obj)
                0x00000000080091b8                crc8
 .text.cbpprintf_external
                0x000000000800920c       0x62 /Users/olaoren/01_code/zephyrproject/projects/gorochu/build/zephyr/libzephyr.a(cbprintf_packaged.c.obj)
                0x000000000800920c                cbpprintf_external
 .text.arch_printk_char_out
                0x000000000800926e        0x4 /Users/olaoren/01_code/zephyrproject/projects/gorochu/build/zephyr/libzephyr.a(printk.c.obj)
                0x000000000800926e                arch_printk_char_out
 .text.printk   0x0000000008009272       0x1a /Users/olaoren/01_code/zephyrproject/projects/gorochu/build/zephyr/libzephyr.a(printk.c.obj)
                0x0000000008009272                printk
 .text.chunk_field
                0x000000000800928c       0x16 /Users/olaoren/01_code/zephyrproject/projects/gorochu/build/zephyr/libzephyr.a(heap.c.obj)
 .text.chunk_set
                0x00000000080092a2       0x16 /Users/olaoren/01_code/zephyrproject/projects/gorochu/build/zephyr/libzephyr.a(heap.c.obj)
 .text.chunk_size
                0x00000000080092b8        0xc /Users/olaoren/01_code/zephyrproject/projects/gorochu/build/zephyr/libzephyr.a(heap.c.obj)
 .text.set_chunk_used
                0x00000000080092c4       0x30 /Users/olaoren/01_code/zephyrproject/projects/gorochu/build/zephyr/libzephyr.a(heap.c.obj)
 .text.set_chunk_size
                0x00000000080092f4        0x8 /Users/olaoren/01_code/zephyrproject/projects/gorochu/build/zephyr/libzephyr.a(heap.c.obj)
 .text.mem_to_chunkid
                0x00000000080092fc       0x14 /Users/olaoren/01_code/zephyrproject/projects/gorochu/build/zephyr/libzephyr.a(heap.c.obj)
 .text.bucket_idx.isra.0
                0x0000000008009310       0x1e /Users/olaoren/01_code/zephyrproject/projects/gorochu/build/zephyr/libzephyr.a(heap.c.obj)
 .text.free_list_remove_bidx
                0x000000000800932e       0x5c /Users/olaoren/01_code/zephyrproject/projects/gorochu/build/zephyr/libzephyr.a(heap.c.obj)
 .text.free_list_remove
                0x000000000800938a       0x2e /Users/olaoren/01_code/zephyrproject/projects/gorochu/build/zephyr/libzephyr.a(heap.c.obj)
 .text.alloc_chunk
                0x00000000080093b8       0x74 /Users/olaoren/01_code/zephyrproject/projects/gorochu/build/zephyr/libzephyr.a(heap.c.obj)
 .text.split_chunks
                0x000000000800942c       0x4e /Users/olaoren/01_code/zephyrproject/projects/gorochu/build/zephyr/libzephyr.a(heap.c.obj)
 .text.merge_chunks
                0x000000000800947a       0x3c /Users/olaoren/01_code/zephyrproject/projects/gorochu/build/zephyr/libzephyr.a(heap.c.obj)
 .text.free_list_add
                0x00000000080094b6       0x84 /Users/olaoren/01_code/zephyrproject/projects/gorochu/build/zephyr/libzephyr.a(heap.c.obj)
 .text.free_chunk
                0x000000000800953a       0x84 /Users/olaoren/01_code/zephyrproject/projects/gorochu/build/zephyr/libzephyr.a(heap.c.obj)
 .text.sys_heap_free
                0x00000000080095be       0x24 /Users/olaoren/01_code/zephyrproject/projects/gorochu/build/zephyr/libzephyr.a(heap.c.obj)
                0x00000000080095be                sys_heap_free
 .text.sys_heap_alloc
                0x00000000080095e2       0x70 /Users/olaoren/01_code/zephyrproject/projects/gorochu/build/zephyr/libzephyr.a(heap.c.obj)
                0x00000000080095e2                sys_heap_alloc
 .text.sys_heap_aligned_alloc
                0x0000000008009652       0xec /Users/olaoren/01_code/zephyrproject/projects/gorochu/build/zephyr/libzephyr.a(heap.c.obj)
                0x0000000008009652                sys_heap_aligned_alloc
 .text.sys_heap_init
                0x000000000800973e       0xb0 /Users/olaoren/01_code/zephyrproject/projects/gorochu/build/zephyr/libzephyr.a(heap.c.obj)
                0x000000000800973e                sys_heap_init
 .text._ConfigAbsSyms
                0x00000000080097ee        0x2 /Users/olaoren/01_code/zephyrproject/projects/gorochu/build/zephyr/libzephyr.a(configs.c.obj)
                0x00000000080097ee                _ConfigAbsSyms
 .text.HAL_GetTick
                0x00000000080097f0       0x10 /Users/olaoren/01_code/zephyrproject/projects/gorochu/build/zephyr/libzephyr.a(stm32cube_hal.c.obj)
                0x00000000080097f0                HAL_GetTick
 .text.st_stm32_common_config
                0x0000000008009800        0xa /Users/olaoren/01_code/zephyrproject/projects/gorochu/build/zephyr/libzephyr.a(soc_config.c.obj)
 .text.dummy_timestamp
                0x000000000800980a        0x4 /Users/olaoren/01_code/zephyrproject/projects/gorochu/build/zephyr/libzephyr.a(log_core.c.obj)
 .text.default_lf_get_timestamp
                0x000000000800980e       0x10 /Users/olaoren/01_code/zephyrproject/projects/gorochu/build/zephyr/libzephyr.a(log_core.c.obj)
 .text.atomic_inc
                0x000000000800981e       0x1a /Users/olaoren/01_code/zephyrproject/projects/gorochu/build/zephyr/libzephyr.a(log_core.c.obj)
 .text.enable_logger
                0x0000000008009838        0xe /Users/olaoren/01_code/zephyrproject/projects/gorochu/build/zephyr/libzephyr.a(log_core.c.obj)
 .text.z_log_vprintk
                0x0000000008009846       0x1c /Users/olaoren/01_code/zephyrproject/projects/gorochu/build/zephyr/libzephyr.a(log_core.c.obj)
                0x0000000008009846                z_log_vprintk
 .text.z_log_notify_backend_enabled
                0x0000000008009862        0x2 /Users/olaoren/01_code/zephyrproject/projects/gorochu/build/zephyr/libzephyr.a(log_core.c.obj)
                0x0000000008009862                z_log_notify_backend_enabled
 .text.z_log_get_tag
                0x0000000008009864        0x4 /Users/olaoren/01_code/zephyrproject/projects/gorochu/build/zephyr/libzephyr.a(log_core.c.obj)
                0x0000000008009864                z_log_get_tag
 .text.z_log_msg_finalize
                0x0000000008009868       0x32 /Users/olaoren/01_code/zephyrproject/projects/gorochu/build/zephyr/libzephyr.a(log_msg.c.obj)
                0x0000000008009868                z_log_msg_finalize
 .text.out_func
                0x000000000800989a       0x1c /Users/olaoren/01_code/zephyrproject/projects/gorochu/build/zephyr/libzephyr.a(log_output.c.obj)
 .text.cr_out_func
                0x00000000080098b6       0x1c /Users/olaoren/01_code/zephyrproject/projects/gorochu/build/zephyr/libzephyr.a(log_output.c.obj)
 .text.buffer_write
                0x00000000080098d2       0x1a /Users/olaoren/01_code/zephyrproject/projects/gorochu/build/zephyr/libzephyr.a(log_output.c.obj)
 .text.log_output_flush
                0x00000000080098ec       0x1a /Users/olaoren/01_code/zephyrproject/projects/gorochu/build/zephyr/libzephyr.a(log_output.c.obj)
                0x00000000080098ec                log_output_flush
 .text.format_set
                0x0000000008009906        0xc /Users/olaoren/01_code/zephyrproject/projects/gorochu/build/zephyr/libzephyr.a(log_backend_uart.c.obj)
 .text.log_backend_uart_init
                0x0000000008009912        0xc /Users/olaoren/01_code/zephyrproject/projects/gorochu/build/zephyr/libzephyr.a(log_backend_uart.c.obj)
 .text.panic    0x000000000800991e       0x10 /Users/olaoren/01_code/zephyrproject/projects/gorochu/build/zephyr/libzephyr.a(log_backend_uart.c.obj)
 .text.process  0x000000000800992e       0x1e /Users/olaoren/01_code/zephyrproject/projects/gorochu/build/zephyr/libzephyr.a(log_backend_uart.c.obj)
 .text.z_log_msg_runtime_create.constprop.0
                0x000000000800994c       0x20 /Users/olaoren/01_code/zephyrproject/projects/gorochu/build/zephyr/arch/arch/arm/core/libarch__arm__core.a(fatal.c.obj)
 .text.z_do_kernel_oops
                0x000000000800996c        0x8 /Users/olaoren/01_code/zephyrproject/projects/gorochu/build/zephyr/arch/arch/arm/core/libarch__arm__core.a(fatal.c.obj)
                0x000000000800996c                z_do_kernel_oops
 .text.z_arm_nmi
                0x0000000008009974        0xe /Users/olaoren/01_code/zephyrproject/projects/gorochu/build/zephyr/arch/arch/arm/core/libarch__arm__core.a(nmi.c.obj)
                0x0000000008009974                z_arm_nmi
 .text.z_log_msg_runtime_create.constprop.0
                0x0000000008009982       0x20 /Users/olaoren/01_code/zephyrproject/projects/gorochu/build/zephyr/arch/arch/arm/core/cortex_m/libarch__arm__core__cortex_m.a(fault.c.obj)
 .text.z_irq_spurious
                0x00000000080099a2        0x8 /Users/olaoren/01_code/zephyrproject/projects/gorochu/build/zephyr/arch/arch/arm/core/cortex_m/libarch__arm__core__cortex_m.a(irq_manage.c.obj)
                0x00000000080099a2                z_irq_spurious
 .text.size_to_mpu_rasr_size
                0x00000000080099aa       0x20 /Users/olaoren/01_code/zephyrproject/projects/gorochu/build/zephyr/arch/arch/arm/core/mpu/libarch__arm__core__mpu.a(arm_mpu.c.obj)
 .text.z_log_msg_runtime_create.constprop.0
                0x00000000080099ca       0x20 /Users/olaoren/01_code/zephyrproject/projects/gorochu/build/zephyr/arch/arch/arm/core/mpu/libarch__arm__core__mpu.a(arm_mpu.c.obj)
 .text.cbputc   0x00000000080099ea        0xc /Users/olaoren/01_code/zephyrproject/projects/gorochu/build/zephyr/lib/libc/picolibc/liblib__libc__picolibc.a(libc-hooks.c.obj)
 .text.picolibc_put
                0x00000000080099f6        0xa /Users/olaoren/01_code/zephyrproject/projects/gorochu/build/zephyr/lib/libc/picolibc/liblib__libc__picolibc.a(libc-hooks.c.obj)
 .text.fixed_data_unref
                0x0000000008009a00        0x2 /Users/olaoren/01_code/zephyrproject/projects/gorochu/build/zephyr/subsys/net/libsubsys__net.a(buf.c.obj)
 .text.net_buf_alloc_fixed
                0x0000000008009a02        0xa /Users/olaoren/01_code/zephyrproject/projects/gorochu/build/zephyr/subsys/net/libsubsys__net.a(buf.c.obj)
                0x0000000008009a02                net_buf_alloc_fixed
 .text.net_buf_frag_last
                0x0000000008009a0c        0xc /Users/olaoren/01_code/zephyrproject/projects/gorochu/build/zephyr/subsys/net/libsubsys__net.a(buf.c.obj)
                0x0000000008009a0c                net_buf_frag_last
 .text.net_buf_frag_insert
                0x0000000008009a18       0x16 /Users/olaoren/01_code/zephyrproject/projects/gorochu/build/zephyr/subsys/net/libsubsys__net.a(buf.c.obj)
                0x0000000008009a18                net_buf_frag_insert
 .text.net_buf_simple_add
                0x0000000008009a2e        0xc /Users/olaoren/01_code/zephyrproject/projects/gorochu/build/zephyr/subsys/net/libsubsys__net.a(buf_simple.c.obj)
                0x0000000008009a2e                net_buf_simple_add
 .text.net_buf_simple_pull
                0x0000000008009a3a       0x10 /Users/olaoren/01_code/zephyrproject/projects/gorochu/build/zephyr/subsys/net/libsubsys__net.a(buf_simple.c.obj)
                0x0000000008009a3a                net_buf_simple_pull
 .text.net_buf_simple_max_len
                0x0000000008009a4a        0xe /Users/olaoren/01_code/zephyrproject/projects/gorochu/build/zephyr/subsys/net/libsubsys__net.a(buf_simple.c.obj)
                0x0000000008009a4a                net_buf_simple_max_len
 .text.net_ipv4_is_addr_mcast
                0x0000000008009a58       0x10 /Users/olaoren/01_code/zephyrproject/projects/gorochu/build/zephyr/subsys/net/l2/ethernet/libsubsys__net__l2__ethernet.a(ethernet.c.obj)
 .text.ethernet_flags
                0x0000000008009a68        0x8 /Users/olaoren/01_code/zephyrproject/projects/gorochu/build/zephyr/subsys/net/l2/ethernet/libsubsys__net__l2__ethernet.a(ethernet.c.obj)
                0x0000000008009a68                ethernet_flags
 .text.ethernet_enable
                0x0000000008009a70       0x34 /Users/olaoren/01_code/zephyrproject/projects/gorochu/build/zephyr/subsys/net/l2/ethernet/libsubsys__net__l2__ethernet.a(ethernet.c.obj)
 .text.net_eth_is_addr_broadcast
                0x0000000008009aa4       0x2e /Users/olaoren/01_code/zephyrproject/projects/gorochu/build/zephyr/subsys/net/l2/ethernet/libsubsys__net__l2__ethernet.a(ethernet.c.obj)
 .text.carrier_on_off
                0x0000000008009ad2       0x32 /Users/olaoren/01_code/zephyrproject/projects/gorochu/build/zephyr/subsys/net/l2/ethernet/libsubsys__net__l2__ethernet.a(ethernet.c.obj)
 .text.ethernet_recv
                0x0000000008009b04      0x148 /Users/olaoren/01_code/zephyrproject/projects/gorochu/build/zephyr/subsys/net/l2/ethernet/libsubsys__net__l2__ethernet.a(ethernet.c.obj)
 .text.net_eth_ipv4_mcast_to_mac_addr
                0x0000000008009c4c       0x20 /Users/olaoren/01_code/zephyrproject/projects/gorochu/build/zephyr/subsys/net/l2/ethernet/libsubsys__net__l2__ethernet.a(ethernet.c.obj)
                0x0000000008009c4c                net_eth_ipv4_mcast_to_mac_addr
 .text.net_eth_carrier_on
                0x0000000008009c6c       0x28 /Users/olaoren/01_code/zephyrproject/projects/gorochu/build/zephyr/subsys/net/l2/ethernet/libsubsys__net__l2__ethernet.a(ethernet.c.obj)
                0x0000000008009c6c                net_eth_carrier_on
 .text.net_eth_carrier_off
                0x0000000008009c94       0x28 /Users/olaoren/01_code/zephyrproject/projects/gorochu/build/zephyr/subsys/net/l2/ethernet/libsubsys__net__l2__ethernet.a(ethernet.c.obj)
                0x0000000008009c94                net_eth_carrier_off
 .text.sys_slist_prepend
                0x0000000008009cbc        0xe /Users/olaoren/01_code/zephyrproject/projects/gorochu/build/zephyr/subsys/net/l2/ethernet/libsubsys__net__l2__ethernet.a(arp.c.obj)
 .text.sys_slist_remove
                0x0000000008009cca       0x20 /Users/olaoren/01_code/zephyrproject/projects/gorochu/build/zephyr/subsys/net/l2/ethernet/libsubsys__net__l2__ethernet.a(arp.c.obj)
 .text.k_uptime_get_32
                0x0000000008009cea       0x10 /Users/olaoren/01_code/zephyrproject/projects/gorochu/build/zephyr/subsys/net/l2/ethernet/libsubsys__net__l2__ethernet.a(arp.c.obj)
 .text.arp_entry_cleanup
                0x0000000008009cfa       0x2e /Users/olaoren/01_code/zephyrproject/projects/gorochu/build/zephyr/subsys/net/l2/ethernet/libsubsys__net__l2__ethernet.a(arp.c.obj)
 .text.k_mutex_lock.constprop.0.isra.0
                0x0000000008009d28        0x4 /Users/olaoren/01_code/zephyrproject/projects/gorochu/build/zephyr/subsys/net/l2/ethernet/libsubsys__net__l2__ethernet.a(arp.c.obj)
 .text.if_get_addr.isra.0
                0x0000000008009d2c       0x28 /Users/olaoren/01_code/zephyrproject/projects/gorochu/build/zephyr/subsys/net/l2/ethernet/libsubsys__net__l2__ethernet.a(arp.c.obj)
 .text.arp_entry_find.isra.0
                0x0000000008009d54       0x1c /Users/olaoren/01_code/zephyrproject/projects/gorochu/build/zephyr/subsys/net/l2/ethernet/libsubsys__net__l2__ethernet.a(arp.c.obj)
 .text.k_mutex_unlock.isra.0
                0x0000000008009d70        0x4 /Users/olaoren/01_code/zephyrproject/projects/gorochu/build/zephyr/subsys/net/l2/ethernet/libsubsys__net__l2__ethernet.a(arp.c.obj)
 .text.net_arp_input
                0x0000000008009d74      0x1f4 /Users/olaoren/01_code/zephyrproject/projects/gorochu/build/zephyr/subsys/net/l2/ethernet/libsubsys__net__l2__ethernet.a(arp.c.obj)
                0x0000000008009d74                net_arp_input
 .text.processing_data
                0x0000000008009f68       0x66 /Users/olaoren/01_code/zephyrproject/projects/gorochu/build/zephyr/subsys/net/ip/libsubsys__net__ip.a(net_core.c.obj)
 .text.net_init
                0x0000000008009fce       0x2e /Users/olaoren/01_code/zephyrproject/projects/gorochu/build/zephyr/subsys/net/ip/libsubsys__net__ip.a(net_core.c.obj)
 .text.net_send_data
                0x0000000008009ffc       0xf4 /Users/olaoren/01_code/zephyrproject/projects/gorochu/build/zephyr/subsys/net/ip/libsubsys__net__ip.a(net_core.c.obj)
                0x0000000008009ffc                net_send_data
 .text.net_process_rx_packet
                0x000000000800a0f0        0xc /Users/olaoren/01_code/zephyrproject/projects/gorochu/build/zephyr/subsys/net/ip/libsubsys__net__ip.a(net_core.c.obj)
                0x000000000800a0f0                net_process_rx_packet
 .text.net_recv_data
                0x000000000800a0fc       0x6c /Users/olaoren/01_code/zephyrproject/projects/gorochu/build/zephyr/subsys/net/ip/libsubsys__net__ip.a(net_core.c.obj)
                0x000000000800a0fc                net_recv_data
 .text.net_if_l2
                0x000000000800a168        0xa /Users/olaoren/01_code/zephyrproject/projects/gorochu/build/zephyr/subsys/net/ip/libsubsys__net__ip.a(net_if.c.obj)
 .text.net_context_send_cb
                0x000000000800a172       0x14 /Users/olaoren/01_code/zephyrproject/projects/gorochu/build/zephyr/subsys/net/ip/libsubsys__net__ip.a(net_if.c.obj)
 .text.k_uptime_get_32
                0x000000000800a186       0x10 /Users/olaoren/01_code/zephyrproject/projects/gorochu/build/zephyr/subsys/net/ip/libsubsys__net__ip.a(net_if.c.obj)
 .text.atomic_clear_bit
                0x000000000800a196       0x28 /Users/olaoren/01_code/zephyrproject/projects/gorochu/build/zephyr/subsys/net/ip/libsubsys__net__ip.a(net_if.c.obj)
 .text.z_log_msg_runtime_create.constprop.0
                0x000000000800a1be       0x20 /Users/olaoren/01_code/zephyrproject/projects/gorochu/build/zephyr/subsys/net/ip/libsubsys__net__ip.a(net_if.c.obj)
 .text.k_mutex_lock.constprop.0.isra.0
                0x000000000800a1de        0x4 /Users/olaoren/01_code/zephyrproject/projects/gorochu/build/zephyr/subsys/net/ip/libsubsys__net__ip.a(net_if.c.obj)
 .text.net_if_lock
                0x000000000800a1e2        0xe /Users/olaoren/01_code/zephyrproject/projects/gorochu/build/zephyr/subsys/net/ip/libsubsys__net__ip.a(net_if.c.obj)
 .text.net_if_flag_is_set
                0x000000000800a1f0       0x16 /Users/olaoren/01_code/zephyrproject/projects/gorochu/build/zephyr/subsys/net/ip/libsubsys__net__ip.a(net_if.c.obj)
 .text.l2_flags_get.isra.0
                0x000000000800a206       0x18 /Users/olaoren/01_code/zephyrproject/projects/gorochu/build/zephyr/subsys/net/ip/libsubsys__net__ip.a(net_if.c.obj)
 .text.net_if_flag_set.isra.0
                0x000000000800a21e       0x1e /Users/olaoren/01_code/zephyrproject/projects/gorochu/build/zephyr/subsys/net/ip/libsubsys__net__ip.a(net_if.c.obj)
 .text.k_mutex_unlock.isra.0
                0x000000000800a23c        0x4 /Users/olaoren/01_code/zephyrproject/projects/gorochu/build/zephyr/subsys/net/ip/libsubsys__net__ip.a(net_if.c.obj)
 .text.if_ipv4_get_addr
                0x000000000800a240       0x5a /Users/olaoren/01_code/zephyrproject/projects/gorochu/build/zephyr/subsys/net/ip/libsubsys__net__ip.a(net_if.c.obj)
 .text.atomic_test_and_set_bit
                0x000000000800a29a       0x32 /Users/olaoren/01_code/zephyrproject/projects/gorochu/build/zephyr/subsys/net/ip/libsubsys__net__ip.a(net_if.c.obj)
 .text.atomic_test_and_clear_bit
                0x000000000800a2cc       0x34 /Users/olaoren/01_code/zephyrproject/projects/gorochu/build/zephyr/subsys/net/ip/libsubsys__net__ip.a(net_if.c.obj)
 .text.net_if_set_link_addr_locked
                0x000000000800a300       0x3e /Users/olaoren/01_code/zephyrproject/projects/gorochu/build/zephyr/subsys/net/ip/libsubsys__net__ip.a(net_if.c.obj)
                0x000000000800a300                net_if_set_link_addr_locked
 .text.net_if_ipv4_get_ttl
                0x000000000800a33e       0x1c /Users/olaoren/01_code/zephyrproject/projects/gorochu/build/zephyr/subsys/net/ip/libsubsys__net__ip.a(net_if.c.obj)
                0x000000000800a33e                net_if_ipv4_get_ttl
 .text.net_if_ipv4_addr_mask_cmp
                0x000000000800a35a       0x3e /Users/olaoren/01_code/zephyrproject/projects/gorochu/build/zephyr/subsys/net/ip/libsubsys__net__ip.a(net_if.c.obj)
                0x000000000800a35a                net_if_ipv4_addr_mask_cmp
 .text.ipv4_is_broadcast_address
                0x000000000800a398       0x3a /Users/olaoren/01_code/zephyrproject/projects/gorochu/build/zephyr/subsys/net/ip/libsubsys__net__ip.a(net_if.c.obj)
 .text.net_if_ipv4_get_ll
                0x000000000800a3d2        0x6 /Users/olaoren/01_code/zephyrproject/projects/gorochu/build/zephyr/subsys/net/ip/libsubsys__net__ip.a(net_if.c.obj)
                0x000000000800a3d2                net_if_ipv4_get_ll
 .text.net_if_ipv4_get_global_addr
                0x000000000800a3d8        0x6 /Users/olaoren/01_code/zephyrproject/projects/gorochu/build/zephyr/subsys/net/ip/libsubsys__net__ip.a(net_if.c.obj)
                0x000000000800a3d8                net_if_ipv4_get_global_addr
 .text.net_if_ipv4_set_netmask
                0x000000000800a3de       0x2a /Users/olaoren/01_code/zephyrproject/projects/gorochu/build/zephyr/subsys/net/ip/libsubsys__net__ip.a(net_if.c.obj)
                0x000000000800a3de                net_if_ipv4_set_netmask
 .text.net_if_ipv4_set_gw
                0x000000000800a408       0x2a /Users/olaoren/01_code/zephyrproject/projects/gorochu/build/zephyr/subsys/net/ip/libsubsys__net__ip.a(net_if.c.obj)
                0x000000000800a408                net_if_ipv4_set_gw
 .text.net_if_recv_data
                0x000000000800a432       0x12 /Users/olaoren/01_code/zephyrproject/projects/gorochu/build/zephyr/subsys/net/ip/libsubsys__net__ip.a(net_if.c.obj)
                0x000000000800a432                net_if_recv_data
 .text.net_if_queue_tx
                0x000000000800a444       0x18 /Users/olaoren/01_code/zephyrproject/projects/gorochu/build/zephyr/subsys/net/ip/libsubsys__net__ip.a(net_if.c.obj)
                0x000000000800a444                net_if_queue_tx
 .text.net_if_send_data
                0x000000000800a45c       0x6c /Users/olaoren/01_code/zephyrproject/projects/gorochu/build/zephyr/subsys/net/ip/libsubsys__net__ip.a(net_if.c.obj)
                0x000000000800a45c                net_if_send_data
 .text.net_if_need_calc_tx_checksum
                0x000000000800a4c8        0x6 /Users/olaoren/01_code/zephyrproject/projects/gorochu/build/zephyr/subsys/net/ip/libsubsys__net__ip.a(net_if.c.obj)
                0x000000000800a4c8                net_if_need_calc_tx_checksum
 .text.net_if_need_calc_rx_checksum
                0x000000000800a4ce        0x6 /Users/olaoren/01_code/zephyrproject/projects/gorochu/build/zephyr/subsys/net/ip/libsubsys__net__ip.a(net_if.c.obj)
                0x000000000800a4ce                net_if_need_calc_rx_checksum
 .text.net_if_carrier_on
                0x000000000800a4d4       0x26 /Users/olaoren/01_code/zephyrproject/projects/gorochu/build/zephyr/subsys/net/ip/libsubsys__net__ip.a(net_if.c.obj)
                0x000000000800a4d4                net_if_carrier_on
 .text.net_if_carrier_off
                0x000000000800a4fa       0x26 /Users/olaoren/01_code/zephyrproject/projects/gorochu/build/zephyr/subsys/net/ip/libsubsys__net__ip.a(net_if.c.obj)
                0x000000000800a4fa                net_if_carrier_off
 .text.net_if_set_name
                0x000000000800a520       0x30 /Users/olaoren/01_code/zephyrproject/projects/gorochu/build/zephyr/subsys/net/ip/libsubsys__net__ip.a(net_if.c.obj)
                0x000000000800a520                net_if_set_name
 .text.net_byte_to_hex