Archive member included to satisfy reference by file (symbol)

app/libapp.a(main.c.obj)      (--whole-archive)
app/libapp.a(ds18b20.c.obj)   (--whole-archive)
app/libapp.a(general.c.obj)   (--whole-archive)
app/libapp.a(DO.c.obj)        (--whole-archive)
app/libapp.a(mqtt_client.c.obj)
                              (--whole-archive)
app/libapp.a(variables.c.obj)
                              (--whole-archive)
zephyr/libzephyr.a(crc32c_sw.c.obj)
                              (--whole-archive)
zephyr/libzephyr.a(crc32_sw.c.obj)
                              (--whole-archive)
zephyr/libzephyr.a(crc16_sw.c.obj)
                              (--whole-archive)
zephyr/libzephyr.a(crc8_sw.c.obj)
                              (--whole-archive)
zephyr/libzephyr.a(crc7_sw.c.obj)
                              (--whole-archive)
zephyr/libzephyr.a(crc4_sw.c.obj)
                              (--whole-archive)
zephyr/libzephyr.a(base64.c.obj)
                              (--whole-archive)
zephyr/libzephyr.a(cbprintf_packaged.c.obj)
                              (--whole-archive)
zephyr/libzephyr.a(dec.c.obj)
                              (--whole-archive)
zephyr/libzephyr.a(hex.c.obj)
                              (--whole-archive)
zephyr/libzephyr.a(printk.c.obj)
                              (--whole-archive)
zephyr/libzephyr.a(rb.c.obj)  (--whole-archive)
zephyr/libzephyr.a(sem.c.obj)
                              (--whole-archive)
zephyr/libzephyr.a(thread_entry.c.obj)
                              (--whole-archive)
zephyr/libzephyr.a(timeutil.c.obj)
                              (--whole-archive)
zephyr/libzephyr.a(heap.c.obj)
                              (--whole-archive)
zephyr/libzephyr.a(heap-validate.c.obj)
                              (--whole-archive)
zephyr/libzephyr.a(bitarray.c.obj)
                              (--whole-archive)
zephyr/libzephyr.a(multi_heap.c.obj)
                              (--whole-archive)
zephyr/libzephyr.a(fdtable.c.obj)
                              (--whole-archive)
zephyr/libzephyr.a(cbprintf_complete.c.obj)
                              (--whole-archive)
zephyr/libzephyr.a(assert.c.obj)
                              (--whole-archive)
zephyr/libzephyr.a(mpsc_pbuf.c.obj)
                              (--whole-archive)
zephyr/libzephyr.a(configs.c.obj)
                              (--whole-archive)
zephyr/libzephyr.a(soc_m7.c.obj)
                              (--whole-archive)
zephyr/libzephyr.a(mpu_regions.c.obj)
                              (--whole-archive)
zephyr/libzephyr.a(stm32cube_hal.c.obj)
                              (--whole-archive)
zephyr/libzephyr.a(soc_config.c.obj)
                              (--whole-archive)
zephyr/libzephyr.a(log_core.c.obj)
                              (--whole-archive)
zephyr/libzephyr.a(log_mgmt.c.obj)
                              (--whole-archive)
zephyr/libzephyr.a(log_cache.c.obj)
                              (--whole-archive)
zephyr/libzephyr.a(log_msg.c.obj)
                              (--whole-archive)
zephyr/libzephyr.a(log_output.c.obj)
                              (--whole-archive)
zephyr/libzephyr.a(log_backend_uart.c.obj)
                              (--whole-archive)
zephyr/libzephyr.a(mem_attr.c.obj)
                              (--whole-archive)
zephyr/libzephyr.a(tracing_none.c.obj)
                              (--whole-archive)
zephyr/libzephyr.a(addr_utils.c.obj)
                              (--whole-archive)
zephyr/libzephyr.a(getaddrinfo.c.obj)
                              (--whole-archive)
zephyr/libzephyr.a(sockets.c.obj)
                              (--whole-archive)
zephyr/libzephyr.a(sockets_select.c.obj)
                              (--whole-archive)
zephyr/libzephyr.a(getnameinfo.c.obj)
                              (--whole-archive)
zephyr/libzephyr.a(sockets_misc.c.obj)
                              (--whole-archive)
zephyr/arch/common/libarch__common.a(sw_isr_common.c.obj)
                              (--whole-archive)
zephyr/arch/arch/arm/core/libarch__arm__core.a(fatal.c.obj)
                              (--whole-archive)
zephyr/arch/arch/arm/core/libarch__arm__core.a(nmi.c.obj)
                              (--whole-archive)
zephyr/arch/arch/arm/core/libarch__arm__core.a(nmi_on_reset.S.obj)
                              (--whole-archive)
zephyr/arch/arch/arm/core/libarch__arm__core.a(tls.c.obj)
                              (--whole-archive)
zephyr/arch/arch/arm/core/cortex_m/libarch__arm__core__cortex_m.a(exc_exit.S.obj)
                              (--whole-archive)
zephyr/arch/arch/arm/core/cortex_m/libarch__arm__core__cortex_m.a(fault.c.obj)
                              (--whole-archive)
zephyr/arch/arch/arm/core/cortex_m/libarch__arm__core__cortex_m.a(fault_s.S.obj)
                              (--whole-archive)
zephyr/arch/arch/arm/core/cortex_m/libarch__arm__core__cortex_m.a(fpu.c.obj)
                              (--whole-archive)
[...]
Memory Configuration

Name             Origin             Length             Attributes
FLASH            0x0000000008000000 0x0000000000100000 xr
RAM              0x0000000024000000 0x0000000000050000 xw
BACKUP_SRAM      0x0000000038800000 0x0000000000001000
QSPI             0x0000000090000000 0x0000000010000000
SRAM1            0x0000000030000000 0x0000000000004000
SRAM2            0x0000000030004000 0x0000000000004000
SRAM4            0x0000000038000000 0x0000000000004000
DTCM             0x0000000020000000 0x0000000000020000
ITCM             0x0000000000000000 0x0000000000010000
IDT_LIST         0x00000000fffff7ff 0x0000000000000800 xw
*default*        0x0000000000000000 0xffffffffffffffff

Linker script and memory map

                0x000000000800f2e4                vfprintf = __i_vfprintf
                0x0000000000000000                vfscanf = __i_vfscanf
LOAD zephyr/CMakeFiles/zephyr_final.dir/misc/empty_file.c.obj
LOAD zephyr/CMakeFiles/zephyr_final.dir/isr_tables.c.obj
LOAD zephyr/CMakeFiles/offsets.dir/./arch/arm/core/offsets/offsets.c.obj
LOAD app/libapp.a
LOAD zephyr/libzephyr.a
LOAD zephyr/arch/common/libarch__common.a
LOAD zephyr/arch/arch/arm/core/libarch__arm__core.a
LOAD zephyr/arch/arch/arm/core/cortex_m/libarch__arm__core__cortex_m.a
LOAD zephyr/arch/arch/arm/core/mpu/libarch__arm__core__mpu.a
LOAD zephyr/lib/libc/picolibc/liblib__libc__picolibc.a
LOAD zephyr/lib/libc/common/liblib__libc__common.a
LOAD zephyr/subsys/random/libsubsys__random.a
LOAD zephyr/subsys/net/libsubsys__net.a
LOAD zephyr/subsys/net/l2/ethernet/libsubsys__net__l2__ethernet.a
LOAD zephyr/subsys/net/ip/libsubsys__net__ip.a
LOAD zephyr/subsys/net/lib/mqtt/libsubsys__net__lib__mqtt.a
LOAD zephyr/subsys/net/lib/http/libsubsys__net__lib__http.a
LOAD zephyr/subsys/net/lib/websocket/libwebsocket_client.a
LOAD zephyr/drivers/interrupt_controller/libdrivers__interrupt_controller.a
LOAD zephyr/drivers/clock_control/libdrivers__clock_control.a
LOAD zephyr/drivers/console/libdrivers__console.a
LOAD zephyr/drivers/entropy/libdrivers__entropy.a
LOAD zephyr/drivers/gpio/libdrivers__gpio.a
LOAD zephyr/drivers/hwinfo/libdrivers__hwinfo.a
LOAD zephyr/drivers/ethernet/libdrivers__ethernet.a
LOAD zephyr/drivers/pinctrl/libdrivers__pinctrl.a
LOAD zephyr/drivers/reset/libdrivers__reset.a
LOAD zephyr/drivers/sensor/ds18b20/libdrivers__sensor__ds18b20.a
LOAD zephyr/drivers/serial/libdrivers__serial.a
LOAD zephyr/drivers/timer/libdrivers__timer.a
LOAD zephyr/drivers/w1/libdrivers__w1.a
LOAD modules/stm32/stm32cube/lib..__modules__hal__stm32__stm32cube.a
LOAD modules/mbedtls/libmbedTLSBase.a
LOAD modules/mbedtls/libmbedTLSCrypto.a
LOAD modules/mbedtls/libmbedTLSX509.a
LOAD modules/mbedtls/libmodules__mbedtls.a
LOAD zephyr/kernel/libkernel.a
LOAD /Users/olaoren/zephyr-sdk-0.16.3/arm-zephyr-eabi/bin/../lib/gcc/arm-zephyr-eabi/12.2.0/thumb/v7e-m/nofp/libgcc.a
LOAD zephyr/arch/common/libisr_tables.a
LOAD modules/mbedtls/libmbedTLSBase.a
LOAD modules/mbedtls/libmbedTLSCrypto.a
LOAD modules/mbedtls/libmbedTLSX509.a
LOAD /Users/olaoren/zephyr-sdk-0.16.3/arm-zephyr-eabi/bin/../lib/gcc/../../picolibc/arm-zephyr-eabi/lib/thumb/v7e-m/nofp/libc.a
LOAD /Users/olaoren/zephyr-sdk-0.16.3/arm-zephyr-eabi/bin/../lib/gcc/arm-zephyr-eabi/12.2.0/thumb/v7e-m/nofp/libgcc.a
                0x0000000000000020                _region_min_align = 0x20

.rel.plt        0x0000000008000000        0x0
 *(SORT_BY_ALIGNMENT(.rel.plt))
                [!provide]                        PROVIDE (__rel_iplt_start = .)
 *(SORT_BY_ALIGNMENT(.rel.iplt))
 .rel.iplt      0x0000000008000000        0x0 zephyr/CMakeFiles/zephyr_final.dir/isr_tables.c.obj
                [!provide]                        PROVIDE (__rel_iplt_end = .)

.rela.plt       0x0000000000000000        0x0
 *(SORT_BY_ALIGNMENT(.rela.plt))
                [!provide]                        PROVIDE (__rela_iplt_start = .)
 *(SORT_BY_ALIGNMENT(.rela.iplt))
                [!provide]                        PROVIDE (__rela_iplt_end = .)

.rel.dyn
 *(SORT_BY_ALIGNMENT(.rel.*))

.rela.dyn
 *(SORT_BY_ALIGNMENT(.rela.*))

/DISCARD/
 *(SORT_BY_ALIGNMENT(.plt))

/DISCARD/
 *(SORT_BY_ALIGNMENT(.iplt))
                0x0000000008000000                __rom_region_start = 0x8000000

rom_start       0x0000000008000000      0x2cc
                0x0000000008000000                __rom_start_address = .
 FILL mask 0x00
                0x0000000008000000                . = (. + (0x0 - (. - __rom_start_address)))
                0x0000000008000000                . = ALIGN (0x4)
                0x0000000008000000                . = ALIGN (0x80)
                0x0000000008000000                . = ALIGN (0x400)
                0x0000000008000000                _vector_start = .
 *(SORT_BY_ALIGNMENT(.exc_vector_table))
 *(SORT_BY_ALIGNMENT(.exc_vector_table.*))
 .exc_vector_table._vector_table_section
                0x0000000008000000       0x40 zephyr/arch/arch/arm/core/cortex_m/libarch__arm__core__cortex_m.a(vector_table.S.obj)
                0x0000000008000000                _vector_table
 *(SORT_BY_ALIGNMENT(.vectors))
                0x00000000080002cc                _vector_end = .
                0x0000000008000040                . = ALIGN (0x4)
 *(SORT_BY_ALIGNMENT(.gnu.linkonce.irq_vector_table*))
 .gnu.linkonce.irq_vector_table
                0x0000000008000040      0x28c zephyr/CMakeFiles/zephyr_final.dir/isr_tables.c.obj
                0x0000000008000040                _irq_vector_table
                0x00000000080002cc                _vector_end = .

text            0x00000000080002d0    0x14fa8
                0x00000000080002d0                __text_region_start = .
 *(SORT_BY_ALIGNMENT(.text))
 .text          0x00000000080002d0       0xa0 /Users/olaoren/zephyr-sdk-0.16.3/arm-zephyr-eabi/bin/../lib/gcc/../../picolibc/arm-zephyr-eabi/lib/thumb/v7e-m/nofp/libc.a(memchr.S.o)
                0x00000000080002d0                memchr
 .text          0x0000000008000370      0x21c /Users/olaoren/zephyr-sdk-0.16.3/arm-zephyr-eabi/bin/../lib/gcc/arm-zephyr-eabi/12.2.0/thumb/v7e-m/nofp/libgcc.a(_arm_addsubsf3.o)
                0x0000000008000370                __aeabi_frsub
                0x0000000008000378                __aeabi_fsub
                0x0000000008000378                __subsf3
                0x000000000800037c                __aeabi_fadd
                0x000000000800037c                __addsf3
                0x00000000080004dc                __aeabi_ui2f
                0x00000000080004dc                __floatunsisf
                0x00000000080004e4                __floatsisf
                0x00000000080004e4                __aeabi_i2f
                0x0000000008000500                __aeabi_ul2f
                0x0000000008000500                __floatundisf
                0x0000000008000510                __aeabi_l2f
                0x0000000008000510                __floatdisf
 .text          0x000000000800058c      0x2a0 /Users/olaoren/zephyr-sdk-0.16.3/arm-zephyr-eabi/bin/../lib/gcc/arm-zephyr-eabi/12.2.0/thumb/v7e-m/nofp/libgcc.a(_arm_muldivsf3.o)
                0x000000000800058c                __mulsf3
                0x000000000800058c                __aeabi_fmul
                0x00000000080006f4                __divsf3
                0x00000000080006f4                __aeabi_fdiv
 .text          0x000000000800082c       0x40 /Users/olaoren/zephyr-sdk-0.16.3/arm-zephyr-eabi/bin/../lib/gcc/arm-zephyr-eabi/12.2.0/thumb/v7e-m/nofp/libgcc.a(_arm_fixunssfsi.o)
                0x000000000800082c                __aeabi_f2uiz
                0x000000000800082c                __fixunssfsi
 .text          0x000000000800086c       0xa0 /Users/olaoren/zephyr-sdk-0.16.3/arm-zephyr-eabi/bin/../lib/gcc/arm-zephyr-eabi/12.2.0/thumb/v7e-m/nofp/libgcc.a(_aeabi_ldivmod.o)
                0x000000000800086c                __aeabi_ldivmod
 .text          0x000000000800090c       0x30 /Users/olaoren/zephyr-sdk-0.16.3/arm-zephyr-eabi/bin/../lib/gcc/arm-zephyr-eabi/12.2.0/thumb/v7e-m/nofp/libgcc.a(_aeabi_uldivmod.o)
                0x000000000800090c                __aeabi_uldivmod
 .text          0x000000000800093c        0x4 /Users/olaoren/zephyr-sdk-0.16.3/arm-zephyr-eabi/bin/../lib/gcc/arm-zephyr-eabi/12.2.0/thumb/v7e-m/nofp/libgcc.a(_dvmd_tls.o)
                0x000000000800093c                __aeabi_ldiv0
                0x000000000800093c                __aeabi_idiv0
 .text          0x0000000008000940      0x2a0 /Users/olaoren/zephyr-sdk-0.16.3/arm-zephyr-eabi/bin/../lib/gcc/arm-zephyr-eabi/12.2.0/thumb/v7e-m/nofp/libgcc.a(_udivmoddi4.o)
                0x0000000008000940                __udivmoddi4
 .text          0x0000000008000be0       0x10 /Users/olaoren/zephyr-sdk-0.16.3/arm-zephyr-eabi/bin/../lib/gcc/../../picolibc/arm-zephyr-eabi/lib/thumb/v7e-m/nofp/libc.a(strlen.S.o)
                0x0000000008000be0                strlen
 *(SORT_BY_ALIGNMENT(.text.*))
 .text.main     0x0000000008000bf0      0x188 app/libapp.a(main.c.obj)
                0x0000000008000bf0                main
 .text.get_ds18b20_device
                0x0000000008000d78       0x30 app/libapp.a(ds18b20.c.obj)
                0x0000000008000d78                get_ds18b20_device
 .text.store_mac_address
                0x0000000008000da8       0x6c app/libapp.a(general.c.obj)
                0x0000000008000da8                store_mac_address
 .text.dhcp_handler
                0x0000000008000e14       0x84 app/libapp.a(general.c.obj)
                0x0000000008000e14                dhcp_handler
 .text.mqtt_event_handler
                0x0000000008000e98       0x48 app/libapp.a(mqtt_client.c.obj)
                0x0000000008000e98                mqtt_event_handler
 .text.mqtt_init
                0x0000000008000ee0       0x64 app/libapp.a(mqtt_client.c.obj)
                0x0000000008000ee0                mqtt_init
 .text.base64_encode
                0x0000000008000f44       0xfc zephyr/libzephyr.a(base64.c.obj)
                0x0000000008000f44                base64_encode
 .text.cbvprintf_package
                0x0000000008001040      0x3a4 zephyr/libzephyr.a(cbprintf_packaged.c.obj)
                0x0000000008001040                cbvprintf_package
 .text.cbprintf_package_convert
                0x00000000080013e4      0x354 zephyr/libzephyr.a(cbprintf_packaged.c.obj)
                0x00000000080013e4                cbprintf_package_convert
 .text.__printk_hook_install
                0x0000000008001738        0xc zephyr/libzephyr.a(printk.c.obj)
                0x0000000008001738                __printk_hook_install
 .text.z_thread_entry
                0x0000000008001744       0x34 zephyr/libzephyr.a(thread_entry.c.obj)
                0x0000000008001744                z_thread_entry
 .text._check_fd
                0x0000000008001778       0x38 zephyr/libzephyr.a(fdtable.c.obj)
 .text.z_get_fd_obj
                0x00000000080017b0       0x3c zephyr/libzephyr.a(fdtable.c.obj)
                0x00000000080017b0                z_get_fd_obj
 .text.z_get_fd_obj_and_vtable
                0x00000000080017ec       0x34 zephyr/libzephyr.a(fdtable.c.obj)
                0x00000000080017ec                z_get_fd_obj_and_vtable
 .text.z_reserve_fd
                0x0000000008001820       0x88 zephyr/libzephyr.a(fdtable.c.obj)
                0x0000000008001820                z_reserve_fd
 .text.z_finalize_fd
                0x00000000080018a8       0x30 zephyr/libzephyr.a(fdtable.c.obj)
                0x00000000080018a8                z_finalize_fd
 .text.z_free_fd
                0x00000000080018d8       0x4c zephyr/libzephyr.a(fdtable.c.obj)
                0x00000000080018d8                z_free_fd
 .text.stm32h7_init
                0x0000000008001924       0xe4 zephyr/libzephyr.a(soc_m7.c.obj)
 .text.activate_foreach_backend
                0x0000000008001a08       0x64 zephyr/libzephyr.a(log_core.c.obj)
 .text.enable_logger
                0x0000000008001a6c       0x5c zephyr/libzephyr.a(log_core.c.obj)
 .text.log_process_thread_timer_expiry_fn
                0x0000000008001ac8        0xc zephyr/libzephyr.a(log_core.c.obj)
 .text.z_log_init
                0x0000000008001ad4       0x8c zephyr/libzephyr.a(log_core.c.obj)
 .text.log_format_func_t_get
                0x0000000008001b60        0xc zephyr/libzephyr.a(log_core.c.obj)
                0x0000000008001b60                log_format_func_t_get
 .text.log_set_timestamp_func
                0x0000000008001b6c       0x20 zephyr/libzephyr.a(log_core.c.obj)
                0x0000000008001b6c                log_set_timestamp_func
 .text.z_log_notify_backend_enabled
                0x0000000008001b8c       0x1c zephyr/libzephyr.a(log_core.c.obj)
                0x0000000008001b8c                z_log_notify_backend_enabled
 .text.z_log_dropped
                0x0000000008001ba8       0x30 zephyr/libzephyr.a(log_core.c.obj)
                0x0000000008001ba8                z_log_dropped
 .text.z_log_dropped_read_and_clear
                0x0000000008001bd8       0x20 zephyr/libzephyr.a(log_core.c.obj)
                0x0000000008001bd8                z_log_dropped_read_and_clear
 .text.dropped_notify
                0x0000000008001bf8       0x30 zephyr/libzephyr.a(log_core.c.obj)
                0x0000000008001bf8                dropped_notify
 .text.z_log_msg_init
                0x0000000008001c28       0x20 zephyr/libzephyr.a(log_core.c.obj)
                0x0000000008001c28                z_log_msg_init
 .text.log_core_init
                0x0000000008001c48       0x34 zephyr/libzephyr.a(log_core.c.obj)
                0x0000000008001c48                log_core_init
 .text.z_log_msg_alloc
                0x0000000008001c7c       0x10 zephyr/libzephyr.a(log_core.c.obj)
                0x0000000008001c7c                z_log_msg_alloc
 .text.z_log_msg_local_claim
                0x0000000008001c8c        0xc zephyr/libzephyr.a(log_core.c.obj)
                0x0000000008001c8c                z_log_msg_local_claim
 .text.z_log_msg_free
                0x0000000008001c98       0x10 zephyr/libzephyr.a(log_core.c.obj)
                0x0000000008001c98                z_log_msg_free
 .text.z_log_msg_pending
                0x0000000008001ca8        0xc zephyr/libzephyr.a(log_core.c.obj)
                0x0000000008001ca8                z_log_msg_pending
 .text.z_impl_log_process
                0x0000000008001cb4       0xb0 zephyr/libzephyr.a(log_core.c.obj)
                0x0000000008001cb4                z_impl_log_process
 .text.z_impl_log_panic
                0x0000000008001d64       0x44 zephyr/libzephyr.a(log_core.c.obj)
                0x0000000008001d64                z_impl_log_panic
 .text.log_process_thread_func
                0x0000000008001da8       0xa4 zephyr/libzephyr.a(log_core.c.obj)
 .text.z_log_msg_post_finalize
                0x0000000008001e4c       0x78 zephyr/libzephyr.a(log_core.c.obj)
 .text.z_log_msg_commit
                0x0000000008001ec4       0x24 zephyr/libzephyr.a(log_core.c.obj)
                0x0000000008001ec4                z_log_msg_commit
 .text.log_source_name_get
                0x0000000008001ee8       0x1c zephyr/libzephyr.a(log_mgmt.c.obj)
                0x0000000008001ee8                log_source_name_get
 .text.log_backend_enable
                0x0000000008001f04       0x28 zephyr/libzephyr.a(log_mgmt.c.obj)
                0x0000000008001f04                log_backend_enable
 .text.z_impl_z_log_msg_static_create
                0x0000000008001f2c       0xd8 zephyr/libzephyr.a(log_msg.c.obj)
                0x0000000008001f2c                z_impl_z_log_msg_static_create
 .text.z_impl_z_log_msg_runtime_vcreate
                0x0000000008002004       0x8c zephyr/libzephyr.a(log_msg.c.obj)
                0x0000000008002004                z_impl_z_log_msg_runtime_vcreate
 .text.print_formatted
                0x0000000008002090       0x24 zephyr/libzephyr.a(log_output.c.obj)
 .text.newline_print
                0x00000000080020b4       0x1c zephyr/libzephyr.a(log_output.c.obj)
 .text.log_output_process
                0x00000000080020d0      0x2a8 zephyr/libzephyr.a(log_output.c.obj)
                0x00000000080020d0                log_output_process
 .text.log_output_msg_process
                0x0000000008002378       0x70 zephyr/libzephyr.a(log_output.c.obj)
                0x0000000008002378                log_output_msg_process
 .text.log_output_dropped_process
                0x00000000080023e8       0x58 zephyr/libzephyr.a(log_output.c.obj)
                0x00000000080023e8                log_output_dropped_process
 .text.log_output_timestamp_freq_set
                0x0000000008002440       0x2c zephyr/libzephyr.a(log_output.c.obj)
                0x0000000008002440                log_output_timestamp_freq_set
 .text.char_out
                0x000000000800246c       0x24 zephyr/libzephyr.a(log_backend_uart.c.obj)
 .text.mem_attr_get_regions
                0x0000000008002490        0xc zephyr/libzephyr.a(mem_attr.c.obj)
                0x0000000008002490                mem_attr_get_regions
 .text.get_sock_vtable.part.0
                0x000000000800249c       0x28 zephyr/libzephyr.a(sockets.c.obj)
 .text.zsock_socket_internal
                0x00000000080024c4       0x84 zephyr/libzephyr.a(sockets.c.obj)
 .text.zsock_accepted_cb
                0x0000000008002548       0x4c zephyr/libzephyr.a(sockets.c.obj)
 .text.send_check_and_wait
                0x0000000008002594       0xc8 zephyr/libzephyr.a(sockets.c.obj)
 .text.sock_ioctl_vmeth
                0x000000000800265c      0x144 zephyr/libzephyr.a(sockets.c.obj)
 .text.z_impl_zsock_socket
                0x00000000080027a0       0x58 zephyr/libzephyr.a(sockets.c.obj)
                0x00000000080027a0                z_impl_zsock_socket
 .text.zsock_close_ctx
                0x00000000080027f8       0x5c zephyr/libzephyr.a(sockets.c.obj)
                0x00000000080027f8                zsock_close_ctx
 .text.z_impl_zsock_close
                0x0000000008002854       0x50 zephyr/libzephyr.a(sockets.c.obj)
                0x0000000008002854                z_impl_zsock_close
 .text.zsock_shutdown_ctx
                0x00000000080028a4       0x68 zephyr/libzephyr.a(sockets.c.obj)
                0x00000000080028a4                zsock_shutdown_ctx
 .text.zsock_bind_ctx
                0x000000000800290c       0x4c zephyr/libzephyr.a(sockets.c.obj)
                0x000000000800290c                zsock_bind_ctx
 .text.zsock_connect_ctx
                0x0000000008002958       0xc8 zephyr/libzephyr.a(sockets.c.obj)
                0x0000000008002958                zsock_connect_ctx
 .text.z_impl_zsock_connect
                0x0000000008002a20       0x58 zephyr/libzephyr.a(sockets.c.obj)
                0x0000000008002a20                z_impl_zsock_connect
 .text.zsock_listen_ctx
                0x0000000008002a78       0x3c zephyr/libzephyr.a(sockets.c.obj)
                0x0000000008002a78                zsock_listen_ctx
 .text.zsock_sendto_ctx
                0x0000000008002ab4      0x108 zephyr/libzephyr.a(sockets.c.obj)
                0x0000000008002ab4                zsock_sendto_ctx
 .text.z_impl_zsock_sendto
                0x0000000008002bbc       0x6c zephyr/libzephyr.a(sockets.c.obj)
                0x0000000008002bbc                z_impl_zsock_sendto
 .text.zsock_sendmsg_ctx
                0x0000000008002c28       0xb4 zephyr/libzephyr.a(sockets.c.obj)
                0x0000000008002c28                zsock_sendmsg_ctx
 .text.z_impl_zsock_sendmsg
                0x0000000008002cdc       0x58 zephyr/libzephyr.a(sockets.c.obj)
                0x0000000008002cdc                z_impl_zsock_sendmsg
 .text.zsock_wait_data
                0x0000000008002d34       0x60 zephyr/libzephyr.a(sockets.c.obj)
                0x0000000008002d34                zsock_wait_data
 .text.zsock_accept_ctx
                0x0000000008002d94      0x124 zephyr/libzephyr.a(sockets.c.obj)
                0x0000000008002d94                zsock_accept_ctx
 .text.zsock_recvfrom_ctx
                0x0000000008002eb8      0x2f4 zephyr/libzephyr.a(sockets.c.obj)
                0x0000000008002eb8                zsock_recvfrom_ctx
 .text.z_impl_zsock_recvfrom
                0x00000000080031ac       0x6c zephyr/libzephyr.a(sockets.c.obj)
                0x00000000080031ac                z_impl_zsock_recvfrom
 .text.zsock_poll_internal
                0x0000000008003218      0x204 zephyr/libzephyr.a(sockets.c.obj)
                0x0000000008003218                zsock_poll_internal
 .text.zsock_getsockopt_ctx
                0x000000000800341c       0x94 zephyr/libzephyr.a(sockets.c.obj)
                0x000000000800341c                zsock_getsockopt_ctx
 .text.zsock_setsockopt_ctx
                0x00000000080034b0       0xcc zephyr/libzephyr.a(sockets.c.obj)
                0x00000000080034b0                zsock_setsockopt_ctx
 .text.zsock_getpeername_ctx
                0x000000000800357c       0x68 zephyr/libzephyr.a(sockets.c.obj)
                0x000000000800357c                zsock_getpeername_ctx
 .text.zsock_getsockname_ctx
                0x00000000080035e4       0x50 zephyr/libzephyr.a(sockets.c.obj)
                0x00000000080035e4                zsock_getsockname_ctx
 .text.z_arm_fatal_error
                0x0000000008003634       0xa0 zephyr/arch/arch/arm/core/libarch__arm__core.a(fatal.c.obj)
                0x0000000008003634                z_arm_fatal_error
 .text.z_SysNmiOnReset
                0x00000000080036d4        0x8 zephyr/arch/arch/arm/core/libarch__arm__core.a(nmi_on_reset.S.obj)
                0x00000000080036d4                z_SysNmiOnReset
 .text.arch_tls_stack_setup
                0x00000000080036dc       0x5c zephyr/arch/arch/arm/core/libarch__arm__core.a(tls.c.obj)
                0x00000000080036dc                arch_tls_stack_setup
 .text._HandlerModeExit
                0x0000000008003738       0x1c zephyr/arch/arch/arm/core/cortex_m/libarch__arm__core__cortex_m.a(exc_exit.S.obj)
                0x0000000008003738                z_arm_exc_exit
                0x0000000008003738                z_arm_int_exit
 .text.bus_fault.constprop.0
                0x0000000008003754       0xd0 zephyr/arch/arch/arm/core/cortex_m/libarch__arm__core__cortex_m.a(fault.c.obj)
 .text.usage_fault.constprop.0
                0x0000000008003824       0xa8 zephyr/arch/arch/arm/core/cortex_m/libarch__arm__core__cortex_m.a(fault.c.obj)
 .text.mem_manage_fault
                0x00000000080038cc      0x104 zephyr/arch/arch/arm/core/cortex_m/libarch__arm__core__cortex_m.a(fault.c.obj)
 .text.z_arm_fault
                0x00000000080039d0      0x1b4 zephyr/arch/arch/arm/core/cortex_m/libarch__arm__core__cortex_m.a(fault.c.obj)
                0x00000000080039d0                z_arm_fault
 .text.z_arm_fault_init
                0x0000000008003b84       0x10 zephyr/arch/arch/arm/core/cortex_m/libarch__arm__core__cortex_m.a(fault.c.obj)
                0x0000000008003b84                z_arm_fault_init
 .text.__fault  0x0000000008003b94       0x14 zephyr/arch/arch/arm/core/cortex_m/libarch__arm__core__cortex_m.a(fault_s.S.obj)
                0x0000000008003b94                z_arm_bus_fault
                0x0000000008003b94                z_arm_usage_fault
                0x0000000008003b94                z_arm_mpu_fault
                0x0000000008003b94                z_arm_exc_spurious
                0x0000000008003b94                z_arm_debug_monitor
                0x0000000008003b94                z_arm_hard_fault
 .text._reset_section
                0x0000000008003ba8       0x2c zephyr/arch/arch/arm/core/cortex_m/libarch__arm__core__cortex_m.a(reset.S.obj)
                0x0000000008003ba8                z_arm_reset
                0x0000000008003ba8                __start
 .text.z_impl_k_thread_abort
                0x0000000008003bd4       0x2c zephyr/arch/arch/arm/core/cortex_m/libarch__arm__core__cortex_m.a(thread_abort.c.obj)
                0x0000000008003bd4                z_impl_k_thread_abort
 .text.arch_swap
                0x0000000008003c00       0x30 zephyr/arch/arch/arm/core/cortex_m/libarch__arm__core__cortex_m.a(swap.c.obj)
                0x0000000008003c00                arch_swap
 .text.z_arm_pendsv
                0x0000000008003c30       0x64 zephyr/arch/arch/arm/core/cortex_m/libarch__arm__core__cortex_m.a(swap_helper.S.obj)
                0x0000000008003c30                z_arm_pendsv
 .text.z_arm_svc
                0x0000000008003c94       0x20 zephyr/arch/arch/arm/core/cortex_m/libarch__arm__core__cortex_m.a(swap_helper.S.obj)
                0x0000000008003c94                z_arm_svc
 .text.arch_irq_enable
                0x0000000008003cb4       0x1c zephyr/arch/arch/arm/core/cortex_m/libarch__arm__core__cortex_m.a(irq_manage.c.obj)
                0x0000000008003cb4                arch_irq_enable
 .text.arch_irq_disable
                0x0000000008003cd0       0x28 zephyr/arch/arch/arm/core/cortex_m/libarch__arm__core__cortex_m.a(irq_manage.c.obj)
                0x0000000008003cd0                arch_irq_disable
 .text.arch_irq_is_enabled
                0x0000000008003cf8       0x1c zephyr/arch/arch/arm/core/cortex_m/libarch__arm__core__cortex_m.a(irq_manage.c.obj)
                0x0000000008003cf8                arch_irq_is_enabled
 .text.z_arm_irq_priority_set
                0x0000000008003d14       0x2c zephyr/arch/arch/arm/core/cortex_m/libarch__arm__core__cortex_m.a(irq_manage.c.obj)
                0x0000000008003d14                z_arm_irq_priority_set
 .text.z_arm_prep_c
                0x0000000008003d40       0x48 zephyr/arch/arch/arm/core/cortex_m/libarch__arm__core__cortex_m.a(prep_c.c.obj)
                0x0000000008003d40                z_arm_prep_c
 .text.arch_new_thread
                0x0000000008003d88       0x2c zephyr/arch/arch/arm/core/cortex_m/libarch__arm__core__cortex_m.a(thread.c.obj)
                0x0000000008003d88                arch_new_thread
 .text.z_check_thread_stack_fail
                0x0000000008003db4       0x2c zephyr/arch/arch/arm/core/cortex_m/libarch__arm__core__cortex_m.a(thread.c.obj)
                0x0000000008003db4                z_check_thread_stack_fail
 .text.arch_switch_to_main_thread
                0x0000000008003de0       0x38 zephyr/arch/arch/arm/core/cortex_m/libarch__arm__core__cortex_m.a(thread.c.obj)
                0x0000000008003de0                arch_switch_to_main_thread
 .text.z_arm_cpu_idle_init
                0x0000000008003e18        0xc zephyr/arch/arch/arm/core/cortex_m/libarch__arm__core__cortex_m.a(cpu_idle.S.obj)
                0x0000000008003e18                z_arm_cpu_idle_init
 .text.arch_cpu_idle
                0x0000000008003e24       0x1c zephyr/arch/arch/arm/core/cortex_m/libarch__arm__core__cortex_m.a(cpu_idle.S.obj)
                0x0000000008003e24                arch_cpu_idle
 .text.z_arm_interrupt_init
                0x0000000008003e40       0x18 zephyr/arch/arch/arm/core/cortex_m/libarch__arm__core__cortex_m.a(irq_init.c.obj)
                0x0000000008003e40                z_arm_interrupt_init
 .text._isr_wrapper
                0x0000000008003e58       0x28 zephyr/arch/arch/arm/core/cortex_m/libarch__arm__core__cortex_m.a(isr_wrapper.S.obj)
                0x0000000008003e58                _isr_wrapper
 .text.z_arm_configure_static_mpu_regions
                0x0000000008003e80       0x18 zephyr/arch/arch/arm/core/mpu/libarch__arm__core__mpu.a(arm_core_mpu.c.obj)
                0x0000000008003e80                z_arm_configure_static_mpu_regions
 .text.z_arm_configure_dynamic_mpu_regions
                0x0000000008003e98       0x20 zephyr/arch/arch/arm/core/mpu/libarch__arm__core__mpu.a(arm_core_mpu.c.obj)
                0x0000000008003e98                z_arm_configure_dynamic_mpu_regions
 .text.region_allocate_and_init
                0x0000000008003eb8       0x48 zephyr/arch/arch/arm/core/mpu/libarch__arm__core__mpu.a(arm_mpu.c.obj)
 .text.mpu_configure_regions
                0x0000000008003f00       0x68 zephyr/arch/arch/arm/core/mpu/libarch__arm__core__mpu.a(arm_mpu.c.obj)
 .text.arm_core_mpu_enable
                0x0000000008003f68       0x18 zephyr/arch/arch/arm/core/mpu/libarch__arm__core__mpu.a(arm_mpu.c.obj)
                0x0000000008003f68                arm_core_mpu_enable
 .text.arm_core_mpu_disable
                0x0000000008003f80       0x14 zephyr/arch/arch/arm/core/mpu/libarch__arm__core__mpu.a(arm_mpu.c.obj)
                0x0000000008003f80                arm_core_mpu_disable
 .text.arm_core_mpu_configure_static_mpu_regions
                0x0000000008003f94       0x14 zephyr/arch/arch/arm/core/mpu/libarch__arm__core__mpu.a(arm_mpu.c.obj)
                0x0000000008003f94                arm_core_mpu_configure_static_mpu_regions
 .text.arm_core_mpu_configure_dynamic_mpu_regions
                0x0000000008003fa8       0x30 zephyr/arch/arch/arm/core/mpu/libarch__arm__core__mpu.a(arm_mpu.c.obj)
                0x0000000008003fa8                arm_core_mpu_configure_dynamic_mpu_regions
 .text.z_arm_mpu_init
                0x0000000008003fd8      0x1a0 zephyr/arch/arch/arm/core/mpu/libarch__arm__core__mpu.a(arm_mpu.c.obj)
                0x0000000008003fd8                z_arm_mpu_init
 .text.z_impl_zephyr_fputc
                0x0000000008004178       0x10 zephyr/lib/libc/picolibc/liblib__libc__picolibc.a(libc-hooks.c.obj)
                0x0000000008004178                z_impl_zephyr_fputc
 .text.__stdout_hook_install
                0x0000000008004188       0x18 zephyr/lib/libc/picolibc/liblib__libc__picolibc.a(libc-hooks.c.obj)
                0x0000000008004188                __stdout_hook_install
 .text.cbvprintf
                0x00000000080041a0       0x38 zephyr/lib/libc/picolibc/liblib__libc__picolibc.a(libc-hooks.c.obj)
                0x00000000080041a0                cbvprintf
 .text.malloc_prepare
                0x00000000080041d8       0x24 zephyr/lib/libc/common/liblib__libc__common.a(malloc.c.obj)
 .text.z_impl_sys_rand32_get
                0x00000000080041fc       0x28 zephyr/subsys/random/libsubsys__random.a(rand32_entropy_device.c.obj)
                0x00000000080041fc                z_impl_sys_rand32_get
 .text.net_buf_destroy
                0x0000000008004224       0x38 zephyr/subsys/net/libsubsys__net.a(buf.c.obj)
 .text.net_buf_id
                0x000000000800425c       0x20 zephyr/subsys/net/libsubsys__net.a(buf.c.obj)
                0x000000000800425c                net_buf_id
 .text.fixed_data_alloc
                0x000000000800427c       0x30 zephyr/subsys/net/libsubsys__net.a(buf.c.obj)
 .text.net_buf_alloc_len
                0x00000000080042ac       0xf4 zephyr/subsys/net/libsubsys__net.a(buf.c.obj)
                0x00000000080042ac                net_buf_alloc_len
 .text.net_buf_unref
                0x00000000080043a0       0x38 zephyr/subsys/net/libsubsys__net.a(buf.c.obj)
                0x00000000080043a0                net_buf_unref
 .text.net_eth_broadcast_addr
                0x00000000080043d8        0x8 zephyr/subsys/net/l2/ethernet/libsubsys__net__l2__ethernet.a(ethernet.c.obj)
                0x00000000080043d8                net_eth_broadcast_addr
 .text.ethernet_send
                0x00000000080043e0      0x180 zephyr/subsys/net/l2/ethernet/libsubsys__net__l2__ethernet.a(ethernet.c.obj)
 .text.ethernet_init
                0x0000000008004560       0x40 zephyr/subsys/net/l2/ethernet/libsubsys__net__l2__ethernet.a(ethernet.c.obj)
                0x0000000008004560                ethernet_init
 .text.arp_entry_get_last_from_table
                0x00000000080045a0       0x28 zephyr/subsys/net/l2/ethernet/libsubsys__net__l2__ethernet.a(arp.c.obj)
 .text.arp_request_timeout
                0x00000000080045c8       0xa8 zephyr/subsys/net/l2/ethernet/libsubsys__net__l2__ethernet.a(arp.c.obj)
 .text.arp_update
                0x0000000008004670      0x19c zephyr/subsys/net/l2/ethernet/libsubsys__net__l2__ethernet.a(arp.c.obj)
 .text.net_arp_prepare
                0x000000000800480c      0x23c zephyr/subsys/net/l2/ethernet/libsubsys__net__l2__ethernet.a(arp.c.obj)
                0x000000000800480c                net_arp_prepare
 .text.net_arp_clear_cache
                0x0000000008004a48       0xd0 zephyr/subsys/net/l2/ethernet/libsubsys__net__l2__ethernet.a(arp.c.obj)
                0x0000000008004a48                net_arp_clear_cache
 .text.net_arp_clear_pending
                0x0000000008004b18       0x28 zephyr/subsys/net/l2/ethernet/libsubsys__net__l2__ethernet.a(arp.c.obj)
                0x0000000008004b18                net_arp_clear_pending
 .text.net_arp_init
                0x0000000008004b40       0x74 zephyr/subsys/net/l2/ethernet/libsubsys__net__l2__ethernet.a(arp.c.obj)
                0x0000000008004b40                net_arp_init
 .text.net_ipv4_is_ll_addr
                0x0000000008004bb4       0x18 zephyr/subsys/net/ip/libsubsys__net__ip.a(net_if.c.obj)
 .text.need_calc_checksum
                0x0000000008004bcc       0x30 zephyr/subsys/net/ip/libsubsys__net__ip.a(net_if.c.obj)
 .text.iface_router_update_timer
                0x0000000008004bfc       0x7c zephyr/subsys/net/ip/libsubsys__net__ip.a(net_if.c.obj)
 .text.net_if_ipv4_get_best_match
                0x0000000008004c78       0x94 zephyr/subsys/net/ip/libsubsys__net__ip.a(net_if.c.obj)
 .text.iface_router_expired
                0x0000000008004d0c       0xa8 zephyr/subsys/net/ip/libsubsys__net__ip.a(net_if.c.obj)
 .text.update_operational_state
                0x0000000008004db4       0xa0 zephyr/subsys/net/ip/libsubsys__net__ip.a(net_if.c.obj)
 .text.z_impl_net_if_get_by_index
                0x0000000008004e54       0x24 zephyr/subsys/net/ip/libsubsys__net__ip.a(net_if.c.obj)
                0x0000000008004e54                z_impl_net_if_get_by_index
 .text.net_if_get_default
                0x0000000008004e78       0x24 zephyr/subsys/net/ip/libsubsys__net__ip.a(net_if.c.obj)
                0x0000000008004e78                net_if_get_default
 .text.net_if_config_ipv4_get
                0x0000000008004e9c       0x68 zephyr/subsys/net/ip/libsubsys__net__ip.a(net_if.c.obj)
                0x0000000008004e9c                net_if_config_ipv4_get
 .text.net_if_ipv4_is_addr_bcast
                0x0000000008004f04       0x30 zephyr/subsys/net/ip/libsubsys__net__ip.a(net_if.c.obj)
                0x0000000008004f04                net_if_ipv4_is_addr_bcast
 .text.net_if_ipv4_select_src_iface
                0x0000000008004f34       0x30 zephyr/subsys/net/ip/libsubsys__net__ip.a(net_if.c.obj)
                0x0000000008004f34                net_if_ipv4_select_src_iface
 .text.net_if_ipv4_select_src_addr
                0x0000000008004f64       0xa8 zephyr/subsys/net/ip/libsubsys__net__ip.a(net_if.c.obj)
                0x0000000008004f64                net_if_ipv4_select_src_addr
 .text.net_if_ipv4_addr_lookup
                0x000000000800500c       0x54 zephyr/subsys/net/ip/libsubsys__net__ip.a(net_if.c.obj)
                0x000000000800500c                net_if_ipv4_addr_lookup
 .text.net_if_ipv4_addr_add
                0x0000000008005060       0x8c zephyr/subsys/net/ip/libsubsys__net__ip.a(net_if.c.obj)
                0x0000000008005060                net_if_ipv4_addr_add
 .text.net_if_ipv4_addr_rm
                0x00000000080050ec       0x48 zephyr/subsys/net/ip/libsubsys__net__ip.a(net_if.c.obj)
                0x00000000080050ec                net_if_ipv4_addr_rm
 .text.net_if_ipv4_maddr_lookup
                0x0000000008005134       0x64 zephyr/subsys/net/ip/libsubsys__net__ip.a(net_if.c.obj)
                0x0000000008005134                net_if_ipv4_maddr_lookup
 .text.net_if_call_link_cb
                0x0000000008005198       0x4c zephyr/subsys/net/ip/libsubsys__net__ip.a(net_if.c.obj)
                0x0000000008005198                net_if_call_link_cb
 .text.net_if_tx.isra.0
                0x00000000080051e4       0xec zephyr/subsys/net/ip/libsubsys__net__ip.a(net_if.c.obj)
 .text.net_if_send_data
                0x00000000080052d0       0x9c zephyr/subsys/net/ip/libsubsys__net__ip.a(net_if.c.obj)
                0x00000000080052d0                net_if_send_data
 .text.net_if_get_by_iface
                0x000000000800536c       0x24 zephyr/subsys/net/ip/libsubsys__net__ip.a(net_if.c.obj)
                0x000000000800536c                net_if_get_by_iface
 .text.net_if_up
                0x0000000008005390       0x5c zephyr/subsys/net/ip/libsubsys__net__ip.a(net_if.c.obj)
                0x0000000008005390                net_if_up
 .text.net_if_is_wifi
                0x00000000080053ec       0x24 zephyr/subsys/net/ip/libsubsys__net__ip.a(net_if.c.obj)
                0x00000000080053ec                net_if_is_wifi
 .text.net_if_get_by_name
                0x0000000008005410       0x44 zephyr/subsys/net/ip/libsubsys__net__ip.a(net_if.c.obj)
                0x0000000008005410                net_if_get_by_name
 .text.net_if_init
                0x0000000008005454      0x1cc zephyr/subsys/net/ip/libsubsys__net__ip.a(net_if.c.obj)
                0x0000000008005454                net_if_init
 .text.net_if_post_init
                0x0000000008005620       0x28 zephyr/subsys/net/ip/libsubsys__net__ip.a(net_if.c.obj)
                0x0000000008005620                net_if_post_init
 .text.z_impl_net_addr_ntop
                0x0000000008005648      0x214 zephyr/subsys/net/ip/libsubsys__net__ip.a(utils.c.obj)
                0x0000000008005648                z_impl_net_addr_ntop
 .text.net_sprint_addr
                0x000000000800585c       0x2c zephyr/subsys/net/ip/libsubsys__net__ip.a(utils.c.obj)
                0x000000000800585c                net_sprint_addr
 .text.z_impl_net_addr_pton
                0x0000000008005888      0x190 zephyr/subsys/net/ip/libsubsys__net__ip.a(utils.c.obj)
                0x0000000008005888                z_impl_net_addr_pton
 .text.net_ipv4_unspecified_address
                0x0000000008005a18        0x8 zephyr/subsys/net/ip/libsubsys__net__ip.a(utils.c.obj)
                0x0000000008005a18                net_ipv4_unspecified_address
 .text.net_ipv4_broadcast_address
                0x0000000008005a20        0x8 zephyr/subsys/net/ip/libsubsys__net__ip.a(utils.c.obj)
                0x0000000008005a20                net_ipv4_broadcast_address
 .text.mgmt_thread
                0x0000000008005a28       0xcc zephyr/subsys/net/ip/libsubsys__net__ip.a(net_mgmt.c.obj)
 .text.net_mgmt_add_event_callback
                0x0000000008005af4       0x40 zephyr/subsys/net/ip/libsubsys__net__ip.a(net_mgmt.c.obj)
                0x0000000008005af4                net_mgmt_add_event_callback
 .text.net_mgmt_event_notify_with_info
                0x0000000008005b34       0x7c zephyr/subsys/net/ip/libsubsys__net__ip.a(net_mgmt.c.obj)
                0x0000000008005b34                net_mgmt_event_notify_with_info
 .text.net_mgmt_event_init
                0x0000000008005bb0       0x4c zephyr/subsys/net/ip/libsubsys__net__ip.a(net_mgmt.c.obj)
                0x0000000008005bb0                net_mgmt_event_init
 .text.check_used_port
                0x0000000008005bfc       0x88 zephyr/subsys/net/ip/libsubsys__net__ip.a(net_context.c.obj)
 .text.find_available_port
                0x0000000008005c84       0x34 zephyr/subsys/net/ip/libsubsys__net__ip.a(net_context.c.obj)
 .text.net_context_packet_received
                0x0000000008005cb8       0xb0 zephyr/subsys/net/ip/libsubsys__net__ip.a(net_context.c.obj)
                0x0000000008005cb8                net_context_packet_received
 .text.net_context_get
                0x0000000008005d68      0x160 zephyr/subsys/net/ip/libsubsys__net__ip.a(net_context.c.obj)
                0x0000000008005d68                net_context_get
 .text.net_context_put
                0x0000000008005ec8       0x48 zephyr/subsys/net/ip/libsubsys__net__ip.a(net_context.c.obj)
                0x0000000008005ec8                net_context_put
 .text.net_context_bind
                0x0000000008005f10      0x148 zephyr/subsys/net/ip/libsubsys__net__ip.a(net_context.c.obj)
                0x0000000008005f10                net_context_bind
 .text.context_sendto.constprop.0
                0x0000000008006058      0x230 zephyr/subsys/net/ip/libsubsys__net__ip.a(net_context.c.obj)
 .text.net_context_recv
                0x0000000008006288      0x114 zephyr/subsys/net/ip/libsubsys__net__ip.a(net_context.c.obj)
                0x0000000008006288                net_context_recv
 .text.net_context_set_option
                0x000000000800639c       0x9c zephyr/subsys/net/ip/libsubsys__net__ip.a(net_context.c.obj)
                0x000000000800639c                net_context_set_option
 .text.net_context_get_option
                0x0000000008006438       0x98 zephyr/subsys/net/ip/libsubsys__net__ip.a(net_context.c.obj)
                0x0000000008006438                net_context_get_option
 .text.net_context_init
                0x00000000080064d0       0x10 zephyr/subsys/net/ip/libsubsys__net__ip.a(net_context.c.obj)
                0x00000000080064d0                net_context_init
 .text.net_pkt_get_reserve_data
                0x00000000080064e0       0x40 zephyr/subsys/net/ip/libsubsys__net__ip.a(net_pkt.c.obj)
                0x00000000080064e0                net_pkt_get_reserve_data
 .text.net_pkt_get_reserve_rx_data
                0x0000000008006520        0xc zephyr/subsys/net/ip/libsubsys__net__ip.a(net_pkt.c.obj)
                0x0000000008006520                net_pkt_get_reserve_rx_data
 .text.net_pkt_get_reserve_tx_data
                0x000000000800652c        0xc zephyr/subsys/net/ip/libsubsys__net__ip.a(net_pkt.c.obj)
                0x000000000800652c                net_pkt_get_reserve_tx_data
 .text.net_pkt_get_frag
                0x0000000008006538       0x20 zephyr/subsys/net/ip/libsubsys__net__ip.a(net_pkt.c.obj)
                0x0000000008006538                net_pkt_get_frag
 .text.pkt_alloc
                0x0000000008006558       0x50 zephyr/subsys/net/ip/libsubsys__net__ip.a(net_pkt.c.obj)
 .text.net_pkt_alloc_buffer
                0x00000000080065a8      0x154 zephyr/subsys/net/ip/libsubsys__net__ip.a(net_pkt.c.obj)
                0x00000000080065a8                net_pkt_alloc_buffer
 .text.net_pkt_alloc_with_buffer
                0x00000000080066fc       0x24 zephyr/subsys/net/ip/libsubsys__net__ip.a(net_pkt.c.obj)
                0x00000000080066fc                net_pkt_alloc_with_buffer
 .text.net_pkt_rx_alloc_with_buffer
                0x0000000008006720       0x24 zephyr/subsys/net/ip/libsubsys__net__ip.a(net_pkt.c.obj)
                0x0000000008006720                net_pkt_rx_alloc_with_buffer
 .text.net_pkt_get_data
                0x0000000008006744       0x50 zephyr/subsys/net/ip/libsubsys__net__ip.a(net_pkt.c.obj)
                0x0000000008006744                net_pkt_get_data
 .text.net_tc_submit_to_rx_queue
                0x0000000008006794       0x14 zephyr/subsys/net/ip/libsubsys__net__ip.a(net_tc.c.obj)
                0x0000000008006794                net_tc_submit_to_rx_queue
 .text.net_rx_priority2tc
                0x00000000080067a8       0x10 zephyr/subsys/net/ip/libsubsys__net__ip.a(net_tc.c.obj)
                0x00000000080067a8                net_rx_priority2tc
 .text.net_tc_rx_init
                0x00000000080067b8       0x68 zephyr/subsys/net/ip/libsubsys__net__ip.a(net_tc.c.obj)
                0x00000000080067b8                net_tc_rx_init
 .text.icmp_call_handlers
                0x0000000008006820       0x6c zephyr/subsys/net/ip/libsubsys__net__ip.a(icmp.c.obj)
 .text.net_icmp_init_ctx
                0x000000000800688c       0x50 zephyr/subsys/net/ip/libsubsys__net__ip.a(icmp.c.obj)
                0x000000000800688c                net_icmp_init_ctx
 .text.k_mutex_lock.constprop.0.isra.0
                0x00000000080068dc       0x10 zephyr/subsys/net/ip/libsubsys__net__ip.a(connection.c.obj)
 .text.k_mutex_unlock.constprop.0.isra.0
                0x00000000080068ec        0xc zephyr/subsys/net/ip/libsubsys__net__ip.a(connection.c.obj)
 .text.conn_set_unused
                0x00000000080068f8       0x34 zephyr/subsys/net/ip/libsubsys__net__ip.a(connection.c.obj)
 .text.net_conn_register
                0x000000000800692c      0x26c zephyr/subsys/net/ip/libsubsys__net__ip.a(connection.c.obj)
                0x000000000800692c                net_conn_register
 .text.net_conn_unregister
                0x0000000008006b98       0x78 zephyr/subsys/net/ip/libsubsys__net__ip.a(connection.c.obj)
                0x0000000008006b98                net_conn_unregister
 .text.net_conn_input
                0x0000000008006c10      0x204 zephyr/subsys/net/ip/libsubsys__net__ip.a(connection.c.obj)
                0x0000000008006c10                net_conn_input
 .text.net_conn_init
                0x0000000008006e14       0x3c zephyr/subsys/net/ip/libsubsys__net__ip.a(connection.c.obj)
                0x0000000008006e14                net_conn_init
 .text.dhcpv4_set_timeout
                0x0000000008006e50       0x2c zephyr/subsys/net/ip/libsubsys__net__ip.a(dhcpv4.c.obj)
 .text.dhcpv4_enter_bound
                0x0000000008006e7c       0x50 zephyr/subsys/net/ip/libsubsys__net__ip.a(dhcpv4.c.obj)
 .text.k_mutex_lock.constprop.0.isra.0
                0x0000000008006ecc       0x10 zephyr/subsys/net/ip/libsubsys__net__ip.a(dhcpv4.c.obj)
 .text.k_mutex_unlock.constprop.0.isra.0
                0x0000000008006edc        0xc zephyr/subsys/net/ip/libsubsys__net__ip.a(dhcpv4.c.obj)
 .text.dhcpv4_start_internal
                0x0000000008006ee8       0x7c zephyr/subsys/net/ip/libsubsys__net__ip.a(dhcpv4.c.obj)
 .text.dhcpv4_create_message
                0x0000000008006f64      0x18c zephyr/subsys/net/ip/libsubsys__net__ip.a(dhcpv4.c.obj)
 .text.net_dhcpv4_input
                0x00000000080070f0      0x370 zephyr/subsys/net/ip/libsubsys__net__ip.a(dhcpv4.c.obj)
 .text.dhcpv4_iface_event_handler
                0x0000000008007460       0x80 zephyr/subsys/net/ip/libsubsys__net__ip.a(dhcpv4.c.obj)
 .text.dhcpv4_timeout
                0x00000000080074e0      0x1c8 zephyr/subsys/net/ip/libsubsys__net__ip.a(dhcpv4.c.obj)
 .text.net_dhcpv4_init
                0x00000000080076a8       0x60 zephyr/subsys/net/ip/libsubsys__net__ip.a(dhcpv4.c.obj)
                0x00000000080076a8                net_dhcpv4_init
 .text.net_icmpv4_input
                0x0000000008007708       0x7c zephyr/subsys/net/ip/libsubsys__net__ip.a(icmpv4.c.obj)
                0x0000000008007708                net_icmpv4_input
 .text.net_icmpv4_init
                0x0000000008007784       0x3c zephyr/subsys/net/ip/libsubsys__net__ip.a(icmpv4.c.obj)
                0x0000000008007784                net_icmpv4_init
 .text.connect_request_encode
                0x00000000080077c0      0x104 zephyr/subsys/net/lib/mqtt/libsubsys__net__lib__mqtt.a(mqtt_encoder.c.obj)
                0x00000000080077c0                connect_request_encode
 .text.ping_request_encode
                0x00000000080078c4       0x24 zephyr/subsys/net/lib/mqtt/libsubsys__net__lib__mqtt.a(mqtt_encoder.c.obj)
                0x00000000080078c4                ping_request_encode
 .text.mqtt_client_tcp_connect
                0x00000000080078e8       0x48 zephyr/subsys/net/lib/mqtt/libsubsys__net__lib__mqtt.a(mqtt_transport_socket_tcp.c.obj)
                0x00000000080078e8                mqtt_client_tcp_connect
 .text.mqtt_client_tcp_write
                0x0000000008007930       0x44 zephyr/subsys/net/lib/mqtt/libsubsys__net__lib__mqtt.a(mqtt_transport_socket_tcp.c.obj)
                0x0000000008007930                mqtt_client_tcp_write
 .text.mqtt_client_tcp_write_msg
                0x0000000008007974       0x84 zephyr/subsys/net/lib/mqtt/libsubsys__net__lib__mqtt.a(mqtt_transport_socket_tcp.c.obj)
                0x0000000008007974                mqtt_client_tcp_write_msg
 .text.mqtt_client_tcp_read
                0x00000000080079f8       0x2c zephyr/subsys/net/lib/mqtt/libsubsys__net__lib__mqtt.a(mqtt_transport_socket_tcp.c.obj)
                0x00000000080079f8                mqtt_client_tcp_read
 .text.mqtt_client_tcp_disconnect
                0x0000000008007a24       0x38 zephyr/subsys/net/lib/mqtt/libsubsys__net__lib__mqtt.a(mqtt_transport_socket_tcp.c.obj)
                0x0000000008007a24                mqtt_client_tcp_disconnect
 .text.mqtt_transport_connect
                0x0000000008007a5c       0x14 zephyr/subsys/net/lib/mqtt/libsubsys__net__lib__mqtt.a(mqtt_transport.c.obj)
                0x0000000008007a5c                mqtt_transport_connect
 .text.mqtt_transport_write
                0x0000000008007a70       0x18 zephyr/subsys/net/lib/mqtt/libsubsys__net__lib__mqtt.a(mqtt_transport.c.obj)
                0x0000000008007a70                mqtt_transport_write
 .text.mqtt_transport_write_msg
                0x0000000008007a88       0x18 zephyr/subsys/net/lib/mqtt/libsubsys__net__lib__mqtt.a(mqtt_transport.c.obj)
                0x0000000008007a88                mqtt_transport_write_msg
 .text.mqtt_transport_disconnect
                0x0000000008007aa0       0x14 zephyr/subsys/net/lib/mqtt/libsubsys__net__lib__mqtt.a(mqtt_transport.c.obj)
                0x0000000008007aa0                mqtt_transport_disconnect
 .text.client_disconnect
                0x0000000008007ab4       0x3c zephyr/subsys/net/lib/mqtt/libsubsys__net__lib__mqtt.a(mqtt.c.obj)
 .text.client_write
                0x0000000008007af0       0x38 zephyr/subsys/net/lib/mqtt/libsubsys__net__lib__mqtt.a(mqtt.c.obj)
 .text.mqtt_connect
                0x0000000008007b28       0x9c zephyr/subsys/net/lib/mqtt/libsubsys__net__lib__mqtt.a(mqtt.c.obj)
                0x0000000008007b28                mqtt_connect
 .text.mqtt_publish
                0x0000000008007bc4       0xa0 zephyr/subsys/net/lib/mqtt/libsubsys__net__lib__mqtt.a(mqtt.c.obj)
                0x0000000008007bc4                mqtt_publish
 .text.mqtt_ping
                0x0000000008007c64       0x68 zephyr/subsys/net/lib/mqtt/libsubsys__net__lib__mqtt.a(mqtt.c.obj)
                0x0000000008007c64                mqtt_ping
 .text.mqtt_client_websocket_connect
                0x0000000008007ccc       0x7c zephyr/subsys/net/lib/mqtt/libsubsys__net__lib__mqtt.a(mqtt_transport_websocket.c.obj)
                0x0000000008007ccc                mqtt_client_websocket_connect
 .text.mqtt_client_websocket_write
                0x0000000008007d48       0x50 zephyr/subsys/net/lib/mqtt/libsubsys__net__lib__mqtt.a(mqtt_transport_websocket.c.obj)
                0x0000000008007d48                mqtt_client_websocket_write
 .text.mqtt_client_websocket_disconnect
                0x0000000008007d98       0x48 zephyr/subsys/net/lib/mqtt/libsubsys__net__lib__mqtt.a(mqtt_transport_websocket.c.obj)
                0x0000000008007d98                mqtt_client_websocket_disconnect
 .text.http_parser_execute
                0x0000000008007de0     0x138c zephyr/subsys/net/lib/http/libsubsys__net__lib__http.a(http_parser.c.obj)
                0x0000000008007de0                http_parser_execute
 .text.http_method_str
                0x000000000800916c       0x18 zephyr/subsys/net/lib/http/libsubsys__net__lib__http.a(http_parser.c.obj)
                0x000000000800916c                http_method_str
 .text.parse_url_char
                0x0000000008009184      0x204 zephyr/subsys/net/lib/http/libsubsys__net__lib__http.a(http_parser_url.c.obj)
                0x0000000008009184                parse_url_char
 .text.on_header_field
                0x0000000008009388       0x3c zephyr/subsys/net/lib/http/libsubsys__net__lib__http.a(http_client.c.obj)
 .text.sendall  0x00000000080093c4       0x3c zephyr/subsys/net/lib/http/libsubsys__net__lib__http.a(http_client.c.obj)
 .text.http_send_data.constprop.0
                0x0000000008009400       0xa0 zephyr/subsys/net/lib/http/libsubsys__net__lib__http.a(http_client.c.obj)
 .text.http_client_req
                0x00000000080094a0      0x440 zephyr/subsys/net/lib/http/libsubsys__net__lib__http.a(http_client.c.obj)
                0x00000000080094a0                http_client_req
 .text.on_header_field
                0x00000000080098e0       0x40 zephyr/subsys/net/lib/websocket/libwebsocket_client.a(websocket.c.obj)
 .text.websocket_ioctl_vmeth
                0x0000000008009920       0xc8 zephyr/subsys/net/lib/websocket/libwebsocket_client.a(websocket.c.obj)
 .text.websocket_connect
                0x00000000080099e8      0x2a8 zephyr/subsys/net/lib/websocket/libwebsocket_client.a(websocket.c.obj)
                0x00000000080099e8                websocket_connect
 .text.websocket_send_msg
                0x0000000008009c90      0x238 zephyr/subsys/net/lib/websocket/libwebsocket_client.a(websocket.c.obj)
                0x0000000008009c90                websocket_send_msg
 .text.websocket_close_vmeth
                0x0000000008009ec8       0x64 zephyr/subsys/net/lib/websocket/libwebsocket_client.a(websocket.c.obj)
 .text.websocket_write_vmeth
                0x0000000008009f2c       0x30 zephyr/subsys/net/lib/websocket/libwebsocket_client.a(websocket.c.obj)
 .text.websocket_sendto_ctx
                0x0000000008009f5c       0x3c zephyr/subsys/net/lib/websocket/libwebsocket_client.a(websocket.c.obj)
 .text.websocket_recv_msg
                0x0000000008009f98      0x35c zephyr/subsys/net/lib/websocket/libwebsocket_client.a(websocket.c.obj)
                0x0000000008009f98                websocket_recv_msg
 .text.websocket_read_vmeth
                0x000000000800a2f4       0x3c zephyr/subsys/net/lib/websocket/libwebsocket_client.a(websocket.c.obj)
 .text.websocket_recvfrom_ctx
                0x000000000800a330       0x44 zephyr/subsys/net/lib/websocket/libwebsocket_client.a(websocket.c.obj)
 .text.websocket_init
                0x000000000800a374       0x10 zephyr/subsys/net/lib/websocket/libwebsocket_client.a(websocket.c.obj)
                0x000000000800a374                websocket_init
 .text.stm32_exti_isr
                0x000000000800a384       0x50 zephyr/drivers/interrupt_controller/libdrivers__interrupt_controller.a(intc_exti_stm32.c.obj)
 .text.stm32_fill_irq_table
                0x000000000800a3d4       0x18 zephyr/drivers/interrupt_controller/libdrivers__interrupt_controller.a(intc_exti_stm32.c.obj)
 .text.stm32_exti_enable
                0x000000000800a3ec       0x28 zephyr/drivers/interrupt_controller/libdrivers__interrupt_controller.a(intc_exti_stm32.c.obj)
                0x000000000800a3ec                stm32_exti_enable
 .text.stm32_exti_set_callback
                0x000000000800a414       0x30 zephyr/drivers/interrupt_controller/libdrivers__interrupt_controller.a(intc_exti_stm32.c.obj)
                0x000000000800a414                stm32_exti_set_callback
 .text.stm32_exti_unset_callback
                0x000000000800a444       0x14 zephyr/drivers/interrupt_controller/libdrivers__interrupt_controller.a(intc_exti_stm32.c.obj)
                0x000000000800a444                stm32_exti_unset_callback
 .text.get_pllsrc_frequency
                0x000000000800a458       0x1c zephyr/drivers/clock_control/libdrivers__clock_control.a(clock_stm32_ll_h7.c.obj)
 .text.get_hclk_frequency
                0x000000000800a474       0x34 zephyr/drivers/clock_control/libdrivers__clock_control.a(clock_stm32_ll_h7.c.obj)
 .text.stm32_clock_control_configure
                0x000000000800a4a8       0x5c zephyr/drivers/clock_control/libdrivers__clock_control.a(clock_stm32_ll_h7.c.obj)
 .text.stm32_clock_control_get_subsys_rate
                0x000000000800a504       0xdc zephyr/drivers/clock_control/libdrivers__clock_control.a(clock_stm32_ll_h7.c.obj)
 .text.stm32_clock_control_init
                0x000000000800a5e0      0x210 zephyr/drivers/clock_control/libdrivers__clock_control.a(clock_stm32_ll_h7.c.obj)
                0x000000000800a5e0                stm32_clock_control_init
 .text.uart_console_init
                0x000000000800a7f0       0x28 zephyr/drivers/console/libdrivers__console.a(uart_console.c.obj)
 .text.console_out
                0x000000000800a818       0x28 zephyr/drivers/console/libdrivers__console.a(uart_console.c.obj)
 .text.start_pool_filling.constprop.0
                0x000000000800a840       0x38 zephyr/drivers/entropy/libdrivers__entropy.a(entropy_stm32.c.obj)
 .text.rng_pool_get
                0x000000000800a878       0x98 zephyr/drivers/entropy/libdrivers__entropy.a(entropy_stm32.c.obj)
 .text.entropy_stm32_rng_get_entropy
                0x000000000800a910       0x58 zephyr/drivers/entropy/libdrivers__entropy.a(entropy_stm32.c.obj)
 .text.entropy_stm32_rng_init
                0x000000000800a968       0xd8 zephyr/drivers/entropy/libdrivers__entropy.a(entropy_stm32.c.obj)
 .text.random_byte_get
                0x000000000800aa40       0x78 zephyr/drivers/entropy/libdrivers__entropy.a(entropy_stm32.c.obj)
 .text.entropy_stm32_rng_get_entropy_isr
                0x000000000800aab8       0xb0 zephyr/drivers/entropy/libdrivers__entropy.a(entropy_stm32.c.obj)
 .text.stm32_rng_isr
                0x000000000800ab68       0x74 zephyr/drivers/entropy/libdrivers__entropy.a(entropy_stm32.c.obj)
 .text.gpio_stm32_init
                0x000000000800abdc       0x30 zephyr/drivers/gpio/libdrivers__gpio.a(gpio_stm32.c.obj)
 .text.gpio_stm32_pin_interrupt_configure
                0x000000000800ac0c      0x110 zephyr/drivers/gpio/libdrivers__gpio.a(gpio_stm32.c.obj)
 .text.allocate_tx_buffer
                0x000000000800ad1c       0x2c zephyr/drivers/ethernet/libdrivers__ethernet.a(eth_stm32_hal.c.obj)
 .text.eth_iface_init
                0x000000000800ad48       0x80 zephyr/drivers/ethernet/libdrivers__ethernet.a(eth_stm32_hal.c.obj)
 .text.rx_thread
                0x000000000800adc8      0x140 zephyr/drivers/ethernet/libdrivers__ethernet.a(eth_stm32_hal.c.obj)
 .text.eth_initialize
                0x000000000800af08      0x1d0 zephyr/drivers/ethernet/libdrivers__ethernet.a(eth_stm32_hal.c.obj)
 .text.HAL_ETH_RxAllocateCallback
                0x000000000800b0d8       0x40 zephyr/drivers/ethernet/libdrivers__ethernet.a(eth_stm32_hal.c.obj)
                0x000000000800b0d8                HAL_ETH_RxAllocateCallback
 .text.HAL_ETH_RxLinkCallback
                0x000000000800b118       0x30 zephyr/drivers/ethernet/libdrivers__ethernet.a(eth_stm32_hal.c.obj)
                0x000000000800b118                HAL_ETH_RxLinkCallback
 .text.HAL_ETH_TxFreeCallback
                0x000000000800b148       0x18 zephyr/drivers/ethernet/libdrivers__ethernet.a(eth_stm32_hal.c.obj)
                0x000000000800b148                HAL_ETH_TxFreeCallback
 .text.eth_tx   0x000000000800b160      0x19c zephyr/drivers/ethernet/libdrivers__ethernet.a(eth_stm32_hal.c.obj)
 .text.pinctrl_configure_pins
                0x000000000800b2fc       0x84 zephyr/drivers/pinctrl/libdrivers__pinctrl.a(pinctrl_stm32.c.obj)
                0x000000000800b2fc                pinctrl_configure_pins
 .text.ds18b20_init.part.0
                0x000000000800b380       0x38 zephyr/drivers/sensor/ds18b20/libdrivers__sensor__ds18b20.a(ds18b20.c.obj)
 .text.ds18b20_sample_fetch
                0x000000000800b3b8      0x204 zephyr/drivers/sensor/ds18b20/libdrivers__sensor__ds18b20.a(ds18b20.c.obj)
 .text.uart_stm32_irq_err_enable
                0x000000000800b5bc       0x8c zephyr/drivers/serial/libdrivers__serial.a(uart_stm32.c.obj)
 .text.uart_stm32_irq_err_disable
                0x000000000800b648       0x8c zephyr/drivers/serial/libdrivers__serial.a(uart_stm32.c.obj)
 .text.uart_stm32_set_baudrate.part.0
                0x000000000800b6d4       0x14 zephyr/drivers/serial/libdrivers__serial.a(uart_stm32.c.obj)
 .text.uart_stm32_parameters_set
                0x000000000800b6e8      0x134 zephyr/drivers/serial/libdrivers__serial.a(uart_stm32.c.obj)
 .text.uart_stm32_init
                0x000000000800b81c      0x1f4 zephyr/drivers/serial/libdrivers__serial.a(uart_stm32.c.obj)
 .text.uart_stm32_configure
                0x000000000800ba10      0x18c zephyr/drivers/serial/libdrivers__serial.a(uart_stm32.c.obj)
 .text.elapsed  0x000000000800bb9c       0x4c zephyr/drivers/timer/libdrivers__timer.a(cortex_m_systick.c.obj)
 .text.sys_clock_driver_init
                0x000000000800bbe8       0x38 zephyr/drivers/timer/libdrivers__timer.a(cortex_m_systick.c.obj)
 .text.sys_clock_isr
                0x000000000800bc20       0x54 zephyr/drivers/timer/libdrivers__timer.a(cortex_m_systick.c.obj)
                0x000000000800bc20                sys_clock_isr
 .text.sys_clock_set_timeout
                0x000000000800bc74       0xfc zephyr/drivers/timer/libdrivers__timer.a(cortex_m_systick.c.obj)
                0x000000000800bc74                sys_clock_set_timeout
 .text.sys_clock_elapsed
                0x000000000800bd70       0x3c zephyr/drivers/timer/libdrivers__timer.a(cortex_m_systick.c.obj)
                0x000000000800bd70                sys_clock_elapsed
 .text.sys_clock_cycle_get_32
                0x000000000800bdac       0x2c zephyr/drivers/timer/libdrivers__timer.a(cortex_m_systick.c.obj)
                0x000000000800bdac                sys_clock_cycle_get_32
 .text.w1_serial_configure.part.0
                0x000000000800bdd8       0x1c zephyr/drivers/w1/libdrivers__w1.a(w1_zephyr_serial.c.obj)
 .text.w1_serial_configure
                0x000000000800bdf4       0x48 zephyr/drivers/w1/libdrivers__w1.a(w1_zephyr_serial.c.obj)
 .text.w1_serial_init
                0x000000000800be3c       0x58 zephyr/drivers/w1/libdrivers__w1.a(w1_zephyr_serial.c.obj)
 .text.w1_serial_reset_bus
                0x000000000800be94       0xa0 zephyr/drivers/w1/libdrivers__w1.a(w1_zephyr_serial.c.obj)
 .text.HAL_SYSCFG_ETHInterfaceSelect
                0x000000000800bf34       0x14 modules/stm32/stm32cube/lib..__modules__hal__stm32__stm32cube.a(stm32h7xx_hal.c.obj)
                0x000000000800bf34                HAL_SYSCFG_ETHInterfaceSelect
 .text.HAL_DBGMCU_DisableDBGStopMode
                0x000000000800bf48       0x10 modules/stm32/stm32cube/lib..__modules__hal__stm32__stm32cube.a(stm32h7xx_hal.c.obj)
                0x000000000800bf48                HAL_DBGMCU_DisableDBGStopMode
 .text.HAL_RCC_GetSysClockFreq
                0x000000000800bf58      0x158 modules/stm32/stm32cube/lib..__modules__hal__stm32__stm32cube.a(stm32h7xx_hal_rcc.c.obj)
                0x000000000800bf58                HAL_RCC_GetSysClockFreq
 .text.HAL_RCC_GetHCLKFreq
                0x000000000800c0b0       0x44 modules/stm32/stm32cube/lib..__modules__hal__stm32__stm32cube.a(stm32h7xx_hal_rcc.c.obj)
                0x000000000800c0b0                HAL_RCC_GetHCLKFreq
 .text.ETH_SetDMAConfig
                0x000000000800c0f4       0xa4 modules/stm32/stm32cube/lib..__modules__hal__stm32__stm32cube.a(stm32h7xx_hal_eth.c.obj)
 .text.ETH_Prepare_Tx_Descriptors
                0x000000000800c198      0x314 modules/stm32/stm32cube/lib..__modules__hal__stm32__stm32cube.a(stm32h7xx_hal_eth.c.obj)
 .text.HAL_ETH_Start_IT
                0x000000000800c4ac       0xc0 modules/stm32/stm32cube/lib..__modules__hal__stm32__stm32cube.a(stm32h7xx_hal_eth.c.obj)
                0x000000000800c4ac                HAL_ETH_Start_IT
 .text.HAL_ETH_SetMDIOClockRange
                0x000000000800c56c       0x78 modules/stm32/stm32cube/lib..__modules__hal__stm32__stm32cube.a(stm32h7xx_hal_eth.c.obj)
                0x000000000800c56c                HAL_ETH_SetMDIOClockRange
 .text.HAL_ETH_Init
                0x000000000800c5e4      0x254 modules/stm32/stm32cube/lib..__modules__hal__stm32__stm32cube.a(stm32h7xx_hal_eth.c.obj)
                0x000000000800c5e4                HAL_ETH_Init
 .text.HAL_ETH_SetMACFilterConfig
                0x000000000800c838       0x5c modules/stm32/stm32cube/lib..__modules__hal__stm32__stm32cube.a(stm32h7xx_hal_eth.c.obj)
                0x000000000800c838                HAL_ETH_SetMACFilterConfig
 .text.LL_SetFlashLatency
                0x000000000800c894      0x198 modules/stm32/stm32cube/lib..__modules__hal__stm32__stm32cube.a(stm32h7xx_ll_utils.c.obj)
                0x000000000800c894                LL_SetFlashLatency
 .text.mbedtls_platform_zeroize
                0x000000000800ca2c       0x14 modules/mbedtls/libmbedTLSBase.a(platform_util.c.obj)
                0x000000000800ca2c                mbedtls_platform_zeroize
 .text.mbedtls_sha1_starts
                0x000000000800ca40       0x34 modules/mbedtls/libmbedTLSBase.a(sha1.c.obj)
                0x000000000800ca40                mbedtls_sha1_starts
 .text.mbedtls_internal_sha1_process
                0x000000000800ca74      0xe94 modules/mbedtls/libmbedTLSBase.a(sha1.c.obj)
                0x000000000800ca74                mbedtls_internal_sha1_process
 .text.k_sys_fatal_error_handler
                0x000000000800d908       0x20 zephyr/kernel/libkernel.a(fatal.c.obj)
                0x000000000800d908                k_sys_fatal_error_handler
 .text.z_fatal_error
                0x000000000800d928       0xe8 zephyr/kernel/libkernel.a(fatal.c.obj)
                0x000000000800d928                z_fatal_error
 .text.z_sys_init_run_level
                0x000000000800da10       0x48 zephyr/kernel/libkernel.a(init.c.obj)
 .text.bg_thread_main
                0x000000000800da58       0x34 zephyr/kernel/libkernel.a(init.c.obj)
 .text.z_bss_zero
                0x000000000800da8c       0x2c zephyr/kernel/libkernel.a(init.c.obj)
                0x000000000800da8c                z_bss_zero
 .text.z_init_cpu
                0x000000000800dab8       0x8c zephyr/kernel/libkernel.a(init.c.obj)
                0x000000000800dab8                z_init_cpu
 .text.z_cstart
                0x000000000800db44       0xd8 zephyr/kernel/libkernel.a(init.c.obj)
                0x000000000800db44                z_cstart
 .text.statics_init
                0x000000000800dc1c       0x24 zephyr/kernel/libkernel.a(kheap.c.obj)
 .text.init_mem_slab_obj_core_list
                0x000000000800dc40       0x24 zephyr/kernel/libkernel.a(mem_slab.c.obj)
 .text.k_mem_slab_alloc
                0x000000000800dc64       0x5c zephyr/kernel/libkernel.a(mem_slab.c.obj)
                0x000000000800dc64                k_mem_slab_alloc
 .text.z_setup_new_thread
                0x000000000800dcc0       0x80 zephyr/kernel/libkernel.a(thread.c.obj)
                0x000000000800dcc0                z_setup_new_thread
 .text.z_impl_k_thread_create
                0x000000000800dd40       0x58 zephyr/kernel/libkernel.a(thread.c.obj)
                0x000000000800dd40                z_impl_k_thread_create
 .text.z_init_static_threads
                0x000000000800dd98       0x94 zephyr/kernel/libkernel.a(thread.c.obj)
                0x000000000800dd98                z_init_static_threads
 .text.z_impl_k_msgq_put
                0x000000000800de2c       0xac zephyr/kernel/libkernel.a(msg_q.c.obj)
                0x000000000800de2c                z_impl_k_msgq_put
 .text.z_impl_k_msgq_get
                0x000000000800ded8       0xb4 zephyr/kernel/libkernel.a(msg_q.c.obj)
                0x000000000800ded8                z_impl_k_msgq_get
 .text.z_impl_k_mutex_lock
                0x000000000800df8c       0xf4 zephyr/kernel/libkernel.a(mutex.c.obj)
                0x000000000800df8c                z_impl_k_mutex_lock
 .text.z_impl_k_mutex_unlock
                0x000000000800e080       0x78 zephyr/kernel/libkernel.a(mutex.c.obj)
                0x000000000800e080                z_impl_k_mutex_unlock
 .text.z_impl_k_queue_get
                0x000000000800e0f8       0x68 zephyr/kernel/libkernel.a(queue.c.obj)
                0x000000000800e0f8                z_impl_k_queue_get
 .text.z_impl_k_sem_give
                0x000000000800e160       0x4c zephyr/kernel/libkernel.a(sem.c.obj)
                0x000000000800e160                z_impl_k_sem_give
 .text.z_impl_k_sem_take
                0x000000000800e1ac       0x50 zephyr/kernel/libkernel.a(sem.c.obj)
                0x000000000800e1ac                z_impl_k_sem_take
 .text.z_impl_k_sem_reset
                0x000000000800e1fc       0x44 zephyr/kernel/libkernel.a(sem.c.obj)
                0x000000000800e1fc                z_impl_k_sem_reset
 .text.work_queue_main
                0x000000000800e240      0x138 zephyr/kernel/libkernel.a(work.c.obj)
 .text.submit_to_queue_locked
                0x000000000800e378       0xb0 zephyr/kernel/libkernel.a(work.c.obj)
 .text.k_work_submit
                0x000000000800e428        0xc zephyr/kernel/libkernel.a(work.c.obj)
                0x000000000800e428                k_work_submit
 .text.k_work_queue_start
                0x000000000800e434       0x70 zephyr/kernel/libkernel.a(work.c.obj)
                0x000000000800e434                k_work_queue_start
 .text.k_work_reschedule_for_queue
                0x000000000800e4a4       0x5c zephyr/kernel/libkernel.a(work.c.obj)
                0x000000000800e4a4                k_work_reschedule_for_queue
 .text.k_work_reschedule
                0x000000000800e500        0xc zephyr/kernel/libkernel.a(work.c.obj)
                0x000000000800e500                k_work_reschedule
 .text.sliceable
                0x000000000800e50c       0x3c zephyr/kernel/libkernel.a(sched.c.obj)
 .text.slice_timeout
                0x000000000800e548       0x20 zephyr/kernel/libkernel.a(sched.c.obj)
 .text.z_reset_time_slice
                0x000000000800e568       0x50 zephyr/kernel/libkernel.a(sched.c.obj)
                0x000000000800e568                z_reset_time_slice
 .text.update_cache
                0x000000000800e5b8       0x3c zephyr/kernel/libkernel.a(sched.c.obj)
 .text.move_thread_to_end_of_prio_q
                0x000000000800e5f4       0x74 zephyr/kernel/libkernel.a(sched.c.obj)
 .text.ready_thread
                0x000000000800e668       0x68 zephyr/kernel/libkernel.a(sched.c.obj)
 .text.unready_thread
                0x000000000800e6d0       0x30 zephyr/kernel/libkernel.a(sched.c.obj)
 .text.pend_locked
                0x000000000800e700       0x30 zephyr/kernel/libkernel.a(sched.c.obj)
 .text.z_thread_halt
                0x000000000800e730       0xa0 zephyr/kernel/libkernel.a(sched.c.obj)
 .text.z_time_slice
                0x000000000800e7d0       0x60 zephyr/kernel/libkernel.a(sched.c.obj)
                0x000000000800e7d0                z_time_slice
 .text.z_pend_curr
                0x000000000800e830       0x3c zephyr/kernel/libkernel.a(sched.c.obj)
                0x000000000800e830                z_pend_curr
 .text.z_set_prio
                0x000000000800e86c       0x8c zephyr/kernel/libkernel.a(sched.c.obj)
                0x000000000800e86c                z_set_prio
 .text.z_reschedule
                0x000000000800e8f8       0x24 zephyr/kernel/libkernel.a(sched.c.obj)
                0x000000000800e8f8                z_reschedule
 .text.z_sched_start
                0x000000000800e91c       0x3c zephyr/kernel/libkernel.a(sched.c.obj)
                0x000000000800e91c                z_sched_start
 .text.k_sched_lock
                0x000000000800e958       0x28 zephyr/kernel/libkernel.a(sched.c.obj)
                0x000000000800e958                k_sched_lock
 .text.k_sched_unlock
                0x000000000800e980       0x38 zephyr/kernel/libkernel.a(sched.c.obj)
                0x000000000800e980                k_sched_unlock
 .text.z_sched_init
                0x000000000800e9b8       0x10 zephyr/kernel/libkernel.a(sched.c.obj)
                0x000000000800e9b8                z_sched_init
 .text.z_impl_k_yield
                0x000000000800e9c8       0x7c zephyr/kernel/libkernel.a(sched.c.obj)
                0x000000000800e9c8                z_impl_k_yield
 .text.z_tick_sleep
                0x000000000800ea44       0x88 zephyr/kernel/libkernel.a(sched.c.obj)
 .text.z_impl_k_sleep
                0x000000000800eacc       0x30 zephyr/kernel/libkernel.a(sched.c.obj)
                0x000000000800eacc                z_impl_k_sleep
 .text.z_impl_k_sched_current_thread_query
                0x000000000800eafc        0xc zephyr/kernel/libkernel.a(sched.c.obj)
                0x000000000800eafc                z_impl_k_sched_current_thread_query
 .text.z_sched_wait
                0x000000000800eb08       0x24 zephyr/kernel/libkernel.a(sched.c.obj)
                0x000000000800eb08                z_sched_wait
 .text.z_impl_k_condvar_signal
                0x000000000800eb2c       0x3c zephyr/kernel/libkernel.a(condvar.c.obj)
                0x000000000800eb2c                z_impl_k_condvar_signal
 .text.z_impl_k_condvar_wait
                0x000000000800eb68       0x4c zephyr/kernel/libkernel.a(condvar.c.obj)
                0x000000000800eb68                z_impl_k_condvar_wait
 .text.z_data_copy
                0x000000000800ebb4       0x4c zephyr/kernel/libkernel.a(xip.c.obj)
                0x000000000800ebb4                z_data_copy
 .text.elapsed  0x000000000800ec00       0x14 zephyr/kernel/libkernel.a(timeout.c.obj)
 .text.next_timeout
                0x000000000800ec14       0x40 zephyr/kernel/libkernel.a(timeout.c.obj)
 .text.remove_timeout
                0x000000000800ec54       0x38 zephyr/kernel/libkernel.a(timeout.c.obj)
 .text.timeout_rem
                0x000000000800ec8c       0x48 zephyr/kernel/libkernel.a(timeout.c.obj)
 .text.z_add_timeout
                0x000000000800ecd4       0xec zephyr/kernel/libkernel.a(timeout.c.obj)
                0x000000000800ecd4                z_add_timeout
 .text.sys_clock_announce
                0x000000000800edc0       0xd8 zephyr/kernel/libkernel.a(timeout.c.obj)
                0x000000000800edc0                sys_clock_announce
 .text.sys_clock_tick_get
                0x000000000800ee98       0x34 zephyr/kernel/libkernel.a(timeout.c.obj)
                0x000000000800ee98                sys_clock_tick_get
 .text.z_timer_expiration_handler
                0x000000000800eecc       0xe4 zephyr/kernel/libkernel.a(timer.c.obj)
                0x000000000800eecc                z_timer_expiration_handler
 .text.z_impl_k_timer_start
                0x000000000800efb0       0x74 zephyr/kernel/libkernel.a(timer.c.obj)
                0x000000000800efb0                z_impl_k_timer_start
 .text.z_impl_k_poll
                0x000000000800f024       0xb8 zephyr/kernel/libkernel.a(poll.c.obj)
                0x000000000800f024                z_impl_k_poll
 .text.k_aligned_alloc
                0x000000000800f0dc       0x10 zephyr/kernel/libkernel.a(mempool.c.obj)
                0x000000000800f0dc                k_aligned_alloc
 .text.k_thread_system_pool_assign
                0x000000000800f0ec        0xc zephyr/kernel/libkernel.a(mempool.c.obj)
                0x000000000800f0ec                k_thread_system_pool_assign
 .text.z_thread_aligned_alloc
                0x000000000800f0f8       0x30 zephyr/kernel/libkernel.a(mempool.c.obj)
                0x000000000800f0f8                z_thread_aligned_alloc
 .text.boot_banner
                0x000000000800f128        0xc zephyr/kernel/libkernel.a(banner.c.obj)
                0x000000000800f128                boot_banner
 .text.k_sys_work_q_init
                0x000000000800f134       0x34 zephyr/kernel/libkernel.a(system_work_q.c.obj)
 .text.strncasecmp
                0x000000000800f168       0x44 /Users/olaoren/zephyr-sdk-0.16.3/arm-zephyr-eabi/bin/../lib/gcc/../../picolibc/arm-zephyr-eabi/lib/thumb/v7e-m/nofp/libc.a(libc_string_strncasecmp.c.o)
                0x000000000800f168                strncasecmp
 .text.snprintf
                0x000000000800f1ac       0x58 /Users/olaoren/zephyr-sdk-0.16.3/arm-zephyr-eabi/bin/../lib/gcc/../../picolibc/arm-zephyr-eabi/lib/thumb/v7e-m/nofp/libc.a(libc_tinystdio_snprintf.c.o)
                0x000000000800f1ac                snprintf
 .text.strtol   0x000000000800f204       0xe0 /Users/olaoren/zephyr-sdk-0.16.3/arm-zephyr-eabi/bin/../lib/gcc/../../picolibc/arm-zephyr-eabi/lib/thumb/v7e-m/nofp/libc.a(libc_tinystdio_strtol.c.o)
                0x000000000800f204                strtol
 .text.__i_vfprintf
                0x000000000800f2e4      0x490 /Users/olaoren/zephyr-sdk-0.16.3/arm-zephyr-eabi/bin/../lib/gcc/../../picolibc/arm-zephyr-eabi/lib/thumb/v7e-m/nofp/libc.a(libc_tinystdio_vfiprintf.c.o)
                0x000000000800f2e4                __i_vfprintf
 .text._OffsetAbsSyms
                0x000000000800f774        0x2 zephyr/CMakeFiles/offsets.dir/./arch/arm/core/offsets/offsets.c.obj
                0x000000000800f774                _OffsetAbsSyms
 .text.gpio_pin_configure_dt.constprop.0.isra.0
                0x000000000800f776       0x2c app/libapp.a(main.c.obj)
 .text.publish  0x000000000800f7a2       0x4a app/libapp.a(mqtt_client.c.obj)
                0x000000000800f7a2                publish
 .text.crc8     0x000000000800f7ec       0x54 zephyr/libzephyr.a(crc8_sw.c.obj)
                0x000000000800f7ec                crc8
 .text.cbpprintf_external
                0x000000000800f840       0x62 zephyr/libzephyr.a(cbprintf_packaged.c.obj)
                0x000000000800f840                cbpprintf_external
 .text.is_ptr   0x000000000800f8a2       0x4a zephyr/libzephyr.a(cbprintf_packaged.c.obj)
                0x000000000800f8a2                is_ptr
 .text.arch_printk_char_out
                0x000000000800f8ec        0x4 zephyr/libzephyr.a(printk.c.obj)
                0x000000000800f8ec                arch_printk_char_out
 .text.printk   0x000000000800f8f0       0x1a zephyr/libzephyr.a(printk.c.obj)
                0x000000000800f8f0                printk
 .text.chunk_field
                0x000000000800f90a       0x16 zephyr/libzephyr.a(heap.c.obj)
 .text.chunk_set
                0x000000000800f920       0x16 zephyr/libzephyr.a(heap.c.obj)
 .text.chunk_size
                0x000000000800f936        0xc zephyr/libzephyr.a(heap.c.obj)
 .text.set_chunk_used
                0x000000000800f942       0x30 zephyr/libzephyr.a(heap.c.obj)
 .text.set_chunk_size
                0x000000000800f972        0x8 zephyr/libzephyr.a(heap.c.obj)
 .text.mem_to_chunkid
                0x000000000800f97a       0x14 zephyr/libzephyr.a(heap.c.obj)
 .text.bucket_idx.isra.0
                0x000000000800f98e       0x1e zephyr/libzephyr.a(heap.c.obj)
 .text.free_list_remove_bidx
                0x000000000800f9ac       0x5c zephyr/libzephyr.a(heap.c.obj)
 .text.free_list_remove
                0x000000000800fa08       0x2e zephyr/libzephyr.a(heap.c.obj)
 .text.alloc_chunk
                0x000000000800fa36       0x74 zephyr/libzephyr.a(heap.c.obj)
 .text.split_chunks
                0x000000000800faaa       0x4e zephyr/libzephyr.a(heap.c.obj)
 .text.merge_chunks
                0x000000000800faf8       0x3c zephyr/libzephyr.a(heap.c.obj)
 .text.free_list_add
                0x000000000800fb34       0x84 zephyr/libzephyr.a(heap.c.obj)
 .text.free_chunk
                0x000000000800fbb8       0x84 zephyr/libzephyr.a(heap.c.obj)
 .text.sys_heap_free
                0x000000000800fc3c       0x24 zephyr/libzephyr.a(heap.c.obj)
                0x000000000800fc3c                sys_heap_free
 .text.sys_heap_alloc
                0x000000000800fc60       0x70 zephyr/libzephyr.a(heap.c.obj)
                0x000000000800fc60                sys_heap_alloc
 .text.sys_heap_aligned_alloc
                0x000000000800fcd0       0xec zephyr/libzephyr.a(heap.c.obj)
                0x000000000800fcd0                sys_heap_aligned_alloc
 .text.sys_heap_init
                0x000000000800fdbc       0xb0 zephyr/libzephyr.a(heap.c.obj)
                0x000000000800fdbc                sys_heap_init
 .text.z_fdtable_call_ioctl.constprop.0
                0x000000000800fe6c       0x1e zephyr/libzephyr.a(fdtable.c.obj)
 .text.free_space
                0x000000000800fe8a       0x26 zephyr/libzephyr.a(mpsc_pbuf.c.obj)
 .text.get_usage
                0x000000000800feb0       0x22 zephyr/libzephyr.a(mpsc_pbuf.c.obj)
 .text.idx_inc  0x000000000800fed2       0x1c zephyr/libzephyr.a(mpsc_pbuf.c.obj)
 .text.rd_idx_inc
                0x000000000800feee       0x18 zephyr/libzephyr.a(mpsc_pbuf.c.obj)
 .text.add_skip_item
                0x000000000800ff06       0x3a zephyr/libzephyr.a(mpsc_pbuf.c.obj)
 .text.drop_item_locked
                0x000000000800ff40       0xee zephyr/libzephyr.a(mpsc_pbuf.c.obj)
 .text.post_drop_action
                0x000000000801002e       0x36 zephyr/libzephyr.a(mpsc_pbuf.c.obj)
 .text.max_utilization_update
                0x0000000008010064       0x1a zephyr/libzephyr.a(mpsc_pbuf.c.obj)
 .text.mpsc_pbuf_init
                0x000000000801007e       0x42 zephyr/libzephyr.a(mpsc_pbuf.c.obj)
                0x000000000801007e                mpsc_pbuf_init
 .text.mpsc_pbuf_alloc
                0x00000000080100c0       0xfc zephyr/libzephyr.a(mpsc_pbuf.c.obj)
                0x00000000080100c0                mpsc_pbuf_alloc
 .text.mpsc_pbuf_commit
                0x00000000080101bc       0x40 zephyr/libzephyr.a(mpsc_pbuf.c.obj)
                0x00000000080101bc                mpsc_pbuf_commit
 .text.mpsc_pbuf_claim
                0x00000000080101fc       0xa4 zephyr/libzephyr.a(mpsc_pbuf.c.obj)
                0x00000000080101fc                mpsc_pbuf_claim
 .text.mpsc_pbuf_free
                0x00000000080102a0       0x78 zephyr/libzephyr.a(mpsc_pbuf.c.obj)
                0x00000000080102a0                mpsc_pbuf_free
 .text.mpsc_pbuf_is_pending
                0x0000000008010318       0x1a zephyr/libzephyr.a(mpsc_pbuf.c.obj)
                0x0000000008010318                mpsc_pbuf_is_pending
 .text._ConfigAbsSyms
                0x0000000008010332        0x2 zephyr/libzephyr.a(configs.c.obj)
                0x0000000008010332                _ConfigAbsSyms
 .text.HAL_GetTick
                0x0000000008010334       0x10 zephyr/libzephyr.a(stm32cube_hal.c.obj)
                0x0000000008010334                HAL_GetTick
 .text.st_stm32_common_config
                0x0000000008010344        0xa zephyr/libzephyr.a(soc_config.c.obj)
 .text.log_msg_generic_get_wlen
                0x000000000801034e       0x20 zephyr/libzephyr.a(log_core.c.obj)
 .text.dummy_timestamp
                0x000000000801036e        0x4 zephyr/libzephyr.a(log_core.c.obj)
 .text.atomic_inc
                0x0000000008010372       0x1a zephyr/libzephyr.a(log_core.c.obj)
 .text.default_lf_get_timestamp
                0x000000000801038c       0x10 zephyr/libzephyr.a(log_core.c.obj)
 .text.z_log_vprintk
                0x000000000801039c       0x1c zephyr/libzephyr.a(log_core.c.obj)
                0x000000000801039c                z_log_vprintk
 .text.z_log_notify_drop
                0x00000000080103b8        0x6 zephyr/libzephyr.a(log_core.c.obj)
 .text.z_log_get_tag
                0x00000000080103be        0x4 zephyr/libzephyr.a(log_core.c.obj)
                0x00000000080103be                z_log_get_tag
 .text.z_cbprintf_cpy
                0x00000000080103c2       0x2c zephyr/libzephyr.a(log_msg.c.obj)
 .text.z_log_msg_finalize
                0x00000000080103ee       0x32 zephyr/libzephyr.a(log_msg.c.obj)
                0x00000000080103ee                z_log_msg_finalize
 .text.z_log_msg_simple_create
                0x0000000008010420       0x6e zephyr/libzephyr.a(log_msg.c.obj)
 .text.z_impl_z_log_msg_simple_create_0
                0x000000000801048e       0x12 zephyr/libzephyr.a(log_msg.c.obj)
                0x000000000801048e                z_impl_z_log_msg_simple_create_0
 .text.z_impl_z_log_msg_simple_create_1
                0x00000000080104a0       0x14 zephyr/libzephyr.a(log_msg.c.obj)
                0x00000000080104a0                z_impl_z_log_msg_simple_create_1
 .text.z_impl_z_log_msg_simple_create_2
                0x00000000080104b4       0x18 zephyr/libzephyr.a(log_msg.c.obj)
                0x00000000080104b4                z_impl_z_log_msg_simple_create_2
 .text.buffer_write
                0x00000000080104cc       0x1a zephyr/libzephyr.a(log_output.c.obj)
 .text.log_output_flush
                0x00000000080104e6       0x1a zephyr/libzephyr.a(log_output.c.obj)
                0x00000000080104e6                log_output_flush
 .text.out_func
                0x0000000008010500       0x36 zephyr/libzephyr.a(log_output.c.obj)
 .text.cr_out_func
                0x0000000008010536       0x1c zephyr/libzephyr.a(log_output.c.obj)
 .text.format_set
                0x0000000008010552        0xc zephyr/libzephyr.a(log_backend_uart.c.obj)
 .text.log_backend_uart_init
                0x000000000801055e        0xc zephyr/libzephyr.a(log_backend_uart.c.obj)
 .text.panic    0x000000000801056a       0x10 zephyr/libzephyr.a(log_backend_uart.c.obj)
 .text.dropped  0x000000000801057a        0xa zephyr/libzephyr.a(log_backend_uart.c.obj)
 .text.process  0x0000000008010584       0x1e zephyr/libzephyr.a(log_backend_uart.c.obj)
 .text.inet_is_supported
                0x00000000080105a2        0xc zephyr/libzephyr.a(sockets.c.obj)
 .text.z_fdtable_call_ioctl
                0x00000000080105ae       0x1e zephyr/libzephyr.a(sockets.c.obj)
 .text.zsock_connected_cb
                0x00000000080105cc       0x12 zephyr/libzephyr.a(sockets.c.obj)
 .text.get_sock_vtable
                0x00000000080105de       0x16 zephyr/libzephyr.a(sockets.c.obj)
 .text.k_mutex_lock.constprop.0.isra.0
                0x00000000080105f4        0x4 zephyr/libzephyr.a(sockets.c.obj)
 .text.k_mutex_unlock.isra.0
                0x00000000080105f8        0x4 zephyr/libzephyr.a(sockets.c.obj)
 .text.zsock_received_cb
                0x00000000080105fc       0x7e zephyr/libzephyr.a(sockets.c.obj)
 .text.zsock_flush_queue
                0x000000000801067a       0x3e zephyr/libzephyr.a(sockets.c.obj)
 .text.zsock_recv_stream_immediate
                0x00000000080106b8       0xf8 zephyr/libzephyr.a(sockets.c.obj)
 .text.sock_close_vmeth
                0x00000000080107b0        0x4 zephyr/libzephyr.a(sockets.c.obj)
 .text.sock_shutdown_vmeth
                0x00000000080107b4        0x4 zephyr/libzephyr.a(sockets.c.obj)
 .text.sock_bind_vmeth
                0x00000000080107b8        0x4 zephyr/libzephyr.a(sockets.c.obj)
 .text.sock_connect_vmeth
                0x00000000080107bc        0x4 zephyr/libzephyr.a(sockets.c.obj)
 .text.sock_listen_vmeth
                0x00000000080107c0        0x4 zephyr/libzephyr.a(sockets.c.obj)
 .text.sock_sendto_vmeth
                0x00000000080107c4        0x4 zephyr/libzephyr.a(sockets.c.obj)
 .text.sock_write_vmeth
                0x00000000080107c8       0x12 zephyr/libzephyr.a(sockets.c.obj)
 .text.sock_sendmsg_vmeth
                0x00000000080107da        0x4 zephyr/libzephyr.a(sockets.c.obj)
 .text.sock_accept_vmeth
                0x00000000080107de        0x4 zephyr/libzephyr.a(sockets.c.obj)
 .text.sock_recvfrom_vmeth
                0x00000000080107e2        0x4 zephyr/libzephyr.a(sockets.c.obj)
 .text.sock_read_vmeth
                0x00000000080107e6       0x12 zephyr/libzephyr.a(sockets.c.obj)
 .text.z_impl_zsock_poll
                0x00000000080107f8       0x14 zephyr/libzephyr.a(sockets.c.obj)
                0x00000000080107f8                z_impl_zsock_poll
 .text.z_impl_zsock_inet_pton
                0x000000000801080c        0xe zephyr/libzephyr.a(sockets.c.obj)
                0x000000000801080c                z_impl_zsock_inet_pton
 .text.sock_getsockopt_vmeth
                0x000000000801081a        0x4 zephyr/libzephyr.a(sockets.c.obj)
 .text.sock_setsockopt_vmeth
                0x000000000801081e        0x4 zephyr/libzephyr.a(sockets.c.obj)
 .text.sock_getpeername_vmeth
                0x0000000008010822        0x4 zephyr/libzephyr.a(sockets.c.obj)
 .text.sock_getsockname_vmeth
                0x0000000008010826        0x4 zephyr/libzephyr.a(sockets.c.obj)
 .text.z_do_kernel_oops
                0x000000000801082a        0x8 zephyr/arch/arch/arm/core/libarch__arm__core.a(fatal.c.obj)
                0x000000000801082a                z_do_kernel_oops
 .text.z_arm_nmi
                0x0000000008010832        0xe zephyr/arch/arch/arm/core/libarch__arm__core.a(nmi.c.obj)
                0x0000000008010832                z_arm_nmi
 .text.z_log_msg_simple_create_0.constprop.0
                0x0000000008010840        0x8 zephyr/arch/arch/arm/core/cortex_m/libarch__arm__core__cortex_m.a(fault.c.obj)
 .text.z_irq_spurious
                0x0000000008010848        0x8 zephyr/arch/arch/arm/core/cortex_m/libarch__arm__core__cortex_m.a(irq_manage.c.obj)
                0x0000000008010848                z_irq_spurious
 .text.size_to_mpu_rasr_size
                0x0000000008010850       0x20 zephyr/arch/arch/arm/core/mpu/libarch__arm__core__mpu.a(arm_mpu.c.obj)
 .text.cbputc   0x0000000008010870        0xc zephyr/lib/libc/picolibc/liblib__libc__picolibc.a(libc-hooks.c.obj)
 .text.picolibc_put
                0x000000000801087c        0xa zephyr/lib/libc/picolibc/liblib__libc__picolibc.a(libc-hooks.c.obj)
 .text.fixed_data_unref
                0x0000000008010886        0x2 zephyr/subsys/net/libsubsys__net.a(buf.c.obj)
 .text.net_buf_alloc_fixed
                0x0000000008010888        0xa zephyr/subsys/net/libsubsys__net.a(buf.c.obj)
                0x0000000008010888                net_buf_alloc_fixed
 .text.net_buf_frag_last
                0x0000000008010892        0xc zephyr/subsys/net/libsubsys__net.a(buf.c.obj)
                0x0000000008010892                net_buf_frag_last
 .text.net_buf_frag_insert
                0x000000000801089e       0x16 zephyr/subsys/net/libsubsys__net.a(buf.c.obj)
                0x000000000801089e                net_buf_frag_insert
 .text.net_buf_simple_add
                0x00000000080108b4        0xc zephyr/subsys/net/libsubsys__net.a(buf_simple.c.obj)
                0x00000000080108b4                net_buf_simple_add
 .text.net_buf_simple_pull
                0x00000000080108c0       0x10 zephyr/subsys/net/libsubsys__net.a(buf_simple.c.obj)
                0x00000000080108c0                net_buf_simple_pull
 .text.net_buf_simple_max_len
                0x00000000080108d0        0xe zephyr/subsys/net/libsubsys__net.a(buf_simple.c.obj)
                0x00000000080108d0                net_buf_simple_max_len
 .text.net_ipv4_is_addr_mcast
                0x00000000080108de       0x10 zephyr/subsys/net/l2/ethernet/libsubsys__net__l2__ethernet.a(ethernet.c.obj)
 .text.ethernet_flags
                0x00000000080108ee        0x8 zephyr/subsys/net/l2/ethernet/libsubsys__net__l2__ethernet.a(ethernet.c.obj)
                0x00000000080108ee                ethernet_flags
 .text.ethernet_enable
                0x00000000080108f6       0x34 zephyr/subsys/net/l2/ethernet/libsubsys__net__l2__ethernet.a(ethernet.c.obj)
 .text.net_eth_is_addr_broadcast
                0x000000000801092a       0x2e zephyr/subsys/net/l2/ethernet/libsubsys__net__l2__ethernet.a(ethernet.c.obj)
 .text.carrier_on_off
                0x0000000008010958       0x32 zephyr/subsys/net/l2/ethernet/libsubsys__net__l2__ethernet.a(ethernet.c.obj)
 .text.ethernet_recv
                0x000000000801098a      0x148 zephyr/subsys/net/l2/ethernet/libsubsys__net__l2__ethernet.a(ethernet.c.obj)
 .text.net_eth_ipv4_mcast_to_mac_addr
                0x0000000008010ad2       0x20 zephyr/subsys/net/l2/ethernet/libsubsys__net__l2__ethernet.a(ethernet.c.obj)
                0x0000000008010ad2                net_eth_ipv4_mcast_to_mac_addr
 .text.net_eth_carrier_on
                0x0000000008010af2       0x28 zephyr/subsys/net/l2/ethernet/libsubsys__net__l2__ethernet.a(ethernet.c.obj)
                0x0000000008010af2                net_eth_carrier_on
 .text.net_eth_carrier_off
                0x0000000008010b1a       0x28 zephyr/subsys/net/l2/ethernet/libsubsys__net__l2__ethernet.a(ethernet.c.obj)
                0x0000000008010b1a                net_eth_carrier_off
 .text.sys_slist_prepend
                0x0000000008010b42        0xe zephyr/subsys/net/l2/ethernet/libsubsys__net__l2__ethernet.a(arp.c.obj)
 .text.sys_slist_remove
                0x0000000008010b50       0x20 zephyr/subsys/net/l2/ethernet/libsubsys__net__l2__ethernet.a(arp.c.obj)
 .text.k_uptime_get_32
                0x0000000008010b70       0x10 zephyr/subsys/net/l2/ethernet/libsubsys__net__l2__ethernet.a(arp.c.obj)
 .text.arp_entry_cleanup
                0x0000000008010b80       0x2e zephyr/subsys/net/l2/ethernet/libsubsys__net__l2__ethernet.a(arp.c.obj)
 .text.k_mutex_lock.constprop.0.isra.0
                0x0000000008010bae        0x4 zephyr/subsys/net/l2/ethernet/libsubsys__net__l2__ethernet.a(arp.c.obj)
 .text.if_get_addr.isra.0
                0x0000000008010bb2       0x28 zephyr/subsys/net/l2/ethernet/libsubsys__net__l2__ethernet.a(arp.c.obj)
 .text.arp_entry_find.isra.0
                0x0000000008010bda       0x1c zephyr/subsys/net/l2/ethernet/libsubsys__net__l2__ethernet.a(arp.c.obj)
 .text.k_mutex_unlock.isra.0
                0x0000000008010bf6        0x4 zephyr/subsys/net/l2/ethernet/libsubsys__net__l2__ethernet.a(arp.c.obj)
 .text.net_arp_input
                0x0000000008010bfa      0x1f4 zephyr/subsys/net/l2/ethernet/libsubsys__net__l2__ethernet.a(arp.c.obj)
                0x0000000008010bfa                net_arp_input
 .text.processing_data
                0x0000000008010dee       0x66 zephyr/subsys/net/ip/libsubsys__net__ip.a(net_core.c.obj)
 .text.net_init
                0x0000000008010e54       0x36 zephyr/subsys/net/ip/libsubsys__net__ip.a(net_core.c.obj)
 .text.net_send_data
                0x0000000008010e8a       0xf4 zephyr/subsys/net/ip/libsubsys__net__ip.a(net_core.c.obj)
                0x0000000008010e8a                net_send_data
 .text.net_process_rx_packet
                0x0000000008010f7e        0xc zephyr/subsys/net/ip/libsubsys__net__ip.a(net_core.c.obj)
                0x0000000008010f7e                net_process_rx_packet
 .text.net_recv_data
                0x0000000008010f8a       0x6c zephyr/subsys/net/ip/libsubsys__net__ip.a(net_core.c.obj)
                0x0000000008010f8a                net_recv_data
 .text.net_if_l2
                0x0000000008010ff6        0xa zephyr/subsys/net/ip/libsubsys__net__ip.a(net_if.c.obj)
 .text.net_context_send_cb
                0x0000000008011000       0x14 zephyr/subsys/net/ip/libsubsys__net__ip.a(net_if.c.obj)
 .text.k_uptime_get_32
                0x0000000008011014       0x10 zephyr/subsys/net/ip/libsubsys__net__ip.a(net_if.c.obj)
 .text.atomic_clear_bit
                0x0000000008011024       0x28 zephyr/subsys/net/ip/libsubsys__net__ip.a(net_if.c.obj)
 .text.k_mutex_lock.constprop.0.isra.0
                0x000000000801104c        0x4 zephyr/subsys/net/ip/libsubsys__net__ip.a(net_if.c.obj)
 .text.net_if_lock